Archive member included because of file (symbol)

/usr/bin/../lib/gcc/arm-none-eabi/4.9.3/../../../../arm-none-eabi/lib/armv7-m/libm.a(lib_a-w_pow.o)
                              iotnode.co (pow)
/usr/bin/../lib/gcc/arm-none-eabi/4.9.3/../../../../arm-none-eabi/lib/armv7-m/libm.a(lib_a-e_pow.o)
                              /usr/bin/../lib/gcc/arm-none-eabi/4.9.3/../../../../arm-none-eabi/lib/armv7-m/libm.a(lib_a-w_pow.o) (__ieee754_pow)
/usr/bin/../lib/gcc/arm-none-eabi/4.9.3/../../../../arm-none-eabi/lib/armv7-m/libm.a(lib_a-e_sqrt.o)
                              /usr/bin/../lib/gcc/arm-none-eabi/4.9.3/../../../../arm-none-eabi/lib/armv7-m/libm.a(lib_a-e_pow.o) (__ieee754_sqrt)
/usr/bin/../lib/gcc/arm-none-eabi/4.9.3/../../../../arm-none-eabi/lib/armv7-m/libm.a(lib_a-s_fabs.o)
                              /usr/bin/../lib/gcc/arm-none-eabi/4.9.3/../../../../arm-none-eabi/lib/armv7-m/libm.a(lib_a-e_pow.o) (fabs)
/usr/bin/../lib/gcc/arm-none-eabi/4.9.3/../../../../arm-none-eabi/lib/armv7-m/libm.a(lib_a-s_finite.o)
                              /usr/bin/../lib/gcc/arm-none-eabi/4.9.3/../../../../arm-none-eabi/lib/armv7-m/libm.a(lib_a-w_pow.o) (finite)
/usr/bin/../lib/gcc/arm-none-eabi/4.9.3/../../../../arm-none-eabi/lib/armv7-m/libm.a(lib_a-s_fpclassify.o)
                              /usr/bin/../lib/gcc/arm-none-eabi/4.9.3/../../../../arm-none-eabi/lib/armv7-m/libm.a(lib_a-w_pow.o) (__fpclassifyd)
/usr/bin/../lib/gcc/arm-none-eabi/4.9.3/../../../../arm-none-eabi/lib/armv7-m/libm.a(lib_a-s_lib_ver.o)
                              /usr/bin/../lib/gcc/arm-none-eabi/4.9.3/../../../../arm-none-eabi/lib/armv7-m/libm.a(lib_a-w_pow.o) (__fdlib_version)
/usr/bin/../lib/gcc/arm-none-eabi/4.9.3/../../../../arm-none-eabi/lib/armv7-m/libm.a(lib_a-s_matherr.o)
                              /usr/bin/../lib/gcc/arm-none-eabi/4.9.3/../../../../arm-none-eabi/lib/armv7-m/libm.a(lib_a-w_pow.o) (matherr)
/usr/bin/../lib/gcc/arm-none-eabi/4.9.3/../../../../arm-none-eabi/lib/armv7-m/libm.a(lib_a-s_nan.o)
                              /usr/bin/../lib/gcc/arm-none-eabi/4.9.3/../../../../arm-none-eabi/lib/armv7-m/libm.a(lib_a-e_pow.o) (nan)
/usr/bin/../lib/gcc/arm-none-eabi/4.9.3/../../../../arm-none-eabi/lib/armv7-m/libm.a(lib_a-s_rint.o)
                              /usr/bin/../lib/gcc/arm-none-eabi/4.9.3/../../../../arm-none-eabi/lib/armv7-m/libm.a(lib_a-w_pow.o) (rint)
/usr/bin/../lib/gcc/arm-none-eabi/4.9.3/../../../../arm-none-eabi/lib/armv7-m/libm.a(lib_a-s_scalbn.o)
                              /usr/bin/../lib/gcc/arm-none-eabi/4.9.3/../../../../arm-none-eabi/lib/armv7-m/libm.a(lib_a-e_pow.o) (scalbn)
/usr/bin/../lib/gcc/arm-none-eabi/4.9.3/../../../../arm-none-eabi/lib/armv7-m/libm.a(lib_a-s_copysign.o)
                              /usr/bin/../lib/gcc/arm-none-eabi/4.9.3/../../../../arm-none-eabi/lib/armv7-m/libm.a(lib_a-s_scalbn.o) (copysign)
/usr/bin/../lib/gcc/arm-none-eabi/4.9.3/armv7-m/libgcc.a(_ashldi3.o)
                              obj_zoul/mmc.o (__aeabi_llsl)
/usr/bin/../lib/gcc/arm-none-eabi/4.9.3/armv7-m/libgcc.a(_arm_addsubdf3.o)
                              /usr/bin/../lib/gcc/arm-none-eabi/4.9.3/../../../../arm-none-eabi/lib/armv7-m/libm.a(lib_a-e_pow.o) (__aeabi_dsub)
/usr/bin/../lib/gcc/arm-none-eabi/4.9.3/armv7-m/libgcc.a(_arm_muldivdf3.o)
                              iotnode.co (__aeabi_dmul)
/usr/bin/../lib/gcc/arm-none-eabi/4.9.3/armv7-m/libgcc.a(_arm_cmpdf2.o)
                              /usr/bin/../lib/gcc/arm-none-eabi/4.9.3/../../../../arm-none-eabi/lib/armv7-m/libm.a(lib_a-w_pow.o) (__aeabi_dcmpeq)
/usr/bin/../lib/gcc/arm-none-eabi/4.9.3/armv7-m/libgcc.a(_arm_truncdfsf2.o)
                              iotnode.co (__aeabi_d2f)
/usr/bin/../lib/gcc/arm-none-eabi/4.9.3/armv7-m/libgcc.a(_arm_addsubsf3.o)
                              iotnode.co (__aeabi_fsub)
/usr/bin/../lib/gcc/arm-none-eabi/4.9.3/armv7-m/libgcc.a(_arm_muldivsf3.o)
                              iotnode.co (__aeabi_fdiv)
/usr/bin/../lib/gcc/arm-none-eabi/4.9.3/armv7-m/libgcc.a(_arm_cmpsf2.o)
                              iotnode.co (__aeabi_fcmplt)
/usr/bin/../lib/gcc/arm-none-eabi/4.9.3/armv7-m/libgcc.a(_arm_fixsfsi.o)
                              iotnode.co (__aeabi_f2iz)
/usr/bin/../lib/gcc/arm-none-eabi/4.9.3/armv7-m/libgcc.a(_aeabi_uldivmod.o)
                              obj_zoul/spi.o (__aeabi_uldivmod)
/usr/bin/../lib/gcc/arm-none-eabi/4.9.3/armv7-m/libgcc.a(bpabi.o)
                              /usr/bin/../lib/gcc/arm-none-eabi/4.9.3/armv7-m/libgcc.a(_aeabi_uldivmod.o) (__gnu_uldivmod_helper)
/usr/bin/../lib/gcc/arm-none-eabi/4.9.3/armv7-m/libgcc.a(_dvmd_tls.o)
                              /usr/bin/../lib/gcc/arm-none-eabi/4.9.3/armv7-m/libgcc.a(_aeabi_uldivmod.o) (__aeabi_ldiv0)
/usr/bin/../lib/gcc/arm-none-eabi/4.9.3/armv7-m/libgcc.a(_divdi3.o)
                              /usr/bin/../lib/gcc/arm-none-eabi/4.9.3/armv7-m/libgcc.a(bpabi.o) (__divdi3)
[...]
Memory Configuration

Name             Origin             Length             Attributes
FLASH_FW         0x00202000         0x0007dfd4         xr
FLASH_CCA        0x0027ffd4         0x0000002c         xr
NRSRAM           0x20000000         0x00004000         xrw
FRSRAM           0x20004000         0x00004000         xrw
*default*        0x00000000         0xffffffff

Linker script and memory map

LOAD obj_zoul/startup-gcc.o
LOAD obj_zoul/adc-sensors.o
LOAD obj_zoul/dht22.o
LOAD obj_zoul/uip-debug.o
LOAD obj_zoul/contiki-main.o
LOAD obj_zoul/leds.o
LOAD obj_zoul/cc1200-zoul-arch.o
LOAD obj_zoul/adc-zoul.o
LOAD obj_zoul/button-sensor.o
LOAD obj_zoul/zoul-sensors.o
LOAD obj_zoul/board.o
LOAD obj_zoul/antenna-sw.o
LOAD obj_zoul/mmc-arch.o
LOAD obj_zoul/rtcc.o
LOAD obj_zoul/leds-res-arch.o
LOAD obj_zoul/power-mgmt.o
LOAD obj_zoul/soc.o
LOAD obj_zoul/clock.o
LOAD obj_zoul/rtimer-arch.o
LOAD obj_zoul/uart.o
LOAD obj_zoul/watchdog.o
LOAD obj_zoul/nvic.o
LOAD obj_zoul/sys-ctrl.o
LOAD obj_zoul/gpio.o
LOAD obj_zoul/ioc.o
LOAD obj_zoul/spi.o
LOAD obj_zoul/adc.o
LOAD obj_zoul/crypto.o
LOAD obj_zoul/aes.o
LOAD obj_zoul/ecb.o
LOAD obj_zoul/cbc.o
LOAD obj_zoul/ctr.o
LOAD obj_zoul/cbc-mac.o
LOAD obj_zoul/gcm.o
LOAD obj_zoul/ccm.o
LOAD obj_zoul/sha256.o
LOAD obj_zoul/cc2538-aes-128.o
LOAD obj_zoul/cc2538-ccm-star.o
LOAD obj_zoul/cc2538-rf.o
LOAD obj_zoul/udma.o
LOAD obj_zoul/lpm.o
LOAD obj_zoul/pka.o
LOAD obj_zoul/bignum-driver.o
LOAD obj_zoul/ecc-driver.o
LOAD obj_zoul/ecc-algorithm.o
LOAD obj_zoul/ecc-curve.o
LOAD obj_zoul/dbg.o
LOAD obj_zoul/ieee-addr.o
LOAD obj_zoul/slip-arch.o
LOAD obj_zoul/slip.o
LOAD obj_zoul/i2c.o
LOAD obj_zoul/cc2538-temp-sensor.o
LOAD obj_zoul/vdd3-sensor.o
LOAD obj_zoul/cfs-coffee.o
LOAD obj_zoul/cfs-coffee-arch.o
LOAD obj_zoul/pwm.o
LOAD obj_zoul/dbg-printf.o
LOAD obj_zoul/dbg-snprintf.o
LOAD obj_zoul/dbg-sprintf.o
LOAD obj_zoul/strformat.o
LOAD obj_zoul/usb-core.o
LOAD obj_zoul/cdc-acm.o
LOAD obj_zoul/usb-arch.o
LOAD obj_zoul/usb-serial.o
LOAD obj_zoul/cdc-acm-descriptors.o
LOAD obj_zoul/arg.o
LOAD obj_zoul/autostart.o
LOAD obj_zoul/compower.o
LOAD obj_zoul/ctimer.o
LOAD obj_zoul/energest.o
LOAD obj_zoul/etimer.o
LOAD obj_zoul/mt.o
LOAD obj_zoul/process.o
LOAD obj_zoul/procinit.o
LOAD obj_zoul/rtimer.o
LOAD obj_zoul/stimer.o
LOAD obj_zoul/timer.o
LOAD obj_zoul/nullradio.o
LOAD obj_zoul/serial-line.o
LOAD obj_zoul/aes-128.o
LOAD obj_zoul/assert.o
LOAD obj_zoul/ccm-star.o
LOAD obj_zoul/crc16.o
LOAD obj_zoul/gcr.o
LOAD obj_zoul/ifft.o
LOAD obj_zoul/list.o
LOAD obj_zoul/me.o
LOAD obj_zoul/memb.o
LOAD obj_zoul/me_tabs.o
LOAD obj_zoul/mmem.o
LOAD obj_zoul/petsciiconv.o
LOAD obj_zoul/print-stats.o
LOAD obj_zoul/random.o
LOAD obj_zoul/ringbuf.o
LOAD obj_zoul/ringbufindex.o
LOAD obj_zoul/sensors.o
LOAD obj_zoul/settings.o
LOAD obj_zoul/trickle-timer.o
LOAD obj_zoul/sicslowpan.o
LOAD obj_zoul/uip6.o
LOAD obj_zoul/uip-ds6.o
LOAD obj_zoul/uip-ds6-nbr.o
LOAD obj_zoul/uip-ds6-route.o
LOAD obj_zoul/uip-icmp6.o
LOAD obj_zoul/uip-nd6.o
LOAD obj_zoul/websocket.o
LOAD obj_zoul/websocket-http-client.o
LOAD obj_zoul/dhcpc.o
LOAD obj_zoul/ip64-addr.o
LOAD obj_zoul/psock.o
LOAD obj_zoul/resolv.o
LOAD obj_zoul/simple-udp.o
LOAD obj_zoul/slipdev.o
LOAD obj_zoul/tcpip.o
LOAD obj_zoul/tcp-socket.o
LOAD obj_zoul/udp-socket.o
LOAD obj_zoul/uiplib.o
LOAD obj_zoul/uip-nameserver.o
LOAD obj_zoul/uip-packetqueue.o
LOAD obj_zoul/uip-split.o
LOAD obj_zoul/uip-udp-packet.o
LOAD obj_zoul/rpl.o
LOAD obj_zoul/rpl-dag.o
LOAD obj_zoul/rpl-dag-root.o
LOAD obj_zoul/rpl-ext-header.o
LOAD obj_zoul/rpl-icmp6.o
LOAD obj_zoul/rpl-mrhof.o
LOAD obj_zoul/rpl-nbr-policy.o
LOAD obj_zoul/rpl-ns.o
LOAD obj_zoul/rpl-of0.o
LOAD obj_zoul/rpl-timers.o
LOAD obj_zoul/ff.o
LOAD obj_zoul/syscall.o
LOAD obj_zoul/unicode.o
LOAD obj_zoul/diskio.o
LOAD obj_zoul/mmc.o
LOAD obj_zoul/syscalls.o
LOAD obj_zoul/mtarch.o
LOAD obj_zoul/linkaddr.o
LOAD obj_zoul/link-stats.o
LOAD obj_zoul/nbr-table.o
LOAD obj_zoul/net-debug.o
LOAD obj_zoul/netstack.o
LOAD obj_zoul/packetbuf.o
LOAD obj_zoul/queuebuf.o
LOAD obj_zoul/csma.o
LOAD obj_zoul/frame802154.o
LOAD obj_zoul/frame802154e-ie.o
LOAD obj_zoul/framer-802154.o
LOAD obj_zoul/framer-nullmac.o
LOAD obj_zoul/mac.o
LOAD obj_zoul/mac-sequence.o
LOAD obj_zoul/nordc.o
LOAD obj_zoul/nullmac.o
LOAD obj_zoul/nullrdc.o
LOAD obj_zoul/nullrdc-noframer.o
LOAD obj_zoul/phase.o
LOAD obj_zoul/contikimac.o
LOAD obj_zoul/contikimac-framer.o
LOAD obj_zoul/anti-replay.o
LOAD obj_zoul/ccm-star-packetbuf.o
LOAD obj_zoul/nullsec.o
LOAD obj_zoul/noncoresec.o
LOAD obj_zoul/cc1200-802154g-863-870-fsk-50kbps.o
LOAD obj_zoul/cc1200-868-fsk-1-2kbps.o
LOAD obj_zoul/cc1200.o
LOAD iotnode.co
LOAD /usr/bin/../lib/gcc/arm-none-eabi/4.9.3/../../../../arm-none-eabi/lib/armv7-m/libm.a
START GROUP
LOAD /usr/bin/../lib/gcc/arm-none-eabi/4.9.3/armv7-m/libgcc.a
LOAD /usr/bin/../lib/gcc/arm-none-eabi/4.9.3/../../../../arm-none-eabi/lib/armv7-m/libc.a
END GROUP

.text           0x00202000     0xdee6
                0x00202000                _text = .
 *(SORT(.vectors))
 .vectors       0x00202000      0x28c obj_zoul/startup-gcc.o
                0x00202000                vectors
 *(SORT(.text*))
 *fill*         0x0020228c        0x4 00000000
 .text.__ieee754_pow
                0x00202290      0xaa0 /usr/bin/../lib/gcc/arm-none-eabi/4.9.3/../../../../arm-none-eabi/lib/armv7-m/libm.a(lib_a-e_pow.o)
                0x00202290                __ieee754_pow
 .text.scalbn   0x00202d30       0xec /usr/bin/../lib/gcc/arm-none-eabi/4.9.3/../../../../arm-none-eabi/lib/armv7-m/libm.a(lib_a-s_scalbn.o)
                0x00202d30                scalbn
 .text.reset_handler
                0x00202e1c       0x40 obj_zoul/startup-gcc.o
                0x00202e1c                reset_handler
 .text.value    0x00202e5c       0x94 obj_zoul/adc-sensors.o
 .text.configure
                0x00202ef0       0x90 obj_zoul/adc-sensors.o
 .text.configure
                0x00202f80       0x5c obj_zoul/dht22.o
 .text.value    0x00202fdc      0x194 obj_zoul/dht22.o
 .text.dht22_read_all
                0x00203170       0x48 obj_zoul/dht22.o
                0x00203170                dht22_read_all
 .text.uip_debug_ipaddr_print
                0x002031b8       0xa0 obj_zoul/uip-debug.o
                0x002031b8                uip_debug_ipaddr_print
 .text.startup.main
                0x00203258      0x1b0 obj_zoul/contiki-main.o
                0x00203258                main
 .text.leds_init
                0x00203408       0x14 obj_zoul/leds.o
                0x00203408                leds_init
 .text.leds_on  0x0020341c       0x10 obj_zoul/leds.o
                0x0020341c                leds_on
 .text.leds_off
                0x0020342c       0x14 obj_zoul/leds.o
                0x0020342c                leds_off
 .text.value    0x00203440       0x38 obj_zoul/adc-zoul.o
 .text.configure
                0x00203478       0x8c obj_zoul/adc-zoul.o
 .text.value    0x00203504       0x20 obj_zoul/button-sensor.o
 .text.duration_exceeded_callback
                0x00203524       0x3c obj_zoul/button-sensor.o
 .text.config_user
                0x00203560       0xa0 obj_zoul/button-sensor.o
 .text.btn_callback
                0x00203600       0x5c obj_zoul/button-sensor.o
 .text.antenna_sw_config
                0x0020365c       0x30 obj_zoul/antenna-sw.o
                0x0020365c                antenna_sw_config
 .text.antenna_sw_get
                0x0020368c       0x1c obj_zoul/antenna-sw.o
                0x0020368c                antenna_sw_get
 .text.leds_arch_init
                0x002036a8       0x48 obj_zoul/leds-res-arch.o
                0x002036a8                leds_arch_init
 .text.leds_arch_set
                0x002036f0       0x44 obj_zoul/leds-res-arch.o
                0x002036f0                leds_arch_set
 .text.soc_get_rev
                0x00203734       0x18 obj_zoul/soc.o
                0x00203734                soc_get_rev
 .text.soc_get_sram_size
                0x0020374c       0x1c obj_zoul/soc.o
                0x0020374c                soc_get_sram_size
 .text.soc_print_info
                0x00203768       0x70 obj_zoul/soc.o
                0x00203768                soc_print_info
 .text.update_ticks
                0x002037d8       0x4c obj_zoul/clock.o
 .text.clock_init
                0x00203824       0x4c obj_zoul/clock.o
                0x00203824                clock_init
 .text.clock_time
                0x00203870       0x14 obj_zoul/clock.o
                0x00203870                clock_time
 .text.clock_seconds
                0x00203884       0x14 obj_zoul/clock.o
                0x00203884                clock_seconds
 .text.clock_delay_usec
                0x00203898       0x1c obj_zoul/clock.o
                0x00203898                clock_delay_usec
 .text.clock_adjust
                0x002038b4       0x20 obj_zoul/clock.o
                0x002038b4                clock_adjust
 .text.rtimer_arch_next_trigger
                0x002038d4        0xc obj_zoul/rtimer-arch.o
                0x002038d4                rtimer_arch_next_trigger
 .text.rtimer_arch_now
                0x002038e0       0x2c obj_zoul/rtimer-arch.o
                0x002038e0                rtimer_arch_now
 .text.rtimer_arch_schedule
                0x0020390c       0x58 obj_zoul/rtimer-arch.o
                0x0020390c                rtimer_arch_schedule
 .text.rtimer_isr
                0x00203964       0x2c obj_zoul/rtimer-arch.o
                0x00203964                rtimer_isr
 .text.permit_pm1
                0x00203990       0x24 obj_zoul/uart.o
 .text.uart_isr
                0x002039b4       0x64 obj_zoul/uart.o
 .text.uart_init
                0x00203a18      0x1b8 obj_zoul/uart.o
                0x00203a18                uart_init
 .text.uart_set_input
                0x00203bd0       0x10 obj_zoul/uart.o
                0x00203bd0                uart_set_input
 .text.uart_write_byte
                0x00203be0       0x1c obj_zoul/uart.o
                0x00203be0                uart_write_byte
 .text.watchdog_init
                0x00203bfc        0xc obj_zoul/watchdog.o
                0x00203bfc                watchdog_init
 .text.watchdog_start
                0x00203c08        0xc obj_zoul/watchdog.o
                0x00203c08                watchdog_start
 .text.watchdog_periodic
                0x00203c14       0x10 obj_zoul/watchdog.o
                0x00203c14                watchdog_periodic
 .text.nvic_init
                0x00203c24       0x10 obj_zoul/nvic.o
                0x00203c24                nvic_init
 .text.sys_ctrl_get_reset_cause
                0x00203c34       0x10 obj_zoul/sys-ctrl.o
                0x00203c34                sys_ctrl_get_reset_cause
 .text.sys_ctrl_get_reset_cause_str
                0x00203c44       0x14 obj_zoul/sys-ctrl.o
                0x00203c44                sys_ctrl_get_reset_cause_str
 .text.sys_ctrl_init
                0x00203c58       0x74 obj_zoul/sys-ctrl.o
                0x00203c58                sys_ctrl_init
 .text.sys_ctrl_get_sys_clock
                0x00203ccc       0x18 obj_zoul/sys-ctrl.o
                0x00203ccc                sys_ctrl_get_sys_clock
 .text.sys_ctrl_get_io_clock
                0x00203ce4       0x18 obj_zoul/sys-ctrl.o
                0x00203ce4                sys_ctrl_get_io_clock
 .text.gpio_register_callback
                0x00203cfc       0x10 obj_zoul/gpio.o
                0x00203cfc                gpio_register_callback
 .text.notify   0x00203d0c       0x30 obj_zoul/gpio.o
                0x00203d0c                notify
 .text.gpio_port_isr
                0x00203d3c       0x50 obj_zoul/gpio.o
 .text.gpio_init
                0x00203d8c       0x10 obj_zoul/gpio.o
                0x00203d8c                gpio_init
 .text.ioc_init
                0x00203d9c       0x1c obj_zoul/ioc.o
                0x00203d9c                ioc_init
 .text.ioc_set_over
                0x00203db8       0x14 obj_zoul/ioc.o
                0x00203db8                ioc_set_over
 .text.ioc_set_sel
                0x00203dcc       0x14 obj_zoul/ioc.o
                0x00203dcc                ioc_set_sel
 .text.adc_init
                0x00203de0       0x10 obj_zoul/adc.o
                0x00203de0                adc_init
 .text.adc_get  0x00203df0       0x78 obj_zoul/adc.o
                0x00203df0                adc_get
 .text.permit_pm1
                0x00203e68       0x10 obj_zoul/crypto.o
 .text.crypto_isr
                0x00203e78       0x28 obj_zoul/crypto.o
                0x00203e78                crypto_isr
 .text.crypto_enable
                0x00203ea0       0x20 obj_zoul/crypto.o
                0x00203ea0                crypto_enable
 .text.crypto_init
                0x00203ec0       0x3c obj_zoul/crypto.o
                0x00203ec0                crypto_init
 .text.crypto_disable
                0x00203efc       0x20 obj_zoul/crypto.o
                0x00203efc                crypto_disable
 .text.on       0x00203f1c       0x2c obj_zoul/cc2538-rf.o
 .text.off      0x00203f48       0x40 obj_zoul/cc2538-rf.o
 .text.set_channel
                0x00203f88       0x48 obj_zoul/cc2538-rf.o
 .text.channel_clear
                0x00203fd0       0x3c obj_zoul/cc2538-rf.o
 .text.receiving_packet
                0x0020400c       0x18 obj_zoul/cc2538-rf.o
 .text.pending_packet
                0x00204024       0x10 obj_zoul/cc2538-rf.o
 .text.get_value
                0x00204034      0x164 obj_zoul/cc2538-rf.o
 .text.prepare  0x00204198       0x64 obj_zoul/cc2538-rf.o
 .text.transmit
                0x002041fc       0x98 obj_zoul/cc2538-rf.o
 .text.set_frame_filtering
                0x00204294       0x18 obj_zoul/cc2538-rf.o
 .text.set_object
                0x002042ac       0x30 obj_zoul/cc2538-rf.o
 .text.read     0x002042dc       0xe4 obj_zoul/cc2538-rf.o
 .text.get_object
                0x002043c0      0x144 obj_zoul/cc2538-rf.o
 .text.set_poll_mode
                0x00204504       0x9c obj_zoul/cc2538-rf.o
 .text.set_value
                0x002045a0       0xe8 obj_zoul/cc2538-rf.o
 .text.init     0x00204688       0xc8 obj_zoul/cc2538-rf.o
 .text.process_thread_cc2538_rf_process
                0x00204750       0x90 obj_zoul/cc2538-rf.o
 .text.cc2538_rf_rx_tx_isr
                0x002047e0       0x24 obj_zoul/cc2538-rf.o
                0x002047e0                cc2538_rf_rx_tx_isr
 .text.cc2538_rf_err_isr
                0x00204804       0x28 obj_zoul/cc2538-rf.o
                0x00204804                cc2538_rf_err_isr
 .text.udma_init
                0x0020482c       0x34 obj_zoul/udma.o
                0x0020482c                udma_init
 .text.udma_set_channel_src
                0x00204860       0x10 obj_zoul/udma.o
                0x00204860                udma_set_channel_src
 .text.udma_set_channel_dst
                0x00204870       0x14 obj_zoul/udma.o
                0x00204870                udma_set_channel_dst
 .text.udma_set_channel_control_word
                0x00204884       0x14 obj_zoul/udma.o
                0x00204884                udma_set_channel_control_word
 .text.udma_channel_enable
                0x00204898       0x18 obj_zoul/udma.o
                0x00204898                udma_channel_enable
 .text.udma_channel_mask_set
                0x002048b0       0x18 obj_zoul/udma.o
                0x002048b0                udma_channel_mask_set
 .text.udma_channel_sw_request
                0x002048c8       0x18 obj_zoul/udma.o
                0x002048c8                udma_channel_sw_request
 .text.udma_channel_get_mode
                0x002048e0       0x1c obj_zoul/udma.o
                0x002048e0                udma_channel_get_mode
 .text.udma_isr
                0x002048fc       0x10 obj_zoul/udma.o
                0x002048fc                udma_isr
 .text.udma_err_isr
                0x0020490c        0xc obj_zoul/udma.o
                0x0020490c                udma_err_isr
 .text.select_32_mhz_xosc
                0x00204918       0x2c obj_zoul/lpm.o
 .text.lpm_exit
                0x00204944       0x34 obj_zoul/lpm.o
                0x00204944                lpm_exit
 .text.lpm_enter
                0x00204978       0xb0 obj_zoul/lpm.o
                0x00204978                lpm_enter
 .text.lpm_register_peripheral
                0x00204a28       0x20 obj_zoul/lpm.o
                0x00204a28                lpm_register_peripheral
 .text.lpm_init
                0x00204a48       0x24 obj_zoul/lpm.o
                0x00204a48                lpm_init
 .text.pka_isr  0x00204a6c       0x28 obj_zoul/pka.o
                0x00204a6c                pka_isr
 .text.ieee_addr_cpy_to
                0x00204a94       0x74 obj_zoul/ieee-addr.o
                0x00204a94                ieee_addr_cpy_to
 .text.printf   0x00204b08       0x20 obj_zoul/dbg-printf.o
                0x00204b08                printf
 .text.fill_space
                0x00204b28       0x34 obj_zoul/strformat.o
 .text.format_str_v
                0x00204b5c      0x6e8 obj_zoul/strformat.o
                0x00204b5c                format_str_v
 .text.process_thread_ctimer_process
                0x00205244       0x80 obj_zoul/ctimer.o
 .text.ctimer_init
                0x002052c4       0x28 obj_zoul/ctimer.o
                0x002052c4                ctimer_init
 .text.ctimer_set_with_process
                0x002052ec       0x44 obj_zoul/ctimer.o
                0x002052ec                ctimer_set_with_process
 .text.ctimer_set
                0x00205330       0x14 obj_zoul/ctimer.o
                0x00205330                ctimer_set
 .text.ctimer_reset
                0x00205344       0x38 obj_zoul/ctimer.o
                0x00205344                ctimer_reset
 .text.ctimer_restart
                0x0020537c       0x38 obj_zoul/ctimer.o
                0x0020537c                ctimer_restart
 .text.ctimer_stop
                0x002053b4       0x2c obj_zoul/ctimer.o
                0x002053b4                ctimer_stop
 .text.update_time
                0x002053e0       0x44 obj_zoul/etimer.o
 .text.etimer_request_poll
                0x00205424        0xc obj_zoul/etimer.o
                0x00205424                etimer_request_poll
 .text.process_thread_etimer_process
                0x00205430       0x94 obj_zoul/etimer.o
 .text.add_timer
                0x002054c4       0x40 obj_zoul/etimer.o
 .text.etimer_pending
                0x00205504       0x10 obj_zoul/etimer.o
                0x00205504                etimer_pending
 .text.etimer_stop
                0x00205514       0x34 obj_zoul/etimer.o
                0x00205514                etimer_stop
 .text.call_process.part.0
                0x00205548       0x38 obj_zoul/process.o
 .text.exit_process
                0x00205580       0x80 obj_zoul/process.o
 .text.do_poll  0x00205600       0x30 obj_zoul/process.o
 .text.process_alloc_event
                0x00205630       0x10 obj_zoul/process.o
                0x00205630                process_alloc_event
 .text.process_init
                0x00205640       0x30 obj_zoul/process.o
                0x00205640                process_init
 .text.process_run
                0x00205670       0x84 obj_zoul/process.o
                0x00205670                process_run
 .text.process_nevents
                0x002056f4       0x14 obj_zoul/process.o
                0x002056f4                process_nevents
 .text.process_post
                0x00205708       0x3c obj_zoul/process.o
                0x00205708                process_post
 .text.process_post_synch
                0x00205744       0x14 obj_zoul/process.o
                0x00205744                process_post_synch
 .text.process_start
                0x00205758       0x30 obj_zoul/process.o
                0x00205758                process_start
 .text.process_poll
                0x00205788       0x18 obj_zoul/process.o
                0x00205788                process_poll
 .text.rtimer_run_next
                0x002057a0       0x28 obj_zoul/rtimer.o
                0x002057a0                rtimer_run_next
 .text.stimer_expired
                0x002057c8       0x20 obj_zoul/stimer.o
                0x002057c8                stimer_expired
 .text.process_thread_serial_line_process
                0x002057e8       0x98 obj_zoul/serial-line.o
 .text.serial_line_input_byte
                0x00205880       0x44 obj_zoul/serial-line.o
                0x00205880                serial_line_input_byte
 .text.serial_line_init
                0x002058c4       0x24 obj_zoul/serial-line.o
                0x002058c4                serial_line_init
 .text.random_rand
                0x002058e8       0x20 obj_zoul/random.o
                0x002058e8                random_rand
 .text.random_init
                0x00205908       0x78 obj_zoul/random.o
                0x00205908                random_init
 .text.process_thread_sensors_process
                0x00205980       0xd4 obj_zoul/sensors.o
 .text.sensors_changed
                0x00205a54       0x38 obj_zoul/sensors.o
                0x00205a54                sensors_changed
 .text.clear_fragments
                0x00205a8c       0x3c obj_zoul/sicslowpan.o
 .text.sicslowpan_init
                0x00205ac8       0x24 obj_zoul/sicslowpan.o
                0x00205ac8                sicslowpan_init
 .text.compress_addr_64
                0x00205aec       0x90 obj_zoul/sicslowpan.o
 .text.set_packet_attrs
                0x00205b7c       0x44 obj_zoul/sicslowpan.o
 .text.addr_context_lookup_by_prefix
                0x00205bc0       0x28 obj_zoul/sicslowpan.o
 .text.send_packet
                0x00205be8       0x24 obj_zoul/sicslowpan.o
 .text.packet_sent
                0x00205c0c       0x28 obj_zoul/sicslowpan.o
 .text.store_fragment
                0x00205c34       0x58 obj_zoul/sicslowpan.o
 .text.uncompress_addr
                0x00205c8c       0xa4 obj_zoul/sicslowpan.o
 .text.output   0x00205d30      0x6a0 obj_zoul/sicslowpan.o
 .text.add_fragment
                0x002063d0      0x124 obj_zoul/sicslowpan.o
 .text.input    0x002064f4      0x5ac obj_zoul/sicslowpan.o
 .text.upper_layer_chksum
                0x00206aa0       0x54 obj_zoul/uip6.o
 .text.ext_hdr_options_process
                0x00206af4       0xac obj_zoul/uip6.o
 .text.uip_add32
                0x00206ba0       0x54 obj_zoul/uip6.o
                0x00206ba0                uip_add32
 .text.unlikely.uip_add_rcv_nxt
                0x00206bf4       0x2c obj_zoul/uip6.o
 .text.uip_init
                0x00206c20       0x5c obj_zoul/uip6.o
                0x00206c20                uip_init
 .text.remove_ext_hdr
                0x00206c7c       0x5c obj_zoul/uip6.o
                0x00206c7c                remove_ext_hdr
 .text.uip_udp_new
                0x00206cd8       0x88 obj_zoul/uip6.o
                0x00206cd8                uip_udp_new
 .text.uip_unlisten
                0x00206d60       0x20 obj_zoul/uip6.o
                0x00206d60                uip_unlisten
 .text.uip_process
                0x00206d80      0xd50 obj_zoul/uip6.o
                0x00206d80                uip_process
 .text.uip_ds6_prefix_add
                0x00207ad0       0x64 obj_zoul/uip-ds6.o
                0x00207ad0                uip_ds6_prefix_add
 .text.uip_ds6_is_addr_onlink
                0x00207b34       0x40 obj_zoul/uip-ds6.o
                0x00207b34                uip_ds6_is_addr_onlink
 .text.uip_ds6_addr_lookup
                0x00207b74       0x2c obj_zoul/uip-ds6.o
                0x00207b74                uip_ds6_addr_lookup
 .text.uip_ds6_get_link_local
                0x00207ba0       0x40 obj_zoul/uip-ds6.o
                0x00207ba0                uip_ds6_get_link_local
 .text.uip_ds6_maddr_add
                0x00207be0       0x4c obj_zoul/uip-ds6.o
                0x00207be0                uip_ds6_maddr_add
 .text.uip_ds6_addr_add
                0x00207c2c       0x94 obj_zoul/uip-ds6.o
                0x00207c2c                uip_ds6_addr_add
 .text.uip_ds6_maddr_lookup
                0x00207cc0       0x2c obj_zoul/uip-ds6.o
                0x00207cc0                uip_ds6_maddr_lookup
 .text.uip_ds6_addr_rm
                0x00207cec       0x44 obj_zoul/uip-ds6.o
                0x00207cec                uip_ds6_addr_rm
 .text.uip_ds6_periodic
                0x00207d30       0x4c obj_zoul/uip-ds6.o
                0x00207d30                uip_ds6_periodic
 .text.uip_ds6_select_src
                0x00207d7c       0x94 obj_zoul/uip-ds6.o
                0x00207d7c                uip_ds6_select_src
 .text.uip_ds6_compute_reachable_time
                0x00207e10       0x28 obj_zoul/uip-ds6.o
                0x00207e10                uip_ds6_compute_reachable_time
 .text.uip_ds6_init
                0x00207e38       0xe0 obj_zoul/uip-ds6.o
                0x00207e38                uip_ds6_init
 .text.uip_ds6_nbr_rm
                0x00207f18       0x20 obj_zoul/uip-ds6-nbr.o
                0x00207f18                uip_ds6_nbr_rm
 .text.uip_ds6_neighbors_init
                0x00207f38       0x1c obj_zoul/uip-ds6-nbr.o
                0x00207f38                uip_ds6_neighbors_init
 .text.uip_ds6_nbr_add
                0x00207f54       0x3c obj_zoul/uip-ds6-nbr.o
                0x00207f54                uip_ds6_nbr_add
 .text.uip_ds6_nbr_get_ll
                0x00207f90       0x10 obj_zoul/uip-ds6-nbr.o
                0x00207f90                uip_ds6_nbr_get_ll
 .text.uip_ds6_nbr_lookup
                0x00207fa0       0x38 obj_zoul/uip-ds6-nbr.o
                0x00207fa0                uip_ds6_nbr_lookup
 .text.uip_ds6_nbr_ll_lookup
                0x00207fd8       0x10 obj_zoul/uip-ds6-nbr.o
                0x00207fd8                uip_ds6_nbr_ll_lookup
 .text.uip_ds6_link_neighbor_callback
                0x00207fe8       0x34 obj_zoul/uip-ds6-nbr.o
                0x00207fe8                uip_ds6_link_neighbor_callback
 .text.call_route_callback
                0x0020801c       0x48 obj_zoul/uip-ds6-route.o
 .text.uip_ds6_route_init
                0x00208064       0x4c obj_zoul/uip-ds6-route.o
                0x00208064                uip_ds6_route_init
 .text.uip_ds6_route_nexthop
                0x002080b0       0x20 obj_zoul/uip-ds6-route.o
                0x002080b0                uip_ds6_route_nexthop
 .text.uip_ds6_route_head
                0x002080d0        0xc obj_zoul/uip-ds6-route.o
                0x002080d0                uip_ds6_route_head
 .text.uip_ds6_route_is_nexthop
                0x002080dc       0x20 obj_zoul/uip-ds6-route.o
                0x002080dc                uip_ds6_route_is_nexthop
 .text.uip_ds6_route_lookup
                0x002080fc       0x64 obj_zoul/uip-ds6-route.o
                0x002080fc                uip_ds6_route_lookup
 .text.uip_ds6_route_rm
                0x00208160       0x9c obj_zoul/uip-ds6-route.o
                0x00208160                uip_ds6_route_rm
 .text.rm_routelist
                0x002081fc       0x30 obj_zoul/uip-ds6-route.o
 .text.uip_ds6_route_add
                0x0020822c      0x108 obj_zoul/uip-ds6-route.o
                0x0020822c                uip_ds6_route_add
 .text.uip_ds6_defrt_rm
                0x00208334       0x44 obj_zoul/uip-ds6-route.o
                0x00208334                uip_ds6_defrt_rm
 .text.uip_ds6_defrt_lookup
                0x00208378       0x2c obj_zoul/uip-ds6-route.o
                0x00208378                uip_ds6_defrt_lookup
 .text.uip_ds6_defrt_add
                0x002083a4       0x64 obj_zoul/uip-ds6-route.o
                0x002083a4                uip_ds6_defrt_add
 .text.uip_ds6_defrt_choose
                0x00208408       0x30 obj_zoul/uip-ds6-route.o
                0x00208408                uip_ds6_defrt_choose
 .text.uip_ds6_defrt_periodic
                0x00208438       0x30 obj_zoul/uip-ds6-route.o
                0x00208438                uip_ds6_defrt_periodic
 .text.echo_reply_input
                0x00208468       0x94 obj_zoul/uip-icmp6.o
 .text.echo_request_input
                0x002084fc       0xc8 obj_zoul/uip-icmp6.o
 .text.uip_icmp6_input
                0x002085c4       0x38 obj_zoul/uip-icmp6.o
                0x002085c4                uip_icmp6_input
 .text.uip_icmp6_register_input_handler
                0x002085fc        0xc obj_zoul/uip-icmp6.o
                0x002085fc                uip_icmp6_register_input_handler
 .text.uip_icmp6_error_output
                0x00208608      0x144 obj_zoul/uip-icmp6.o
                0x00208608                uip_icmp6_error_output
 .text.uip_icmp6_send
                0x0020874c       0x8c obj_zoul/uip-icmp6.o
                0x0020874c                uip_icmp6_send
 .text.uip_icmp6_init
                0x002087d8       0x1c obj_zoul/uip-icmp6.o
                0x002087d8                uip_icmp6_init
 .text.ns_input
                0x002087f4      0x268 obj_zoul/uip-nd6.o
 .text.uip_nd6_init
                0x00208a5c        0xc obj_zoul/uip-nd6.o
                0x00208a5c                uip_nd6_init
 .text.process_thread_simple_udp_process
                0x00208a68       0xa8 obj_zoul/simple-udp.o
 .text.simple_udp_register
                0x00208b10       0x80 obj_zoul/simple-udp.o
                0x00208b10                simple_udp_register
 .text.start_periodic_tcp_timer
                0x00208b90       0x1c obj_zoul/tcpip.o
 .text.tcpip_output
                0x00208bac       0x10 obj_zoul/tcpip.o
                0x00208bac                tcpip_output
 .text.tcpip_set_outputfunc
                0x00208bbc        0xc obj_zoul/tcpip.o
                0x00208bbc                tcpip_set_outputfunc
 .text.udp_new  0x00208bc8       0x18 obj_zoul/tcpip.o
                0x00208bc8                udp_new
 .text.tcpip_icmp6_call
                0x00208be0       0x28 obj_zoul/tcpip.o
                0x00208be0                tcpip_icmp6_call
 .text.tcpip_input
                0x00208c08       0x24 obj_zoul/tcpip.o
                0x00208c08                tcpip_input
 .text.tcpip_ipv6_output
                0x00208c2c       0xb0 obj_zoul/tcpip.o
                0x00208c2c                tcpip_ipv6_output
 .text.process_thread_tcpip_process
                0x00208cdc      0x1ac obj_zoul/tcpip.o
 .text.tcpip_uipcall
                0x00208e88       0x68 obj_zoul/tcpip.o
                0x00208e88                tcpip_uipcall
 .text.uip_udp_packet_send
                0x00208ef0       0x34 obj_zoul/uip-udp-packet.o
                0x00208ef0                uip_udp_packet_send
 .text.rpl_get_mode
                0x00208f24        0xc obj_zoul/rpl.o
                0x00208f24                rpl_get_mode
 .text.rpl_purge_routes
                0x00208f30       0x68 obj_zoul/rpl.o
                0x00208f30                rpl_purge_routes
 .text.rpl_link_neighbor_callback
                0x00208f98       0x54 obj_zoul/rpl.o
                0x00208f98                rpl_link_neighbor_callback
 .text.rpl_ipv6_neighbor_callback
                0x00208fec       0x28 obj_zoul/rpl.o
                0x00208fec                rpl_ipv6_neighbor_callback
 .text.rpl_purge_dags
                0x00209014       0x3c obj_zoul/rpl.o
                0x00209014                rpl_purge_dags
 .text.rpl_init
                0x00209050       0x4c obj_zoul/rpl.o
                0x00209050                rpl_init
 .text.rpl_set_preferred_parent
                0x0020909c       0x28 obj_zoul/rpl-dag.o
 .text.set_ip_from_prefix
                0x002090c4       0x2c obj_zoul/rpl-dag.o
 .text.find_parent_any_dag_any_instance
                0x002090f0       0x1c obj_zoul/rpl-dag.o
 .text.rpl_dag_init
                0x0020910c       0x14 obj_zoul/rpl-dag.o
                0x0020910c                rpl_dag_init
 .text.rpl_get_parent
                0x00209120       0x10 obj_zoul/rpl-dag.o
                0x00209120                rpl_get_parent
 .text.rpl_get_parent_lladdr
                0x00209130       0x10 obj_zoul/rpl-dag.o
                0x00209130                rpl_get_parent_lladdr
 .text.best_parent
                0x00209140       0x7c obj_zoul/rpl-dag.o
 .text.rpl_alloc_instance
                0x002091bc       0x34 obj_zoul/rpl-dag.o
                0x002091bc                rpl_alloc_instance
 .text.rpl_add_parent
                0x002091f0       0x30 obj_zoul/rpl-dag.o
                0x002091f0                rpl_add_parent
 .text.rpl_remove_parent
                0x00209220       0x1c obj_zoul/rpl-dag.o
                0x00209220                rpl_remove_parent
 .text.remove_parents.constprop.6
                0x0020923c       0x2c obj_zoul/rpl-dag.o
 .text.rpl_get_dag
                0x00209268       0x3c obj_zoul/rpl-dag.o
                0x00209268                rpl_get_dag
 .text.rpl_get_any_dag
                0x002092a4       0x18 obj_zoul/rpl-dag.o
                0x002092a4                rpl_get_any_dag
 .text.rpl_get_instance
                0x002092bc       0x20 obj_zoul/rpl-dag.o
                0x002092bc                rpl_get_instance
 .text.rpl_find_of
                0x002092dc       0x14 obj_zoul/rpl-dag.o
                0x002092dc                rpl_find_of
 .text.rpl_join_instance
                0x002092f0      0x140 obj_zoul/rpl-dag.o
                0x002092f0                rpl_join_instance
 .text.rpl_local_repair
                0x00209430       0x78 obj_zoul/rpl-dag.o
                0x00209430                rpl_local_repair
 .text.rpl_recalculate_ranks
                0x002094a8       0x3c obj_zoul/rpl-dag.o
                0x002094a8                rpl_recalculate_ranks
 .text.update_hbh_header
                0x002094e4       0xc4 obj_zoul/rpl-ext-header.o
 .text.insert_hbh_header
                0x002095a8       0xac obj_zoul/rpl-ext-header.o
 .text.rpl_verify_hbh_header
                0x00209654      0x100 obj_zoul/rpl-ext-header.o
                0x00209654                rpl_verify_hbh_header
 .text.rpl_remove_header
                0x00209754       0x7c obj_zoul/rpl-ext-header.o
                0x00209754                rpl_remove_header
 .text.rpl_update_header
                0x002097d0       0x70 obj_zoul/rpl-ext-header.o
                0x002097d0                rpl_update_header
 .text.dao_ack_input
                0x00209840       0x14 obj_zoul/rpl-icmp6.o
 .text.dio_input
                0x00209854      0x254 obj_zoul/rpl-icmp6.o
 .text.dao_input
                0x00209aa8      0x280 obj_zoul/rpl-icmp6.o
 .text.dis_output
                0x00209d28       0x54 obj_zoul/rpl-icmp6.o
                0x00209d28                dis_output
 .text.dio_output
                0x00209d7c      0x218 obj_zoul/rpl-icmp6.o
                0x00209d7c                dio_output
 .text.dis_input
                0x00209f94       0x50 obj_zoul/rpl-icmp6.o
 .text.dao_output_target
                0x00209fe4      0x100 obj_zoul/rpl-icmp6.o
                0x00209fe4                dao_output_target
 .text.dao_output
                0x0020a0e4       0x90 obj_zoul/rpl-icmp6.o
                0x0020a0e4                dao_output
 .text.rpl_icmp6_register_handlers
                0x0020a174       0x30 obj_zoul/rpl-icmp6.o
                0x0020a174                rpl_icmp6_register_handlers
 .text.update_nbr
                0x0020a1a4      0x10c obj_zoul/rpl-nbr-policy.o
 .text.handle_periodic_timer
                0x0020a2b0       0x14 obj_zoul/rpl-nbr-policy.o
 .text.find_removable_dis
                0x0020a2c4       0x20 obj_zoul/rpl-nbr-policy.o
                0x0020a2c4                find_removable_dis
 .text.find_removable_dio
                0x0020a2e4       0x40 obj_zoul/rpl-nbr-policy.o
                0x0020a2e4                find_removable_dio
 .text.find_removable_dao
                0x0020a324       0x38 obj_zoul/rpl-nbr-policy.o
                0x0020a324                find_removable_dao
 .text.rpl_nbr_policy_find_removable
                0x0020a35c       0x28 obj_zoul/rpl-nbr-policy.o
                0x0020a35c                rpl_nbr_policy_find_removable
 .text.new_dio_interval
                0x0020a384       0x58 obj_zoul/rpl-timers.o
 .text.handle_periodic_timer
                0x0020a3dc       0x4c obj_zoul/rpl-timers.o
 .text.set_dao_lifetime_timer
                0x0020a428       0x44 obj_zoul/rpl-timers.o
 .text.handle_dio_timer
                0x0020a46c       0x80 obj_zoul/rpl-timers.o
 .text.schedule_dao
                0x0020a4ec       0x54 obj_zoul/rpl-timers.o
 .text.handle_dao_timer
                0x0020a540       0x58 obj_zoul/rpl-timers.o
 .text.rpl_reset_periodic_timer
                0x0020a598       0x34 obj_zoul/rpl-timers.o
                0x0020a598                rpl_reset_periodic_timer
 .text.rpl_schedule_unicast_dio_immediately
                0x0020a5cc       0x14 obj_zoul/rpl-timers.o
                0x0020a5cc                rpl_schedule_unicast_dio_immediately
 .text.get_probing_target
                0x0020a5e0       0xd4 obj_zoul/rpl-timers.o
                0x0020a5e0                get_probing_target
 .text.rpl_schedule_probing
                0x0020a6b4       0x20 obj_zoul/rpl-timers.o
                0x0020a6b4                rpl_schedule_probing
 .text.periodic
                0x0020a6d4       0x2c obj_zoul/link-stats.o
 .text.link_stats_from_lladdr
                0x0020a700        0xc obj_zoul/link-stats.o
                0x0020a700                link_stats_from_lladdr
 .text.link_stats_packet_sent
                0x0020a70c       0x78 obj_zoul/link-stats.o
                0x0020a70c                link_stats_packet_sent
 .text.link_stats_input_callback
                0x0020a784       0x4c obj_zoul/link-stats.o
                0x0020a784                link_stats_input_callback
 .text.link_stats_init
                0x0020a7d0       0x28 obj_zoul/link-stats.o
                0x0020a7d0                link_stats_init
 .text.key_from_index
                0x0020a7f8       0x18 obj_zoul/nbr-table.o
 .text.index_from_key
                0x0020a810       0x20 obj_zoul/nbr-table.o
 .text.index_from_lladdr
                0x0020a830       0x40 obj_zoul/nbr-table.o
 .text.nbr_get_bit.constprop.0
                0x0020a870       0x30 obj_zoul/nbr-table.o
 .text.remove_key
                0x0020a8a0       0x58 obj_zoul/nbr-table.o
 .text.nbr_table_register
                0x0020a8f8       0x28 obj_zoul/nbr-table.o
                0x0020a8f8                nbr_table_register
 .text.nbr_table_head
                0x0020a920       0x34 obj_zoul/nbr-table.o
                0x0020a920                nbr_table_head
 .text.nbr_table_add_lladdr
                0x0020a954      0x114 obj_zoul/nbr-table.o
                0x0020a954                nbr_table_add_lladdr
 .text.nbr_table_remove
                0x0020aa68       0x2c obj_zoul/nbr-table.o
                0x0020aa68                nbr_table_remove
 .text.nbr_table_lock
                0x0020aa94       0x14 obj_zoul/nbr-table.o
                0x0020aa94                nbr_table_lock
 .text.nbr_table_unlock
                0x0020aaa8       0x14 obj_zoul/nbr-table.o
                0x0020aaa8                nbr_table_unlock
 .text.netstack_init
                0x0020aabc       0x38 obj_zoul/netstack.o
                0x0020aabc                netstack_init
 .text.packetbuf_hdrreduce
                0x0020aaf4       0x2c obj_zoul/packetbuf.o
                0x0020aaf4                packetbuf_hdrreduce
 .text.packetbuf_set_datalen
                0x0020ab20        0xc obj_zoul/packetbuf.o
                0x0020ab20                packetbuf_set_datalen
 .text.packetbuf_hdrptr
                0x0020ab2c        0x8 obj_zoul/packetbuf.o
                0x0020ab2c                packetbuf_hdrptr
 .text.packetbuf_datalen
                0x0020ab34        0xc obj_zoul/packetbuf.o
                0x0020ab34                packetbuf_datalen
 .text.packetbuf_hdrlen
                0x0020ab40       0x18 obj_zoul/packetbuf.o
                0x0020ab40                packetbuf_hdrlen
 .text.packetbuf_dataptr
                0x0020ab58       0x10 obj_zoul/packetbuf.o
                0x0020ab58                packetbuf_dataptr
 .text.packetbuf_copyto
                0x0020ab68       0x40 obj_zoul/packetbuf.o
                0x0020ab68                packetbuf_copyto
 .text.packetbuf_totlen
                0x0020aba8       0x14 obj_zoul/packetbuf.o
                0x0020aba8                packetbuf_totlen
 .text.packetbuf_hdralloc
                0x0020abbc       0x3c obj_zoul/packetbuf.o
                0x0020abbc                packetbuf_hdralloc
 .text.packetbuf_attr_clear
                0x0020abf8       0x34 obj_zoul/packetbuf.o
                0x0020abf8                packetbuf_attr_clear
 .text.packetbuf_clear
                0x0020ac2c       0x20 obj_zoul/packetbuf.o
                0x0020ac2c                packetbuf_clear
 .text.packetbuf_copyfrom
                0x0020ac4c       0x2c obj_zoul/packetbuf.o
                0x0020ac4c                packetbuf_copyfrom
 .text.packetbuf_attr_copyto
                0x0020ac78       0x34 obj_zoul/packetbuf.o
                0x0020ac78                packetbuf_attr_copyto
 .text.packetbuf_attr_copyfrom
                0x0020acac       0x34 obj_zoul/packetbuf.o
                0x0020acac                packetbuf_attr_copyfrom
 .text.packetbuf_set_attr
                0x0020ace0       0x10 obj_zoul/packetbuf.o
                0x0020ace0                packetbuf_set_attr
 .text.packetbuf_attr
                0x0020acf0        0xc obj_zoul/packetbuf.o
                0x0020acf0                packetbuf_attr
 .text.packetbuf_set_addr
                0x0020acfc       0x18 obj_zoul/packetbuf.o
                0x0020acfc                packetbuf_set_addr
 .text.packetbuf_addr
                0x0020ad14       0x10 obj_zoul/packetbuf.o
                0x0020ad14                packetbuf_addr
 .text.packetbuf_holds_broadcast
                0x0020ad24       0x10 obj_zoul/packetbuf.o
                0x0020ad24                packetbuf_holds_broadcast
 .text.queuebuf_init
                0x0020ad34       0x1c obj_zoul/queuebuf.o
                0x0020ad34                queuebuf_init
 .text.queuebuf_numfree
                0x0020ad50        0xc obj_zoul/queuebuf.o
                0x0020ad50                queuebuf_numfree
 .text.queuebuf_new_from_packetbuf
                0x0020ad5c       0x44 obj_zoul/queuebuf.o
                0x0020ad5c                queuebuf_new_from_packetbuf
 .text.queuebuf_free
                0x0020ada0       0x2c obj_zoul/queuebuf.o
                0x0020ada0                queuebuf_free
 .text.queuebuf_to_packetbuf
                0x0020adcc       0x30 obj_zoul/queuebuf.o
                0x0020adcc                queuebuf_to_packetbuf
 .text.input_packet
                0x0020adfc        0xc obj_zoul/csma.o
 .text.on       0x0020ae08        0xc obj_zoul/csma.o
 .text.off      0x0020ae14        0xc obj_zoul/csma.o
 .text.channel_check_interval
                0x0020ae20       0x10 obj_zoul/csma.o
 .text.transmit_packet_list
                0x0020ae30       0x30 obj_zoul/csma.o
 .text.schedule_transmission
                0x0020ae60       0x4c obj_zoul/csma.o
 .text.send_packet
                0x0020aeac      0x138 obj_zoul/csma.o
 .text.init     0x0020afe4       0x24 obj_zoul/csma.o
 .text.tx_done  0x0020b008       0x88 obj_zoul/csma.o
 .text.frame802154_get_pan_id
                0x0020b090        0xc obj_zoul/frame802154.o
                0x0020b090                frame802154_get_pan_id
 .text.frame802154_parse
                0x0020b09c      0x12c obj_zoul/frame802154.o
                0x0020b09c                frame802154_parse
 .text.create_frame.isra.0
                0x0020b1c8      0x12c obj_zoul/framer-802154.o
 .text.mac_sequence_is_duplicate
                0x0020b2f4       0x4c obj_zoul/mac-sequence.o
                0x0020b2f4                mac_sequence_is_duplicate
 .text.mac_sequence_register_seqno
                0x0020b340       0x64 obj_zoul/mac-sequence.o
                0x0020b340                mac_sequence_register_seqno
 .text.on       0x0020b3a4        0xc obj_zoul/nullrdc.o
 .text.send_one_packet
                0x0020b3b0      0x118 obj_zoul/nullrdc.o
 .text.off      0x0020b4c8       0x18 obj_zoul/nullrdc.o
 .text.packet_input
                0x0020b4e0       0x54 obj_zoul/nullrdc.o
 .text.input    0x0020b534        0xc obj_zoul/nullsec.o
 .text.send     0x0020b540       0x20 obj_zoul/nullsec.o
 .text.process_thread_blink_process
                0x0020b560       0x30 iotnode.co
 .text.process_thread_remote_battery_process
                0x0020b590       0xe4 iotnode.co
 .text.send_packet
                0x0020b674       0xd8 iotnode.co
 .text.process_thread_remote_button_process
                0x0020b74c       0x9c iotnode.co
 .text.process_thread_remote_leds_process
                0x0020b7e8       0xb4 iotnode.co
 .text.receiver
                0x0020b89c       0x80 iotnode.co
 .text.process_thread_init_comm_process
                0x0020b91c      0x1b4 iotnode.co
 .text.avac_toggle.part.0
                0x0020bad0       0x10 iotnode.co
 .text.ftoa     0x0020bae0       0x70 iotnode.co
                0x0020bae0                ftoa
 .text.process_thread_remote_grove_light_process
                0x0020bb50      0x130 iotnode.co
 .text.avac_toggle
                0x0020bc80       0x28 iotnode.co
                0x0020bc80                avac_toggle
 .text.process_thread_remote_dht22_process
                0x0020bca8      0x1e8 iotnode.co
 .text.pow      0x0020be90      0x2f0 /usr/bin/../lib/gcc/arm-none-eabi/4.9.3/../../../../arm-none-eabi/lib/armv7-m/libm.a(lib_a-w_pow.o)
                0x0020be90                pow
 .text.__ieee754_sqrt
                0x0020c180      0x18c /usr/bin/../lib/gcc/arm-none-eabi/4.9.3/../../../../arm-none-eabi/lib/armv7-m/libm.a(lib_a-e_sqrt.o)
                0x0020c180                __ieee754_sqrt
 .text.fabs     0x0020c30c        0x8 /usr/bin/../lib/gcc/arm-none-eabi/4.9.3/../../../../arm-none-eabi/lib/armv7-m/libm.a(lib_a-s_fabs.o)
                0x0020c30c                fabs
 .text.finite   0x0020c314        0xc /usr/bin/../lib/gcc/arm-none-eabi/4.9.3/../../../../arm-none-eabi/lib/armv7-m/libm.a(lib_a-s_finite.o)
                0x0020c314                finite
 .text.__fpclassifyd
                0x0020c320       0x58 /usr/bin/../lib/gcc/arm-none-eabi/4.9.3/../../../../arm-none-eabi/lib/armv7-m/libm.a(lib_a-s_fpclassify.o)
                0x0020c320                __fpclassifyd
 .text.matherr  0x0020c378        0x4 /usr/bin/../lib/gcc/arm-none-eabi/4.9.3/../../../../arm-none-eabi/lib/armv7-m/libm.a(lib_a-s_matherr.o)
                0x0020c378                matherr
 .text.nan      0x0020c37c        0xc /usr/bin/../lib/gcc/arm-none-eabi/4.9.3/../../../../arm-none-eabi/lib/armv7-m/libm.a(lib_a-s_nan.o)
                0x0020c37c                nan
 .text.rint     0x0020c388      0x11c /usr/bin/../lib/gcc/arm-none-eabi/4.9.3/../../../../arm-none-eabi/lib/armv7-m/libm.a(lib_a-s_rint.o)
                0x0020c388                rint
 .text.copysign
                0x0020c4a4       0x10 /usr/bin/../lib/gcc/arm-none-eabi/4.9.3/../../../../arm-none-eabi/lib/armv7-m/libm.a(lib_a-s_copysign.o)
                0x0020c4a4                copysign
 .text          0x0020c4b4      0x370 /usr/bin/../lib/gcc/arm-none-eabi/4.9.3/armv7-m/libgcc.a(_arm_addsubdf3.o)
                0x0020c4b4                __aeabi_drsub
                0x0020c4bc                __aeabi_dsub
                0x0020c4bc                __subdf3
                0x0020c4c0                __adddf3
                0x0020c4c0                __aeabi_dadd
                0x0020c738                __aeabi_ui2d
                0x0020c738                __floatunsidf
                0x0020c758                __floatsidf
                0x0020c758                __aeabi_i2d
                0x0020c77c                __extendsfdf2
                0x0020c77c                __aeabi_f2d
                0x0020c7b8                __aeabi_ul2d
                0x0020c7b8                __floatundidf
                0x0020c7c8                __floatdidf
                0x0020c7c8                __aeabi_l2d
 .text          0x0020c824      0x424 /usr/bin/../lib/gcc/arm-none-eabi/4.9.3/armv7-m/libgcc.a(_arm_muldivdf3.o)
                0x0020c824                __aeabi_dmul
                0x0020c824                __muldf3
                0x0020ca78                __aeabi_ddiv
                0x0020ca78                __divdf3
 .text          0x0020cc48      0x110 /usr/bin/../lib/gcc/arm-none-eabi/4.9.3/armv7-m/libgcc.a(_arm_cmpdf2.o)
                0x0020cc48                __gtdf2
                0x0020cc48                __gedf2
                0x0020cc50                __ltdf2
                0x0020cc50                __ledf2
                0x0020cc58                __cmpdf2
                0x0020cc58                __eqdf2
                0x0020cc58                __nedf2
                0x0020ccd4                __aeabi_cdrcmple
                0x0020cce4                __aeabi_cdcmple
                0x0020cce4                __aeabi_cdcmpeq
                0x0020ccf4                __aeabi_dcmpeq
                0x0020cd08                __aeabi_dcmplt
                0x0020cd1c                __aeabi_dcmple
                0x0020cd30                __aeabi_dcmpge
                0x0020cd44                __aeabi_dcmpgt
 .text          0x0020cd58       0xa0 /usr/bin/../lib/gcc/arm-none-eabi/4.9.3/armv7-m/libgcc.a(_arm_truncdfsf2.o)
                0x0020cd58                __aeabi_d2f
                0x0020cd58                __truncdfsf2
 .text          0x0020cdf8      0x21c /usr/bin/../lib/gcc/arm-none-eabi/4.9.3/armv7-m/libgcc.a(_arm_addsubsf3.o)
                0x0020cdf8                __aeabi_frsub
                0x0020ce00                __subsf3
                0x0020ce00                __aeabi_fsub
                0x0020ce04                __aeabi_fadd
                0x0020ce04                __addsf3
                0x0020cf64                __aeabi_ui2f
                0x0020cf64                __floatunsisf
                0x0020cf6c                __aeabi_i2f
                0x0020cf6c                __floatsisf
                0x0020cf88                __floatundisf
                0x0020cf88                __aeabi_ul2f
                0x0020cf98                __floatdisf
                0x0020cf98                __aeabi_l2f
 .text          0x0020d014      0x2a0 /usr/bin/../lib/gcc/arm-none-eabi/4.9.3/armv7-m/libgcc.a(_arm_muldivsf3.o)
                0x0020d014                __mulsf3
                0x0020d014                __aeabi_fmul
                0x0020d17c                __divsf3
                0x0020d17c                __aeabi_fdiv
 .text          0x0020d2b4       0xec /usr/bin/../lib/gcc/arm-none-eabi/4.9.3/armv7-m/libgcc.a(_arm_cmpsf2.o)
                0x0020d2b4                __gtsf2
                0x0020d2b4                __gesf2
                0x0020d2bc                __lesf2
                0x0020d2bc                __ltsf2
                0x0020d2c4                __nesf2
                0x0020d2c4                __eqsf2
                0x0020d2c4                __cmpsf2
                0x0020d324                __aeabi_cfrcmple
                0x0020d32c                __aeabi_cfcmple
                0x0020d32c                __aeabi_cfcmpeq
                0x0020d33c                __aeabi_fcmpeq
                0x0020d350                __aeabi_fcmplt
                0x0020d364                __aeabi_fcmple
                0x0020d378                __aeabi_fcmpge
                0x0020d38c                __aeabi_fcmpgt
 .text          0x0020d3a0       0x4c /usr/bin/../lib/gcc/arm-none-eabi/4.9.3/armv7-m/libgcc.a(_arm_fixsfsi.o)
                0x0020d3a0                __fixsfsi
                0x0020d3a0                __aeabi_f2iz
 .text          0x0020d3ec       0x30 /usr/bin/../lib/gcc/arm-none-eabi/4.9.3/armv7-m/libgcc.a(_aeabi_uldivmod.o)
                0x0020d3ec                __aeabi_uldivmod
 .text          0x0020d41c       0x60 /usr/bin/../lib/gcc/arm-none-eabi/4.9.3/armv7-m/libgcc.a(bpabi.o)
                0x0020d41c                __gnu_ldivmod_helper
                0x0020d44c                __gnu_uldivmod_helper
 .text          0x0020d47c        0x4 /usr/bin/../lib/gcc/arm-none-eabi/4.9.3/armv7-m/libgcc.a(_dvmd_tls.o)
                0x0020d47c                __aeabi_ldiv0
                0x0020d47c                __aeabi_idiv0
 .text          0x0020d480      0x2ac /usr/bin/../lib/gcc/arm-none-eabi/4.9.3/armv7-m/libgcc.a(_divdi3.o)
                0x0020d480                __divdi3
 .text          0x0020d72c      0x270 /usr/bin/../lib/gcc/arm-none-eabi/4.9.3/armv7-m/libgcc.a(_udivdi3.o)
                0x0020d72c                __udivdi3
 .text.abs      0x0020d99c        0x8 /usr/bin/../lib/gcc/arm-none-eabi/4.9.3/../../../../arm-none-eabi/lib/armv7-m/libc.a(lib_a-abs.o)
                0x0020d99c                abs
 .text.__errno  0x0020d9a4        0xc /usr/bin/../lib/gcc/arm-none-eabi/4.9.3/../../../../arm-none-eabi/lib/armv7-m/libc.a(lib_a-errno.o)
                0x0020d9a4                __errno
 .text.memcmp   0x0020d9b0       0x64 /usr/bin/../lib/gcc/arm-none-eabi/4.9.3/../../../../arm-none-eabi/lib/armv7-m/libc.a(lib_a-memcmp.o)
                0x0020d9b0                memcmp
 .text          0x0020da14       0xec /usr/bin/../lib/gcc/arm-none-eabi/4.9.3/../../../../arm-none-eabi/lib/armv7-m/libc.a(lib_a-memcpy.o)
                0x0020da14                memcpy
 .text.memmove  0x0020db00       0xc8 /usr/bin/../lib/gcc/arm-none-eabi/4.9.3/../../../../arm-none-eabi/lib/armv7-m/libc.a(lib_a-memmove.o)
                0x0020db00                memmove
 .text.memset   0x0020dbc8       0x9c /usr/bin/../lib/gcc/arm-none-eabi/4.9.3/../../../../arm-none-eabi/lib/armv7-m/libc.a(lib_a-memset.o)
                0x0020dbc8                memset
 .text.default_handler
                0x0020dc64        0x2 obj_zoul/startup-gcc.o
                0x0020dc64                default_handler
 .text.nmi_handler
                0x0020dc66        0x6 obj_zoul/startup-gcc.o
                0x0020dc66                nmi_handler
 .text.fade     0x0020dc6c       0x54 obj_zoul/contiki-main.o
 .text.status   0x0020dcc0        0x4 obj_zoul/adc-zoul.o
 .text.board_init
                0x0020dcc4        0x4 obj_zoul/board.o
                0x0020dcc4                board_init
 .text.clock_isr
                0x0020dcc8        0x4 obj_zoul/clock.o
                0x0020dcc8                clock_isr
 .text.rtimer_arch_init
                0x0020dccc        0x2 obj_zoul/rtimer-arch.o
                0x0020dccc                rtimer_arch_init
 .text.uart0_isr
                0x0020dcce        0x6 obj_zoul/uart.o
                0x0020dcce                uart0_isr
 .text.uart1_isr
                0x0020dcd4        0x6 obj_zoul/uart.o
                0x0020dcd4                uart1_isr
 .text.gpio_port_a_isr
                0x0020dcda        0x6 obj_zoul/gpio.o
                0x0020dcda                gpio_port_a_isr
 .text.gpio_port_b_isr
                0x0020dce0        0x6 obj_zoul/gpio.o
                0x0020dce0                gpio_port_b_isr
 .text.gpio_port_c_isr
                0x0020dce6        0x6 obj_zoul/gpio.o
                0x0020dce6                gpio_port_c_isr
 .text.gpio_port_d_isr
                0x0020dcec        0x6 obj_zoul/gpio.o
                0x0020dcec                gpio_port_d_isr
 .text.send     0x0020dcf2       0x12 obj_zoul/cc2538-rf.o
 .text.putchar  0x0020dd04       0x10 obj_zoul/dbg.o
                0x0020dd04                putchar
 .text.dbg_send_bytes
                0x0020dd14       0x20 obj_zoul/dbg.o
                0x0020dd14                dbg_send_bytes
 .text.puts     0x0020dd34       0x20 obj_zoul/dbg.o
                0x0020dd34                puts
 .text.configure
                0x0020dd54        0x4 obj_zoul/cc2538-temp-sensor.o
 .text.status   0x0020dd58        0x4 obj_zoul/cc2538-temp-sensor.o
 .text.value    0x0020dd5c       0x34 obj_zoul/cc2538-temp-sensor.o
 .text.configure
                0x0020dd90        0x4 obj_zoul/vdd3-sensor.o
 .text.status   0x0020dd94        0x4 obj_zoul/vdd3-sensor.o
 .text.value    0x0020dd98       0x2a obj_zoul/vdd3-sensor.o
 .text.write_str
                0x0020ddc2       0x10 obj_zoul/dbg-printf.o
 .text.autostart_start
                0x0020ddd2       0x14 obj_zoul/autostart.o
                0x0020ddd2                autostart_start
 .text.energest_init
                0x0020dde6        0x2 obj_zoul/energest.o
                0x0020dde6                energest_init
 .text.etimer_set
                0x0020dde8       0x12 obj_zoul/etimer.o
                0x0020dde8                etimer_set
 .text.etimer_reset
                0x0020ddfa       0x12 obj_zoul/etimer.o
                0x0020ddfa                etimer_reset
 .text.etimer_restart
                0x0020de0c       0x12 obj_zoul/etimer.o
                0x0020de0c                etimer_restart
 .text.etimer_expired
                0x0020de1e        0xa obj_zoul/etimer.o
                0x0020de1e                etimer_expired
 .text.etimer_expiration_time
                0x0020de28        0x6 obj_zoul/etimer.o
                0x0020de28                etimer_expiration_time
 .text.call_process
                0x0020de2e        0xc obj_zoul/process.o
 .text.rtimer_init
                0x0020de3a        0x4 obj_zoul/rtimer.o
                0x0020de3a                rtimer_init
 .text.stimer_set
                0x0020de3e        0xe obj_zoul/stimer.o
                0x0020de3e                stimer_set
 .text.timer_set
                0x0020de4c        0xe obj_zoul/timer.o
                0x0020de4c                timer_set
 .text.timer_reset
                0x0020de5a        0xa obj_zoul/timer.o
                0x0020de5a                timer_reset
 .text.timer_restart
                0x0020de64        0xc obj_zoul/timer.o
                0x0020de64                timer_restart
 .text.timer_expired
                0x0020de70       0x1c obj_zoul/timer.o
                0x0020de70                timer_expired
 .text.list_init
                0x0020de8c        0x6 obj_zoul/list.o
                0x0020de8c                list_init
 .text.list_head
                0x0020de92        0x4 obj_zoul/list.o
                0x0020de92                list_head
 .text.list_tail
                0x0020de96       0x10 obj_zoul/list.o
                0x0020de96                list_tail
 .text.list_remove
                0x0020dea6       0x28 obj_zoul/list.o
                0x0020dea6                list_remove
 .text.list_add
                0x0020dece       0x1e obj_zoul/list.o
                0x0020dece                list_add
 .text.list_push
                0x0020deec       0x12 obj_zoul/list.o
                0x0020deec                list_push
 .text.list_length
                0x0020defe        0xe obj_zoul/list.o
                0x0020defe                list_length
 .text.list_item_next
                0x0020df0c        0x6 obj_zoul/list.o
                0x0020df0c                list_item_next
 .text.memb_init
                0x0020df12       0x20 obj_zoul/memb.o
                0x0020df12                memb_init
 .text.memb_alloc
                0x0020df32       0x28 obj_zoul/memb.o
                0x0020df32                memb_alloc
 .text.memb_free
                0x0020df5a       0x2c obj_zoul/memb.o
                0x0020df5a                memb_free
 .text.memb_inmemb
                0x0020df86       0x1c obj_zoul/memb.o
                0x0020df86                memb_inmemb
 .text.memb_numfree
                0x0020dfa2       0x1c obj_zoul/memb.o
                0x0020dfa2                memb_numfree
 .text.ringbuf_init
                0x0020dfbe        0xe obj_zoul/ringbuf.o
                0x0020dfbe                ringbuf_init
 .text.ringbuf_put
                0x0020dfcc       0x28 obj_zoul/ringbuf.o
                0x0020dfcc                ringbuf_put
 .text.ringbuf_get
                0x0020dff4       0x20 obj_zoul/ringbuf.o
                0x0020dff4                ringbuf_get
 .text.chksum   0x0020e014       0x38 obj_zoul/uip6.o
 .text.uip_icmp6chksum
                0x0020e04c        0x6 obj_zoul/uip6.o
                0x0020e04c                uip_icmp6chksum
 .text.uip_tcpchksum
                0x0020e052        0x6 obj_zoul/uip6.o
                0x0020e052                uip_tcpchksum
 .text.uip_udpchksum
                0x0020e058        0x6 obj_zoul/uip6.o
                0x0020e058                uip_udpchksum
 .text.uip_htonl
                0x0020e05e       0x14 obj_zoul/uip6.o
                0x0020e05e                uip_htonl
 .text.uip_ds6_list_loop
                0x0020e072       0x48 obj_zoul/uip-ds6.o
                0x0020e072                uip_ds6_list_loop
 .text.uip_ds6_maddr_rm
                0x0020e0ba        0x8 obj_zoul/uip-ds6.o
                0x0020e0ba                uip_ds6_maddr_rm
 .text.uip_ds6_set_addr_iid
                0x0020e0c2       0x12 obj_zoul/uip-ds6.o
                0x0020e0c2                uip_ds6_set_addr_iid
 .text.get_match_length
                0x0020e0d4       0x3a obj_zoul/uip-ds6.o
                0x0020e0d4                get_match_length
 .text.uip_ds6_nbr_ipaddr_from_lladdr
                0x0020e10e        0x4 obj_zoul/uip-ds6-nbr.o
                0x0020e10e                uip_ds6_nbr_ipaddr_from_lladdr
 .text.uip_ds6_nbr_lladdr_from_ipaddr
                0x0020e112       0x12 obj_zoul/uip-ds6-nbr.o
                0x0020e112                uip_ds6_nbr_lladdr_from_ipaddr
 .text.uip_ds6_route_next
                0x0020e124        0x8 obj_zoul/uip-ds6-route.o
                0x0020e124                uip_ds6_route_next
 .text.rm_routelist_callback
                0x0020e12c        0x4 obj_zoul/uip-ds6-route.o
 .text.uip_udp_packet_sendto
                0x0020e130       0x50 obj_zoul/uip-udp-packet.o
                0x0020e130                uip_udp_packet_sendto
 .text.rpl_remove_routes
                0x0020e180       0x1e obj_zoul/rpl.o
                0x0020e180                rpl_remove_routes
 .text.rpl_remove_routes_by_nexthop
                0x0020e19e       0x30 obj_zoul/rpl.o
                0x0020e19e                rpl_remove_routes_by_nexthop
 .text.rpl_add_route
                0x0020e1ce       0x36 obj_zoul/rpl.o
                0x0020e1ce                rpl_add_route
 .text.lollipop_greater_than
                0x0020e204       0x34 obj_zoul/rpl-dag.o
 .text.check_prefix
                0x0020e238       0x58 obj_zoul/rpl-dag.o
 .text.rpl_rank_via_parent
                0x0020e290       0x1a obj_zoul/rpl-dag.o
                0x0020e290                rpl_rank_via_parent
 .text.rpl_get_parent_ipaddr
                0x0020e2aa        0xe obj_zoul/rpl-dag.o
                0x0020e2aa                rpl_get_parent_ipaddr
 .text.rpl_get_parent_link_stats
                0x0020e2b8        0xe obj_zoul/rpl-dag.o
                0x0020e2b8                rpl_get_parent_link_stats
 .text.rpl_parent_is_fresh
                0x0020e2c6        0xe obj_zoul/rpl-dag.o
                0x0020e2c6                rpl_parent_is_fresh
 .text.rpl_parent_is_reachable
                0x0020e2d4       0x36 obj_zoul/rpl-dag.o
                0x0020e2d4                rpl_parent_is_reachable
 .text.rpl_set_prefix
                0x0020e30a       0x6c obj_zoul/rpl-dag.o
                0x0020e30a                rpl_set_prefix
 .text.rpl_set_default_route
                0x0020e376       0x30 obj_zoul/rpl-dag.o
                0x0020e376                rpl_set_default_route
 .text.rpl_find_parent
                0x0020e3a6       0x16 obj_zoul/rpl-dag.o
                0x0020e3a6                rpl_find_parent
 .text.rpl_find_parent_any_dag
                0x0020e3bc       0x1e obj_zoul/rpl-dag.o
                0x0020e3bc                rpl_find_parent_any_dag
 .text.rpl_select_parent
                0x0020e3da       0x4a obj_zoul/rpl-dag.o
                0x0020e3da                rpl_select_parent
 .text.rpl_select_dag
                0x0020e424      0x15c obj_zoul/rpl-dag.o
                0x0020e424                rpl_select_dag
 .text.rpl_nullify_parent
                0x0020e580       0x54 obj_zoul/rpl-dag.o
                0x0020e580                rpl_nullify_parent
 .text.nbr_callback
                0x0020e5d4        0x4 obj_zoul/rpl-dag.o
 .text.rpl_free_dag
                0x0020e5d8       0x3a obj_zoul/rpl-dag.o
                0x0020e5d8                rpl_free_dag
 .text.rpl_move_parent
                0x0020e612       0x54 obj_zoul/rpl-dag.o
                0x0020e612                rpl_move_parent
 .text.rpl_repair_root
                0x0020e666       0x48 obj_zoul/rpl-dag.o
                0x0020e666                rpl_repair_root
 .text.rpl_alloc_dag
                0x0020e6ae       0x48 obj_zoul/rpl-dag.o
                0x0020e6ae                rpl_alloc_dag
 .text.rpl_process_parent_event
                0x0020e6f6       0x96 obj_zoul/rpl-dag.o
                0x0020e6f6                rpl_process_parent_event
 .text.rpl_add_dag
                0x0020e78c      0x112 obj_zoul/rpl-dag.o
                0x0020e78c                rpl_add_dag
 .text.rpl_process_dio
                0x0020e89e      0x2e6 obj_zoul/rpl-dag.o
                0x0020e89e                rpl_process_dio
 .text.get32    0x0020eb84       0x18 obj_zoul/rpl-icmp6.o
 .text.set32    0x0020eb9c       0x12 obj_zoul/rpl-icmp6.o
 .text.get16    0x0020ebae        0xc obj_zoul/rpl-icmp6.o
 .text.set16    0x0020ebba        0xa obj_zoul/rpl-icmp6.o
 .text.rpl_icmp6_update_nbr_table
                0x0020ebc4       0x2e obj_zoul/rpl-icmp6.o
                0x0020ebc4                rpl_icmp6_update_nbr_table
 .text.reset    0x0020ebf2        0x2 obj_zoul/rpl-mrhof.o
 .text.update_metric_container
                0x0020ebf4        0x6 obj_zoul/rpl-mrhof.o
 .text.parent_link_metric
                0x0020ebfa       0x12 obj_zoul/rpl-mrhof.o
 .text.parent_has_usable_link
                0x0020ec0c       0x12 obj_zoul/rpl-mrhof.o
 .text.best_dag
                0x0020ec1e       0x2c obj_zoul/rpl-mrhof.o
 .text.parent_path_cost
                0x0020ec4a       0x34 obj_zoul/rpl-mrhof.o
 .text.parent_is_acceptable
                0x0020ec7e       0x26 obj_zoul/rpl-mrhof.o
 .text.rank_via_parent
                0x0020eca4       0x34 obj_zoul/rpl-mrhof.o
 .text.best_parent
                0x0020ecd8       0x68 obj_zoul/rpl-mrhof.o
 .text.handle_unicast_dio_timer
                0x0020ed40       0x1c obj_zoul/rpl-timers.o
 .text.rpl_reset_dio_timer
                0x0020ed5c       0x1c obj_zoul/rpl-timers.o
                0x0020ed5c                rpl_reset_dio_timer
 .text.rpl_schedule_dao
                0x0020ed78        0x8 obj_zoul/rpl-timers.o
                0x0020ed78                rpl_schedule_dao
 .text.get_probing_delay
                0x0020ed80       0x3a obj_zoul/rpl-timers.o
                0x0020ed80                get_probing_delay
 .text.handle_probing_timer
                0x0020edba       0x32 obj_zoul/rpl-timers.o
 .text.svcall_handler
                0x0020edec       0x1e obj_zoul/mtarch.o
                0x0020edec                svcall_handler
 .text.pendsv_handler
                0x0020ee0a       0x18 obj_zoul/mtarch.o
                0x0020ee0a                pendsv_handler
 .text.linkaddr_copy
                0x0020ee22        0xa obj_zoul/linkaddr.o
                0x0020ee22                linkaddr_copy
 .text.linkaddr_cmp
                0x0020ee2c       0x10 obj_zoul/linkaddr.o
                0x0020ee2c                linkaddr_cmp
 .text.link_stats_is_fresh
                0x0020ee3c       0x24 obj_zoul/link-stats.o
                0x0020ee3c                link_stats_is_fresh
 .text.item_from_key
                0x0020ee60       0x22 obj_zoul/nbr-table.o
 .text.nbr_set_bit
                0x0020ee82       0x38 obj_zoul/nbr-table.o
 .text.nbr_table_next
                0x0020eeba       0x3e obj_zoul/nbr-table.o
                0x0020eeba                nbr_table_next
 .text.nbr_table_get_from_lladdr
                0x0020eef8       0x32 obj_zoul/nbr-table.o
                0x0020eef8                nbr_table_get_from_lladdr
 .text.nbr_table_get_lladdr
                0x0020ef2a       0x20 obj_zoul/nbr-table.o
                0x0020ef2a                nbr_table_get_lladdr
 .text.nbr_table_update_lladdr
                0x0020ef4a       0x40 obj_zoul/nbr-table.o
                0x0020ef4a                nbr_table_update_lladdr
 .text.queuebuf_update_attr_from_packetbuf
                0x0020ef8a        0xc obj_zoul/queuebuf.o
                0x0020ef8a                queuebuf_update_attr_from_packetbuf
 .text.queuebuf_attr
                0x0020ef96        0xc obj_zoul/queuebuf.o
                0x0020ef96                queuebuf_attr
 .text.packet_sent
                0x0020efa2       0xca obj_zoul/csma.o
 .text.frame802154_has_panid
                0x0020f06c       0xb0 obj_zoul/frame802154.o
                0x0020f06c                frame802154_has_panid
 .text.field_len
                0x0020f11c       0x84 obj_zoul/frame802154.o
 .text.frame802154_is_broadcast_addr
                0x0020f1a0       0x1e obj_zoul/frame802154.o
                0x0020f1a0                frame802154_is_broadcast_addr
 .text.frame802154_hdrlen
                0x0020f1be       0x32 obj_zoul/frame802154.o
                0x0020f1be                frame802154_hdrlen
 .text.frame802154_create_fcf
                0x0020f1f0       0x62 obj_zoul/frame802154.o
                0x0020f1f0                frame802154_create_fcf
 .text.frame802154_create
                0x0020f252       0x92 obj_zoul/frame802154.o
                0x0020f252                frame802154_create
 .text.frame802154_parse_fcf
                0x0020f2e4       0x40 obj_zoul/frame802154.o
                0x0020f2e4                frame802154_parse_fcf
 .text.parse    0x0020f324       0x94 obj_zoul/framer-802154.o
 .text.create   0x0020f3b8        0x6 obj_zoul/framer-802154.o
 .text.hdr_length
                0x0020f3be        0x6 obj_zoul/framer-802154.o
 .text.mac_call_sent_callback
                0x0020f3c4       0x16 obj_zoul/mac.o
                0x0020f3c4                mac_call_sent_callback
 .text.channel_check_interval
                0x0020f3da        0x4 obj_zoul/nullrdc.o
 .text.init     0x0020f3de        0x4 obj_zoul/nullrdc.o
 .text.send_list
                0x0020f3e2       0x20 obj_zoul/nullrdc.o
 .text.send_packet
                0x0020f402        0x4 obj_zoul/nullrdc.o
 .text.init     0x0020f406        0x2 obj_zoul/nullsec.o
 .text.reverse  0x0020f408       0x1a iotnode.co
                0x0020f408                reverse
 .text.intToStr
                0x0020f422       0x3c iotnode.co
                0x0020f422                intToStr
 *(SORT(.rodata*))
 *fill*         0x0020f45e        0x2 00000000
 .rodata.dp_h   0x0020f460       0x10 /usr/bin/../lib/gcc/arm-none-eabi/4.9.3/../../../../arm-none-eabi/lib/armv7-m/libm.a(lib_a-e_pow.o)
 .rodata.dp_l   0x0020f470       0x10 /usr/bin/../lib/gcc/arm-none-eabi/4.9.3/../../../../arm-none-eabi/lib/armv7-m/libm.a(lib_a-e_pow.o)
 .rodata.bp     0x0020f480       0x10 /usr/bin/../lib/gcc/arm-none-eabi/4.9.3/../../../../arm-none-eabi/lib/armv7-m/libm.a(lib_a-e_pow.o)
 .rodata.TWO52  0x0020f490       0x10 /usr/bin/../lib/gcc/arm-none-eabi/4.9.3/../../../../arm-none-eabi/lib/armv7-m/libm.a(lib_a-s_rint.o)
 .rodata.adc_sensors
                0x0020f4a0       0x10 obj_zoul/adc-sensors.o
                0x0020f4a0                adc_sensors
 .rodata.dht22  0x0020f4b0       0x10 obj_zoul/dht22.o
                0x0020f4b0                dht22
 .rodata.adc_zoul
                0x0020f4c0       0x10 obj_zoul/adc-zoul.o
                0x0020f4c0                adc_zoul
 .rodata.button_sensor
                0x0020f4d0       0x10 obj_zoul/button-sensor.o
                0x0020f4d0                button_sensor
 .rodata.uart_regs
                0x0020f4e0       0x58 obj_zoul/uart.o
 .rodata.reset_cause.5159
                0x0020f538       0x10 obj_zoul/sys-ctrl.o
 .rodata.output_power
                0x0020f548       0x70 obj_zoul/cc2538-rf.o
 .rodata.cc2538_rf_driver
                0x0020f5b8       0x38 obj_zoul/cc2538-rf.o
                0x0020f5b8                cc2538_rf_driver
 .rodata.cc2538_temp_sensor
                0x0020f5f0       0x10 obj_zoul/cc2538-temp-sensor.o
                0x0020f5f0                cc2538_temp_sensor
 .rodata.vdd3_sensor
                0x0020f600       0x10 obj_zoul/vdd3-sensor.o
                0x0020f600                vdd3_sensor
 .rodata.sicslowpan_driver
                0x0020f610        0xc obj_zoul/sicslowpan.o
                0x0020f610                sicslowpan_driver
 .rodata.csma_driver
                0x0020f61c       0x1c obj_zoul/csma.o
                0x0020f61c                csma_driver
 .rodata.framer_802154
                0x0020f638        0xc obj_zoul/framer-802154.o
                0x0020f638                framer_802154
 .rodata.nullrdc_driver
                0x0020f644       0x20 obj_zoul/nullrdc.o
                0x0020f644                nullrdc_driver
 .rodata.nullsec_driver
                0x0020f664       0x10 obj_zoul/nullsec.o
                0x0020f664                nullsec_driver
 .rodata.autostart_processes
                0x0020f674       0x20 iotnode.co
                0x0020f674                autostart_processes
 .rodata.str1.4
                0x0020f694        0x4 /usr/bin/../lib/gcc/arm-none-eabi/4.9.3/../../../../arm-none-eabi/lib/armv7-m/libm.a(lib_a-w_pow.o)
 .rodata.str1.4
                0x0020f698        0x1 /usr/bin/../lib/gcc/arm-none-eabi/4.9.3/../../../../arm-none-eabi/lib/armv7-m/libm.a(lib_a-e_pow.o)
 *fill*         0x0020f699        0x3 00000000
 .rodata.str1.4
                0x0020f69c        0x4 /usr/bin/../lib/gcc/arm-none-eabi/4.9.3/../../../../arm-none-eabi/lib/armv7-m/libc.a(lib_a-impure.o)
                                  0x2 (size before relaxing)
 .rodata.str1.1
                0x0020f6a0       0x10 obj_zoul/adc-sensors.o
 .rodata.str1.1
                0x0020f6b0        0xd obj_zoul/dht22.o
 .rodata.str1.1
                0x0020f6bd       0x28 obj_zoul/uip-debug.o
 .rodata.str1.1
                0x0020f6e5       0x7e obj_zoul/contiki-main.o
 .rodata.str1.1
                0x0020f763       0x15 obj_zoul/adc-zoul.o
 .rodata.str1.1
                0x0020f778        0x7 obj_zoul/button-sensor.o
 .rodata.str1.1
                0x0020f77f       0x94 obj_zoul/soc.o
 .rodata.str1.1
                0x0020f813       0x2d obj_zoul/sys-ctrl.o
 .rodata.str1.1
                0x0020f840       0x11 obj_zoul/cc2538-rf.o
 .rodata.str1.1
                0x0020f851       0x14 obj_zoul/cc2538-temp-sensor.o
 .rodata.str1.1
                0x0020f865        0x5 obj_zoul/vdd3-sensor.o
 .rodata.buffer.4159
                0x0020f86a       0x10 obj_zoul/strformat.o
 .rodata.str1.1
                0x0020f87a       0x33 obj_zoul/strformat.o
                                 0x37 (size before relaxing)
 .rodata.buffer.4150
                0x0020f8ad       0x10 obj_zoul/strformat.o
 .rodata.str1.1
                0x0020f8bd        0xf obj_zoul/ctimer.o
 .rodata.str1.1
                0x0020f8cc        0xc obj_zoul/etimer.o
 .rodata.str1.1
                0x0020f8d8        0xe obj_zoul/serial-line.o
 .rodata.str1.1
                0x0020f8e6        0x8 obj_zoul/sensors.o
 .rodata        0x0020f8ee        0x2 obj_zoul/sicslowpan.o
 .rodata.ttl_values
                0x0020f8f0        0x4 obj_zoul/sicslowpan.o
 .rodata.unc_llconf
                0x0020f8f4        0x4 obj_zoul/sicslowpan.o
                0x0020f8f4                unc_llconf
 .rodata.llprefix
                0x0020f8f8        0x2 obj_zoul/sicslowpan.o
                0x0020f8f8                llprefix
 .rodata.unc_mxconf
                0x0020f8fa        0x4 obj_zoul/sicslowpan.o
                0x0020f8fa                unc_mxconf
 .rodata.str1.1
                0x0020f8fe        0xb obj_zoul/sicslowpan.o
 .rodata.unc_ctxconf
                0x0020f909        0x4 obj_zoul/sicslowpan.o
                0x0020f909                unc_ctxconf
 .rodata.str1.1
                0x0020f90d       0x13 obj_zoul/simple-udp.o
 .rodata.str1.1
                0x0020f920        0xd obj_zoul/tcpip.o
 .rodata.linkaddr_null
                0x0020f92d        0x8 obj_zoul/linkaddr.o
                0x0020f92d                linkaddr_null
 .rodata.str1.1
                0x0020f935        0x5 obj_zoul/csma.o
 .rodata.str1.1
                0x0020f93a        0x8 obj_zoul/nullrdc.o
 .rodata.str1.1
                0x0020f942        0x8 obj_zoul/nullsec.o
 .rodata.str1.1
                0x0020f94a      0x59c iotnode.co
                                0x5a3 (size before relaxing)
                0x0020fee6                _etext = .

.glue_7         0x0020fee8        0x0
 .glue_7        0x00000000        0x0 linker stubs

.glue_7t        0x0020fee8        0x0
 .glue_7t       0x00000000        0x0 linker stubs

.vfp11_veneer   0x0020fee8        0x0
 .vfp11_veneer  0x00000000        0x0 linker stubs

.v4_bx          0x0020fee8        0x0
 .v4_bx         0x00000000        0x0 linker stubs

.iplt           0x0020fee8        0x0
 .iplt          0x00000000        0x0 obj_zoul/startup-gcc.o

.socdata        0x20004000       0x40
 *(SORT(.udma_channel_control_table))
 .udma_channel_control_table
                0x20004000       0x40 obj_zoul/udma.o

.data           0x20004040      0x68e load address 0x0020fee8
                0x20004040                _data = .
 *(SORT(.data*))
 .data.impure_data
                0x20004040      0x428 /usr/bin/../lib/gcc/arm-none-eabi/4.9.3/../../../../arm-none-eabi/lib/armv7-m/libc.a(lib_a-impure.o)
 .data.sensors  0x20004468       0x10 obj_zoul/zoul-sensors.o
                0x20004468                sensors
 .data.cc2538_rf_process
                0x20004478       0x10 obj_zoul/cc2538-rf.o
                0x20004478                cc2538_rf_process
 .data.ctxt     0x20004488        0x8 obj_zoul/dbg-printf.o
 .data.ctimer_process
                0x20004490       0x10 obj_zoul/ctimer.o
                0x20004490                ctimer_process
 .data.etimer_process
                0x200044a0       0x10 obj_zoul/etimer.o
                0x200044a0                etimer_process
 .data.serial_line_process
                0x200044b0       0x10 obj_zoul/serial-line.o
                0x200044b0                serial_line_process
 .data.sensors_process
                0x200044c0       0x10 obj_zoul/sensors.o
                0x200044c0                sensors_process
 .data.ds6_neighbors
                0x200044d0        0x4 obj_zoul/uip-ds6-nbr.o
                0x200044d0                ds6_neighbors
 .data.ds6_neighbors_struct
                0x200044d4       0x10 obj_zoul/uip-ds6-nbr.o
 .data.defaultroutermemb
                0x200044e4        0xc obj_zoul/uip-ds6-route.o
 .data.nbr_routes_struct
                0x200044f0       0x10 obj_zoul/uip-ds6-route.o
 .data.nbr_routes
                0x20004500        0x4 obj_zoul/uip-ds6-route.o
                0x20004500                nbr_routes
 .data.routememb
                0x20004504        0xc obj_zoul/uip-ds6-route.o
 .data.neighborroutememb
                0x20004510        0xc obj_zoul/uip-ds6-route.o
 .data.echo_request_handler
                0x2000451c        0xc obj_zoul/uip-icmp6.o
 .data.echo_reply_handler
                0x20004528        0xc obj_zoul/uip-icmp6.o
 .data.ns_input_handler
                0x20004534        0xc obj_zoul/uip-nd6.o
 .data.simple_udp_process
                0x20004540       0x10 obj_zoul/simple-udp.o
                0x20004540                simple_udp_process
 .data.tcpip_process
                0x20004550       0x10 obj_zoul/tcpip.o
                0x20004550                tcpip_process
 .data.rpl_parents
                0x20004560        0x4 obj_zoul/rpl-dag.o
                0x20004560                rpl_parents
 .data.rpl_parents_struct
                0x20004564       0x10 obj_zoul/rpl-dag.o
 .data.dao_ack_handler
                0x20004574        0xc obj_zoul/rpl-icmp6.o
 .data.dis_handler
                0x20004580        0xc obj_zoul/rpl-icmp6.o
 .data.dao_handler
                0x2000458c        0xc obj_zoul/rpl-icmp6.o
 .data.dio_handler
                0x20004598        0xc obj_zoul/rpl-icmp6.o
 .data.rpl_mrhof
                0x200045a4       0x24 obj_zoul/rpl-mrhof.o
                0x200045a4                rpl_mrhof
 .data.link_stats_struct
                0x200045c8       0x10 obj_zoul/link-stats.o
 .data.neighbor_addr_mem
                0x200045d8        0xc obj_zoul/nbr-table.o
 .data.bufmem   0x200045e4        0xc obj_zoul/queuebuf.o
 .data.buframmem
                0x200045f0        0xc obj_zoul/queuebuf.o
 .data.metadata_memb
                0x200045fc        0xc obj_zoul/csma.o
 .data.neighbor_memb
                0x20004608        0xc obj_zoul/csma.o
 .data.packet_memb
                0x20004614        0xc obj_zoul/csma.o
 .data.lchoose  0x20004620        0x4 iotnode.co
 .data.blink_process
                0x20004624       0x10 iotnode.co
                0x20004624                blink_process
 .data.remote_leds_process
                0x20004634       0x10 iotnode.co
                0x20004634                remote_leds_process
 .data.remote_dht22_process
                0x20004644       0x10 iotnode.co
                0x20004644                remote_dht22_process
 .data.remote_grove_light_process
                0x20004654       0x10 iotnode.co
                0x20004654                remote_grove_light_process
 .data.init_comm_process
                0x20004664       0x10 iotnode.co
                0x20004664                init_comm_process
 .data.leds     0x20004674       0x30 iotnode.co
 .data.remote_battery_process
                0x200046a4       0x10 iotnode.co
                0x200046a4                remote_battery_process
 .data.remote_button_process
                0x200046b4       0x10 iotnode.co
                0x200046b4                remote_button_process
 .data._impure_ptr
                0x200046c4        0x4 /usr/bin/../lib/gcc/arm-none-eabi/4.9.3/../../../../arm-none-eabi/lib/armv7-m/libc.a(lib_a-impure.o)
                0x200046c4                _impure_ptr
 .data.mac_pan_id
                0x200046c8        0x2 obj_zoul/frame802154.o
 .data.send_on_cca
                0x200046ca        0x1 obj_zoul/cc2538-rf.o
 .data.rf_channel
                0x200046cb        0x1 obj_zoul/cc2538-rf.o
 .data.dao_sequence
                0x200046cc        0x1 obj_zoul/rpl-icmp6.o
 .data.__fdlib_version
                0x200046cd        0x1 /usr/bin/../lib/gcc/arm-none-eabi/4.9.3/../../../../arm-none-eabi/lib/armv7-m/libm.a(lib_a-s_lib_ver.o)
                0x200046cd                __fdlib_version
                0x200046ce                _edata = .
                0x0020fee8                _ldata = LOADADDR (.data)

.igot.plt       0x200046d0        0x0 load address 0x00210576
 .igot.plt      0x00000000        0x0 obj_zoul/startup-gcc.o

.ARM.exidx      0x00210578        0x8
 *(SORT(.ARM.exidx*))
 .ARM.exidx     0x00210578        0x8 /usr/bin/../lib/gcc/arm-none-eabi/4.9.3/armv7-m/libgcc.a(_divdi3.o)
 .ARM.exidx     0x00210580        0x0 /usr/bin/../lib/gcc/arm-none-eabi/4.9.3/armv7-m/libgcc.a(_udivdi3.o)
                                  0x8 (size before relaxing)

.bss            0x200046d0     0x216b
                0x200046d0                _bss = .
 *(SORT(.bss*))
 .bss.rt_ticks_startup
                0x200046d0        0x8 obj_zoul/clock.o
 .bss.rt_ticks_epoch
                0x200046d8        0x8 obj_zoul/clock.o
 .bss.sensors   0x200046e0       0x14 obj_zoul/adc-sensors.o
 .bss.press_counter
                0x200046f4       0x20 obj_zoul/button-sensor.o
 .bss.debouncetimer
                0x20004714        0x8 obj_zoul/button-sensor.o
 .bss.press_duration
                0x2000471c        0x4 obj_zoul/button-sensor.o
 .bss.next_trigger
                0x20004720        0x4 obj_zoul/rtimer-arch.o
 .bss.input_handler
                0x20004724        0x8 obj_zoul/uart.o
 .bss.gpio_callbacks
                0x2000472c       0x80 obj_zoul/gpio.o
 .bss.ioc_sel   0x200047ac        0x4 obj_zoul/ioc.o
 .bss.ioc_over  0x200047b0        0x4 obj_zoul/ioc.o
 .bss.notification_process
                0x200047b4        0x4 obj_zoul/crypto.o
 .bss.periph_permit_pm1_funcs
                0x200047b8       0x14 obj_zoul/lpm.o
 .bss.notification_process
                0x200047cc        0x4 obj_zoul/pka.o
 .bss.ctimer_list_list
                0x200047d0        0x4 obj_zoul/ctimer.o
 .bss.timerlist
                0x200047d4        0x4 obj_zoul/etimer.o
 .bss.next_expiration
                0x200047d8        0x4 obj_zoul/etimer.o
 .bss.process_current
                0x200047dc        0x4 obj_zoul/process.o
                0x200047dc                process_current
 .bss.process_list
                0x200047e0        0x4 obj_zoul/process.o
                0x200047e0                process_list
 .bss.events    0x200047e4      0x180 obj_zoul/process.o
 .bss.next_rtimer
                0x20004964        0x4 obj_zoul/rtimer.o
 .bss.rxbuf     0x20004968        0x8 obj_zoul/serial-line.o
 .bss.ptr.5178  0x20004970        0x4 obj_zoul/serial-line.o
 .bss.events.5194
                0x20004974        0x4 obj_zoul/sensors.o
 .bss.i.5193    0x20004978        0x4 obj_zoul/sensors.o
 .bss.context   0x2000497c        0x4 obj_zoul/sicslowpan.o
 .bss.last_rssi
                0x20004980        0x4 obj_zoul/sicslowpan.o
 .bss.hc06_ptr  0x20004984        0x4 obj_zoul/sicslowpan.o
 .bss.packetbuf_ptr
                0x20004988        0x4 obj_zoul/sicslowpan.o
 .bss.packetbuf_payload_len
                0x2000498c        0x4 obj_zoul/sicslowpan.o
 .bss.last_tx_status
                0x20004990        0x4 obj_zoul/sicslowpan.o
 .bss.callback  0x20004994        0x4 obj_zoul/sicslowpan.o
 .bss.frag_info
                0x20004998      0x170 obj_zoul/sicslowpan.o
 .bss.locmaddr  0x20004b08        0x4 obj_zoul/uip-ds6.o
 .bss.locprefix
                0x20004b0c        0x4 obj_zoul/uip-ds6.o
 .bss.locaddr   0x20004b10        0x4 obj_zoul/uip-ds6.o
 .bss.defaultroutermemb_memb_mem
                0x20004b14       0x40 obj_zoul/uip-ds6-route.o
 .bss.num_routes
                0x20004b54        0x4 obj_zoul/uip-ds6-route.o
 .bss.defaultrouterlist_list
                0x20004b58        0x4 obj_zoul/uip-ds6-route.o
 .bss._nbr_routes_mem
                0x20004b5c       0x80 obj_zoul/uip-ds6-route.o
 .bss.routelist_list
                0x20004bdc        0x4 obj_zoul/uip-ds6-route.o
 .bss.routememb_memb_mem
                0x20004be0      0x280 obj_zoul/uip-ds6-route.o
 .bss.neighborroutememb_memb_mem
                0x20004e60       0x80 obj_zoul/uip-ds6-route.o
 .bss.notificationlist_list
                0x20004ee0        0x4 obj_zoul/uip-ds6-route.o
 .bss.echo_reply_callback_list_list
                0x20004ee4        0x4 obj_zoul/uip-icmp6.o
 .bss.input_handler_list_list
                0x20004ee8        0x4 obj_zoul/uip-icmp6.o
 .bss.nbr       0x20004eec        0x4 obj_zoul/uip-nd6.o
 .bss.nd6_opt_llao
                0x20004ef0        0x4 obj_zoul/uip-nd6.o
 .bss.addr      0x20004ef4        0x4 obj_zoul/uip-nd6.o
 .bss.s         0x20004ef8       0x44 obj_zoul/tcpip.o
 .bss.periodic  0x20004f3c       0x10 obj_zoul/tcpip.o
 .bss.outputfunc
                0x20004f4c        0x4 obj_zoul/tcpip.o
 .bss._rpl_parents_mem
                0x20004f50       0x80 obj_zoul/rpl-dag.o
 .bss.periodic_timer
                0x20004fd0       0x20 obj_zoul/rpl-nbr-policy.o
 .bss.timer_init
                0x20004ff0        0x4 obj_zoul/rpl-nbr-policy.o
 .bss.num_children
                0x20004ff4        0x4 obj_zoul/rpl-nbr-policy.o
 .bss.worst_rank_nbr
                0x20004ff8        0x4 obj_zoul/rpl-nbr-policy.o
 .bss.num_free  0x20004ffc        0x4 obj_zoul/rpl-nbr-policy.o
 .bss.num_parents
                0x20005000        0x4 obj_zoul/rpl-nbr-policy.o
 .bss.periodic_timer
                0x20005004       0x20 obj_zoul/rpl-timers.o
 .bss._link_stats_mem
                0x20005024       0xc0 obj_zoul/link-stats.o
 .bss.nbr_table_keys_list
                0x200050e4        0x4 obj_zoul/nbr-table.o
 .bss.neighbor_addr_mem_memb_mem
                0x200050e8       0xc0 obj_zoul/nbr-table.o
 .bss.all_tables
                0x200051a8       0x20 obj_zoul/nbr-table.o
 .bss.num_tables
                0x200051c8        0x4 obj_zoul/nbr-table.o
 .bss.packetbuf_aligned
                0x200051cc       0x80 obj_zoul/packetbuf.o
 .bss.bufmem_memb_mem
                0x2000524c       0x10 obj_zoul/queuebuf.o
 .bss.neighbor_list_list
                0x2000525c        0x4 obj_zoul/csma.o
 .bss.metadata_memb_memb_mem
                0x20005260       0x30 obj_zoul/csma.o
 .bss.packet_memb_memb_mem
                0x20005290       0x30 obj_zoul/csma.o
 .bss.neighbor_memb_memb_mem
                0x200052c0       0x70 obj_zoul/csma.o
 .bss.received_seqnos
                0x20005330      0x100 obj_zoul/mac-sequence.o
 .bss.hum_last  0x20005430        0x4 iotnode.co
 .bss.lux_last  0x20005434        0x4 iotnode.co
 .bss.et_dht    0x20005438       0x10 iotnode.co
 .bss.bati      0x20005448        0x4 iotnode.co
 .bss.et_bat    0x2000544c       0x10 iotnode.co
 .bss.client_conn
                0x2000545c        0x4 iotnode.co
 .bss.et_led    0x20005460       0x10 iotnode.co
 .bss.batread   0x20005470       0x14 iotnode.co
 .bss.tmp_last  0x20005484        0x4 iotnode.co
 .bss.et_ldr    0x20005488       0x10 iotnode.co
 .bss.my_tag    0x20005498        0x2 obj_zoul/sicslowpan.o
 .bss.lastport  0x2000549a        0x2 obj_zoul/uip6.o
 .bss.loc_fipaddr
                0x2000549c       0x10 obj_zoul/uip-ds6.o
 .bss._ds6_neighbors_mem
                0x200054ac      0x120 obj_zoul/uip-ds6-nbr.o
 .bss.tmp_ipaddr
                0x200055cc       0x10 obj_zoul/uip-icmp6.o
 .bss.worst_rank
                0x200055dc        0x2 obj_zoul/rpl-nbr-policy.o
 .bss.next_dis  0x200055de        0x2 obj_zoul/rpl-timers.o
 .bss.buflen    0x200055e0        0x2 obj_zoul/packetbuf.o
 .bss.bufptr    0x200055e2        0x2 obj_zoul/packetbuf.o
 .bss.buframmem_memb_mem
                0x200055e4      0x2c0 obj_zoul/queuebuf.o
 .bss.seqno.6751
                0x200058a4        0x2 obj_zoul/csma.o
 .bss.msg       0x200058a6        0xe iotnode.co
 .bss.counter   0x200058b4        0x2 iotnode.co
 .bss.server_ipaddr
                0x200058b6       0x10 iotnode.co
 .bss.enabled   0x200058c6        0x1 obj_zoul/dht22.o
 .bss.busy      0x200058c7        0x1 obj_zoul/dht22.o
 .bss.dht22_data
                0x200058c8        0x5 obj_zoul/dht22.o
 .bss.leds      0x200058cd        0x1 obj_zoul/leds.o
 .bss.decimation_rate
                0x200058ce        0x1 obj_zoul/adc-zoul.o
 .bss.enabled_channels
                0x200058cf        0x1 obj_zoul/adc-zoul.o
 .bss.press_event_counter
                0x200058d0        0x1 obj_zoul/button-sensor.o
 .bss.initialized
                0x200058d1        0x1 obj_zoul/antenna-sw.o
 .bss.crc_corr  0x200058d2        0x1 obj_zoul/cc2538-rf.o
 .bss.rssi      0x200058d3        0x1 obj_zoul/cc2538-rf.o
 .bss.poll_mode
                0x200058d4        0x1 obj_zoul/cc2538-rf.o
 .bss.rf_flags  0x200058d5        0x1 obj_zoul/cc2538-rf.o
 .bss.max_pm    0x200058d6        0x1 obj_zoul/lpm.o
 .bss.initialized
                0x200058d7        0x1 obj_zoul/ctimer.o
 .bss.fevent    0x200058d8        0x1 obj_zoul/process.o
 .bss.nevents   0x200058d9        0x1 obj_zoul/process.o
 .bss.poll_requested
                0x200058da        0x1 obj_zoul/process.o
 .bss.lastevent
                0x200058db        0x1 obj_zoul/process.o
 .bss.rxbuf_data
                0x200058dc       0x80 obj_zoul/serial-line.o
 .bss.overflow.5171
                0x2000595c        0x1 obj_zoul/serial-line.o
 .bss.buf.5177  0x2000595d       0x80 obj_zoul/serial-line.o
 .bss.num_sensors
                0x200059dd        0x1 obj_zoul/sensors.o
 .bss.uncomp_hdr_len
                0x200059de        0x1 obj_zoul/sicslowpan.o
 .bss.addr_contexts
                0x200059df        0xa obj_zoul/sicslowpan.o
 .bss.frag_buf  0x200059e9      0x54c obj_zoul/sicslowpan.o
 .bss.packetbuf_hdr_len
                0x20005f35        0x1 obj_zoul/sicslowpan.o
 .bss.uip_ext_len
                0x20005f36        0x1 obj_zoul/uip6.o
                0x20005f36                uip_ext_len
 .bss.uip_ext_bitmap
                0x20005f37        0x1 obj_zoul/uip6.o
                0x20005f37                uip_ext_bitmap
 .bss.iss       0x20005f38        0x4 obj_zoul/uip6.o
 .bss.uip_ext_opt_offset
                0x20005f3c        0x1 obj_zoul/uip6.o
                0x20005f3c                uip_ext_opt_offset
 .bss.defaultroutermemb_memb_count
                0x20005f3d        0x2 obj_zoul/uip-ds6-route.o
 .bss.neighborroutememb_memb_count
                0x20005f3f       0x10 obj_zoul/uip-ds6-route.o
 .bss.routememb_memb_count
                0x20005f4f       0x10 obj_zoul/uip-ds6-route.o
 .bss.nd6_opt_offset
                0x20005f5f        0x1 obj_zoul/uip-nd6.o
 .bss.started   0x20005f60        0x1 obj_zoul/simple-udp.o
 .bss.databuffer
                0x20005f61      0x100 obj_zoul/simple-udp.o
 .bss.mode      0x20006061        0x1 obj_zoul/rpl.o
 .bss.dio_send_ok
                0x20006062        0x1 obj_zoul/rpl-timers.o
 .bss.neighbor_addr_mem_memb_count
                0x20006063       0x10 obj_zoul/nbr-table.o
 .bss.locked_map
                0x20006073       0x10 obj_zoul/nbr-table.o
 .bss.used_map  0x20006083       0x10 obj_zoul/nbr-table.o
 .bss.hdrlen    0x20006093        0x1 obj_zoul/packetbuf.o
 .bss.buframmem_memb_count
                0x20006094        0x4 obj_zoul/queuebuf.o
 .bss.bufmem_memb_count
                0x20006098        0x4 obj_zoul/queuebuf.o
 .bss.metadata_memb_memb_count
                0x2000609c        0x4 obj_zoul/csma.o
 .bss.initialized.6750
                0x200060a0        0x1 obj_zoul/csma.o
 .bss.packet_memb_memb_count
                0x200060a1        0x4 obj_zoul/csma.o
 .bss.neighbor_memb_memb_count
                0x200060a5        0x2 obj_zoul/csma.o
 .bss.mac_dsn   0x200060a7        0x1 obj_zoul/framer-802154.o
 .bss.initialized
                0x200060a8        0x1 obj_zoul/framer-802154.o
 *(SORT(COMMON))
 *fill*         0x200060a9        0x3 
 COMMON         0x200060ac      0x464 obj_zoul/uip6.o
                0x200060ac                uip_len