Archive member included because of file (symbol)

/usr/bin/../lib/gcc/arm-none-eabi/4.9.3/armv7-m/libgcc.a(_ashldi3.o)
                              obj_zoul/mmc.o (__aeabi_llsl)
/usr/bin/../lib/gcc/arm-none-eabi/4.9.3/armv7-m/libgcc.a(_aeabi_uldivmod.o)
                              obj_zoul/spi.o (__aeabi_uldivmod)
/usr/bin/../lib/gcc/arm-none-eabi/4.9.3/armv7-m/libgcc.a(bpabi.o)
                              /usr/bin/../lib/gcc/arm-none-eabi/4.9.3/armv7-m/libgcc.a(_aeabi_uldivmod.o) (__gnu_uldivmod_helper)
/usr/bin/../lib/gcc/arm-none-eabi/4.9.3/armv7-m/libgcc.a(_dvmd_tls.o)
                              /usr/bin/../lib/gcc/arm-none-eabi/4.9.3/armv7-m/libgcc.a(_aeabi_uldivmod.o) (__aeabi_ldiv0)
/usr/bin/../lib/gcc/arm-none-eabi/4.9.3/armv7-m/libgcc.a(_divdi3.o)
                              /usr/bin/../lib/gcc/arm-none-eabi/4.9.3/armv7-m/libgcc.a(bpabi.o) (__divdi3)
/usr/bin/../lib/gcc/arm-none-eabi/4.9.3/armv7-m/libgcc.a(_udivdi3.o)
                              /usr/bin/../lib/gcc/arm-none-eabi/4.9.3/armv7-m/libgcc.a(bpabi.o) (__udivdi3)
/usr/bin/../lib/gcc/arm-none-eabi/4.9.3/../../../../arm-none-eabi/lib/armv7-m/libc.a(lib_a-ctype_.o)
                              obj_zoul/resolv.o (__ctype_ptr__)
/usr/bin/../lib/gcc/arm-none-eabi/4.9.3/../../../../arm-none-eabi/lib/armv7-m/libc.a(lib_a-malloc.o)
                              obj_zoul/syscall.o (malloc)
/usr/bin/../lib/gcc/arm-none-eabi/4.9.3/../../../../arm-none-eabi/lib/armv7-m/libc.a(lib_a-mallocr.o)
                              /usr/bin/../lib/gcc/arm-none-eabi/4.9.3/../../../../arm-none-eabi/lib/armv7-m/libc.a(lib_a-malloc.o) (_malloc_r)
/usr/bin/../lib/gcc/arm-none-eabi/4.9.3/../../../../arm-none-eabi/lib/armv7-m/libc.a(lib_a-memcmp.o)
                              obj_zoul/sicslowpan.o (memcmp)
/usr/bin/../lib/gcc/arm-none-eabi/4.9.3/../../../../arm-none-eabi/lib/armv7-m/libc.a(lib_a-memcpy.o)
                              obj_zoul/dbg-snprintf.o (memcpy)
/usr/bin/../lib/gcc/arm-none-eabi/4.9.3/../../../../arm-none-eabi/lib/armv7-m/libc.a(lib_a-memmove.o)
                              obj_zoul/mmem.o (memmove)
/usr/bin/../lib/gcc/arm-none-eabi/4.9.3/../../../../arm-none-eabi/lib/armv7-m/libc.a(lib_a-memset.o)
                              obj_zoul/gpio.o (memset)
/usr/bin/../lib/gcc/arm-none-eabi/4.9.3/../../../../arm-none-eabi/lib/armv7-m/libc.a(lib_a-mlock.o)
                              /usr/bin/../lib/gcc/arm-none-eabi/4.9.3/../../../../arm-none-eabi/lib/armv7-m/libc.a(lib_a-mallocr.o) (__malloc_lock)
/usr/bin/../lib/gcc/arm-none-eabi/4.9.3/../../../../arm-none-eabi/lib/armv7-m/libc.a(lib_a-reent.o)
                              obj_zoul/syscalls.o (errno)
/usr/bin/../lib/gcc/arm-none-eabi/4.9.3/../../../../arm-none-eabi/lib/armv7-m/libc.a(lib_a-sbrkr.o)
                              /usr/bin/../lib/gcc/arm-none-eabi/4.9.3/../../../../arm-none-eabi/lib/armv7-m/libc.a(lib_a-mallocr.o) (_sbrk_r)
/usr/bin/../lib/gcc/arm-none-eabi/4.9.3/../../../../arm-none-eabi/lib/armv7-m/libc.a(lib_a-strcasecmp.o)
                              obj_zoul/resolv.o (strcasecmp)
/usr/bin/../lib/gcc/arm-none-eabi/4.9.3/../../../../arm-none-eabi/lib/armv7-m/libc.a(lib_a-strcmp.o)
                              obj_zoul/cfs-coffee.o (strcmp)
/usr/bin/../lib/gcc/arm-none-eabi/4.9.3/../../../../arm-none-eabi/lib/armv7-m/libc.a(lib_a-strcpy.o)
                              border-router.co (strcpy)
/usr/bin/../lib/gcc/arm-none-eabi/4.9.3/../../../../arm-none-eabi/lib/armv7-m/libc.a(lib_a-strlen.o)
                              obj_zoul/sensors.o (strlen)
/usr/bin/../lib/gcc/arm-none-eabi/4.9.3/../../../../arm-none-eabi/lib/armv7-m/libc.a(lib_a-strncasecmp.o)
                              obj_zoul/resolv.o (strncasecmp)
/usr/bin/../lib/gcc/arm-none-eabi/4.9.3/../../../../arm-none-eabi/lib/armv7-m/libc.a(lib_a-strncat.o)
                              obj_zoul/resolv.o (strncat)
/usr/bin/../lib/gcc/arm-none-eabi/4.9.3/../../../../arm-none-eabi/lib/armv7-m/libc.a(lib_a-strncmp.o)
                              obj_zoul/sensors.o (strncmp)
/usr/bin/../lib/gcc/arm-none-eabi/4.9.3/../../../../arm-none-eabi/lib/armv7-m/libc.a(lib_a-strncpy.o)
                              obj_zoul/cfs-coffee.o (strncpy)
/usr/bin/../lib/gcc/arm-none-eabi/4.9.3/../../../../arm-none-eabi/lib/armv7-m/libc.a(lib_a-freer.o)
                              /usr/bin/../lib/gcc/arm-none-eabi/4.9.3/../../../../arm-none-eabi/lib/armv7-m/libc.a(lib_a-malloc.o) (_free_r)
/usr/bin/../lib/gcc/arm-none-eabi/4.9.3/../../../../arm-none-eabi/lib/armv7-m/libc.a(lib_a-impure.o)
                              /usr/bin/../lib/gcc/arm-none-eabi/4.9.3/../../../../arm-none-eabi/lib/armv7-m/libc.a(lib_a-malloc.o) (_impure_ptr)

Allocating common symbols
Common symbol       size              file

compower_idle_activity
                    0x8               obj_zoul/compower.o
uip_ds6_timer_ra    0x8               obj_zoul/uip-ds6.o
rtcc_int1_callback  0x4               obj_zoul/rtcc.o
[...]
Memory Configuration

Name             Origin             Length             Attributes
FLASH_FW         0x00202000         0x0007dfd4         xr
FLASH_CCA        0x0027ffd4         0x0000002c         xr
NRSRAM           0x20000000         0x00004000         xrw
FRSRAM           0x20004000         0x00004000         xrw
*default*        0x00000000         0xffffffff

Linker script and memory map

LOAD obj_zoul/startup-gcc.o
LOAD obj_zoul/contiki-main.o
LOAD obj_zoul/leds.o
LOAD obj_zoul/cc1200-zoul-arch.o
LOAD obj_zoul/adc-zoul.o
LOAD obj_zoul/button-sensor.o
LOAD obj_zoul/zoul-sensors.o
LOAD obj_zoul/board.o
LOAD obj_zoul/antenna-sw.o
LOAD obj_zoul/mmc-arch.o
LOAD obj_zoul/rtcc.o
LOAD obj_zoul/leds-res-arch.o
LOAD obj_zoul/power-mgmt.o
LOAD obj_zoul/soc.o
LOAD obj_zoul/clock.o
LOAD obj_zoul/rtimer-arch.o
LOAD obj_zoul/uart.o
LOAD obj_zoul/watchdog.o
LOAD obj_zoul/nvic.o
LOAD obj_zoul/sys-ctrl.o
LOAD obj_zoul/gpio.o
LOAD obj_zoul/ioc.o
LOAD obj_zoul/spi.o
LOAD obj_zoul/adc.o
LOAD obj_zoul/crypto.o
LOAD obj_zoul/aes.o
LOAD obj_zoul/ecb.o
LOAD obj_zoul/cbc.o
LOAD obj_zoul/ctr.o
LOAD obj_zoul/cbc-mac.o
LOAD obj_zoul/gcm.o
LOAD obj_zoul/ccm.o
LOAD obj_zoul/sha256.o
LOAD obj_zoul/cc2538-aes-128.o
LOAD obj_zoul/cc2538-ccm-star.o
LOAD obj_zoul/cc2538-rf.o
LOAD obj_zoul/udma.o
LOAD obj_zoul/lpm.o
LOAD obj_zoul/pka.o
LOAD obj_zoul/bignum-driver.o
LOAD obj_zoul/ecc-driver.o
LOAD obj_zoul/ecc-algorithm.o
LOAD obj_zoul/ecc-curve.o
LOAD obj_zoul/dbg.o
LOAD obj_zoul/ieee-addr.o
LOAD obj_zoul/slip-arch.o
LOAD obj_zoul/slip.o
LOAD obj_zoul/i2c.o
LOAD obj_zoul/cc2538-temp-sensor.o
LOAD obj_zoul/vdd3-sensor.o
LOAD obj_zoul/cfs-coffee.o
LOAD obj_zoul/cfs-coffee-arch.o
LOAD obj_zoul/pwm.o
LOAD obj_zoul/dbg-printf.o
LOAD obj_zoul/dbg-snprintf.o
LOAD obj_zoul/dbg-sprintf.o
LOAD obj_zoul/strformat.o
LOAD obj_zoul/usb-core.o
LOAD obj_zoul/cdc-acm.o
LOAD obj_zoul/usb-arch.o
LOAD obj_zoul/usb-serial.o
LOAD obj_zoul/cdc-acm-descriptors.o
LOAD obj_zoul/arg.o
LOAD obj_zoul/autostart.o
LOAD obj_zoul/compower.o
LOAD obj_zoul/ctimer.o
LOAD obj_zoul/energest.o
LOAD obj_zoul/etimer.o
LOAD obj_zoul/mt.o
LOAD obj_zoul/process.o
LOAD obj_zoul/procinit.o
LOAD obj_zoul/rtimer.o
LOAD obj_zoul/stimer.o
LOAD obj_zoul/timer.o
LOAD obj_zoul/nullradio.o
LOAD obj_zoul/serial-line.o
LOAD obj_zoul/aes-128.o
LOAD obj_zoul/assert.o
LOAD obj_zoul/ccm-star.o
LOAD obj_zoul/crc16.o
LOAD obj_zoul/gcr.o
LOAD obj_zoul/ifft.o
LOAD obj_zoul/list.o
LOAD obj_zoul/me.o
LOAD obj_zoul/memb.o
LOAD obj_zoul/me_tabs.o
LOAD obj_zoul/mmem.o
LOAD obj_zoul/petsciiconv.o
LOAD obj_zoul/print-stats.o
LOAD obj_zoul/random.o
LOAD obj_zoul/ringbuf.o
LOAD obj_zoul/ringbufindex.o
LOAD obj_zoul/sensors.o
LOAD obj_zoul/settings.o
LOAD obj_zoul/trickle-timer.o
LOAD obj_zoul/sicslowpan.o
LOAD obj_zoul/uip6.o
LOAD obj_zoul/uip-ds6.o
LOAD obj_zoul/uip-ds6-nbr.o
LOAD obj_zoul/uip-ds6-route.o
LOAD obj_zoul/uip-icmp6.o
LOAD obj_zoul/uip-nd6.o
LOAD obj_zoul/websocket.o
LOAD obj_zoul/websocket-http-client.o
LOAD obj_zoul/dhcpc.o
LOAD obj_zoul/ip64-addr.o
LOAD obj_zoul/psock.o
LOAD obj_zoul/resolv.o
LOAD obj_zoul/simple-udp.o
LOAD obj_zoul/slipdev.o
LOAD obj_zoul/tcpip.o
LOAD obj_zoul/tcp-socket.o
LOAD obj_zoul/udp-socket.o
LOAD obj_zoul/uip-debug.o
LOAD obj_zoul/uiplib.o
LOAD obj_zoul/uip-nameserver.o
LOAD obj_zoul/uip-packetqueue.o
LOAD obj_zoul/uip-split.o
LOAD obj_zoul/uip-udp-packet.o
LOAD obj_zoul/rpl.o
LOAD obj_zoul/rpl-dag.o
LOAD obj_zoul/rpl-dag-root.o
LOAD obj_zoul/rpl-ext-header.o
LOAD obj_zoul/rpl-icmp6.o
LOAD obj_zoul/rpl-mrhof.o
LOAD obj_zoul/rpl-nbr-policy.o
LOAD obj_zoul/rpl-ns.o
LOAD obj_zoul/rpl-of0.o
LOAD obj_zoul/rpl-timers.o
LOAD obj_zoul/ff.o
LOAD obj_zoul/syscall.o
LOAD obj_zoul/unicode.o
LOAD obj_zoul/diskio.o
LOAD obj_zoul/mmc.o
LOAD obj_zoul/syscalls.o
LOAD obj_zoul/mtarch.o
LOAD obj_zoul/linkaddr.o
LOAD obj_zoul/link-stats.o
LOAD obj_zoul/nbr-table.o
LOAD obj_zoul/net-debug.o
LOAD obj_zoul/netstack.o
LOAD obj_zoul/packetbuf.o
LOAD obj_zoul/queuebuf.o
LOAD obj_zoul/csma.o
LOAD obj_zoul/frame802154.o
LOAD obj_zoul/frame802154e-ie.o
LOAD obj_zoul/framer-802154.o
LOAD obj_zoul/framer-nullmac.o
LOAD obj_zoul/mac.o
LOAD obj_zoul/mac-sequence.o
LOAD obj_zoul/nordc.o
LOAD obj_zoul/nullmac.o
LOAD obj_zoul/nullrdc.o
LOAD obj_zoul/nullrdc-noframer.o
LOAD obj_zoul/phase.o
LOAD obj_zoul/contikimac.o
LOAD obj_zoul/contikimac-framer.o
LOAD obj_zoul/anti-replay.o
LOAD obj_zoul/ccm-star-packetbuf.o
LOAD obj_zoul/nullsec.o
LOAD obj_zoul/noncoresec.o
LOAD obj_zoul/cc1200-802154g-863-870-fsk-50kbps.o
LOAD obj_zoul/cc1200-868-fsk-1-2kbps.o
LOAD obj_zoul/cc1200.o
LOAD border-router.co
LOAD obj_zoul/slip-bridge.o
LOAD obj_zoul/httpd-simple.o
LOAD /usr/bin/../lib/gcc/arm-none-eabi/4.9.3/../../../../arm-none-eabi/lib/armv7-m/libm.a
START GROUP
LOAD /usr/bin/../lib/gcc/arm-none-eabi/4.9.3/armv7-m/libgcc.a
LOAD /usr/bin/../lib/gcc/arm-none-eabi/4.9.3/../../../../arm-none-eabi/lib/armv7-m/libc.a
END GROUP

.text           0x00202000     0xbd08
                0x00202000                _text = .
 *(SORT(.vectors))
 .vectors       0x00202000      0x28c obj_zoul/startup-gcc.o
                0x00202000                vectors
 *(SORT(.text*))
 .text.reset_handler
                0x0020228c       0x40 obj_zoul/startup-gcc.o
                0x0020228c                reset_handler
 .text.startup.main
                0x002022cc      0x1b0 obj_zoul/contiki-main.o
                0x002022cc                main
 .text.leds_init
                0x0020247c       0x14 obj_zoul/leds.o
                0x0020247c                leds_init
 .text.leds_on  0x00202490       0x10 obj_zoul/leds.o
                0x00202490                leds_on
 .text.leds_off
                0x002024a0       0x14 obj_zoul/leds.o
                0x002024a0                leds_off
 .text.value    0x002024b4       0x20 obj_zoul/button-sensor.o
 .text.duration_exceeded_callback
                0x002024d4       0x3c obj_zoul/button-sensor.o
 .text.config_user
                0x00202510       0xa0 obj_zoul/button-sensor.o
 .text.btn_callback
                0x002025b0       0x5c obj_zoul/button-sensor.o
 .text.antenna_sw_config
                0x0020260c       0x30 obj_zoul/antenna-sw.o
                0x0020260c                antenna_sw_config
 .text.antenna_sw_get
                0x0020263c       0x1c obj_zoul/antenna-sw.o
                0x0020263c                antenna_sw_get
 .text.leds_arch_init
                0x00202658       0x48 obj_zoul/leds-res-arch.o
                0x00202658                leds_arch_init
 .text.leds_arch_set
                0x002026a0       0x44 obj_zoul/leds-res-arch.o
                0x002026a0                leds_arch_set
 .text.soc_get_rev
                0x002026e4       0x18 obj_zoul/soc.o
                0x002026e4                soc_get_rev
 .text.soc_get_sram_size
                0x002026fc       0x1c obj_zoul/soc.o
                0x002026fc                soc_get_sram_size
 .text.soc_print_info
                0x00202718       0x70 obj_zoul/soc.o
                0x00202718                soc_print_info
 .text.update_ticks
                0x00202788       0x4c obj_zoul/clock.o
 .text.clock_init
                0x002027d4       0x4c obj_zoul/clock.o
                0x002027d4                clock_init
 .text.clock_time
                0x00202820       0x14 obj_zoul/clock.o
                0x00202820                clock_time
 .text.clock_seconds
                0x00202834       0x14 obj_zoul/clock.o
                0x00202834                clock_seconds
 .text.clock_delay_usec
                0x00202848       0x1c obj_zoul/clock.o
                0x00202848                clock_delay_usec
 .text.clock_adjust
                0x00202864       0x20 obj_zoul/clock.o
                0x00202864                clock_adjust
 .text.rtimer_arch_next_trigger
                0x00202884        0xc obj_zoul/rtimer-arch.o
                0x00202884                rtimer_arch_next_trigger
 .text.rtimer_arch_now
                0x00202890       0x2c obj_zoul/rtimer-arch.o
                0x00202890                rtimer_arch_now
 .text.rtimer_arch_schedule
                0x002028bc       0x58 obj_zoul/rtimer-arch.o
                0x002028bc                rtimer_arch_schedule
 .text.rtimer_isr
                0x00202914       0x2c obj_zoul/rtimer-arch.o
                0x00202914                rtimer_isr
 .text.permit_pm1
                0x00202940       0x24 obj_zoul/uart.o
 .text.uart_isr
                0x00202964       0x64 obj_zoul/uart.o
 .text.uart_init
                0x002029c8      0x1b8 obj_zoul/uart.o
                0x002029c8                uart_init
 .text.uart_set_input
                0x00202b80       0x10 obj_zoul/uart.o
                0x00202b80                uart_set_input
 .text.uart_write_byte
                0x00202b90       0x1c obj_zoul/uart.o
                0x00202b90                uart_write_byte
 .text.watchdog_init
                0x00202bac        0xc obj_zoul/watchdog.o
                0x00202bac                watchdog_init
 .text.watchdog_start
                0x00202bb8        0xc obj_zoul/watchdog.o
                0x00202bb8                watchdog_start
 .text.watchdog_periodic
                0x00202bc4       0x10 obj_zoul/watchdog.o
                0x00202bc4                watchdog_periodic
 .text.nvic_init
                0x00202bd4       0x10 obj_zoul/nvic.o
                0x00202bd4                nvic_init
 .text.sys_ctrl_get_reset_cause
                0x00202be4       0x10 obj_zoul/sys-ctrl.o
                0x00202be4                sys_ctrl_get_reset_cause
 .text.sys_ctrl_get_reset_cause_str
                0x00202bf4       0x14 obj_zoul/sys-ctrl.o
                0x00202bf4                sys_ctrl_get_reset_cause_str
 .text.sys_ctrl_init
                0x00202c08       0x74 obj_zoul/sys-ctrl.o
                0x00202c08                sys_ctrl_init
 .text.sys_ctrl_get_sys_clock
                0x00202c7c       0x18 obj_zoul/sys-ctrl.o
                0x00202c7c                sys_ctrl_get_sys_clock
 .text.sys_ctrl_get_io_clock
                0x00202c94       0x18 obj_zoul/sys-ctrl.o
                0x00202c94                sys_ctrl_get_io_clock
 .text.gpio_register_callback
                0x00202cac       0x10 obj_zoul/gpio.o
                0x00202cac                gpio_register_callback
 .text.notify   0x00202cbc       0x30 obj_zoul/gpio.o
                0x00202cbc                notify
 .text.gpio_port_isr
                0x00202cec       0x50 obj_zoul/gpio.o
 .text.gpio_init
                0x00202d3c       0x10 obj_zoul/gpio.o
                0x00202d3c                gpio_init
 .text.ioc_init
                0x00202d4c       0x1c obj_zoul/ioc.o
                0x00202d4c                ioc_init
 .text.ioc_set_over
                0x00202d68       0x14 obj_zoul/ioc.o
                0x00202d68                ioc_set_over
 .text.ioc_set_sel
                0x00202d7c       0x14 obj_zoul/ioc.o
                0x00202d7c                ioc_set_sel
 .text.adc_get  0x00202d90       0x78 obj_zoul/adc.o
                0x00202d90                adc_get
 .text.permit_pm1
                0x00202e08       0x10 obj_zoul/crypto.o
 .text.crypto_isr
                0x00202e18       0x28 obj_zoul/crypto.o
                0x00202e18                crypto_isr
 .text.crypto_enable
                0x00202e40       0x20 obj_zoul/crypto.o
                0x00202e40                crypto_enable
 .text.crypto_init
                0x00202e60       0x3c obj_zoul/crypto.o
                0x00202e60                crypto_init
 .text.crypto_disable
                0x00202e9c       0x20 obj_zoul/crypto.o
                0x00202e9c                crypto_disable
 .text.on       0x00202ebc       0x2c obj_zoul/cc2538-rf.o
 .text.off      0x00202ee8       0x40 obj_zoul/cc2538-rf.o
 .text.set_channel
                0x00202f28       0x48 obj_zoul/cc2538-rf.o
 .text.channel_clear
                0x00202f70       0x3c obj_zoul/cc2538-rf.o
 .text.receiving_packet
                0x00202fac       0x18 obj_zoul/cc2538-rf.o
 .text.pending_packet
                0x00202fc4       0x10 obj_zoul/cc2538-rf.o
 .text.get_value
                0x00202fd4      0x164 obj_zoul/cc2538-rf.o
 .text.prepare  0x00203138       0x64 obj_zoul/cc2538-rf.o
 .text.transmit
                0x0020319c       0x98 obj_zoul/cc2538-rf.o
 .text.set_frame_filtering
                0x00203234       0x18 obj_zoul/cc2538-rf.o
 .text.set_object
                0x0020324c       0x30 obj_zoul/cc2538-rf.o
 .text.read     0x0020327c       0xe4 obj_zoul/cc2538-rf.o
 .text.get_object
                0x00203360      0x144 obj_zoul/cc2538-rf.o
 .text.set_poll_mode
                0x002034a4       0x9c obj_zoul/cc2538-rf.o
 .text.set_value
                0x00203540       0xe8 obj_zoul/cc2538-rf.o
 .text.init     0x00203628       0xc8 obj_zoul/cc2538-rf.o
 .text.process_thread_cc2538_rf_process
                0x002036f0       0x90 obj_zoul/cc2538-rf.o
 .text.cc2538_rf_rx_tx_isr
                0x00203780       0x24 obj_zoul/cc2538-rf.o
                0x00203780                cc2538_rf_rx_tx_isr
 .text.cc2538_rf_err_isr
                0x002037a4       0x28 obj_zoul/cc2538-rf.o
                0x002037a4                cc2538_rf_err_isr
 .text.udma_init
                0x002037cc       0x34 obj_zoul/udma.o
                0x002037cc                udma_init
 .text.udma_set_channel_src
                0x00203800       0x10 obj_zoul/udma.o
                0x00203800                udma_set_channel_src
 .text.udma_set_channel_dst
                0x00203810       0x14 obj_zoul/udma.o
                0x00203810                udma_set_channel_dst
 .text.udma_set_channel_control_word
                0x00203824       0x14 obj_zoul/udma.o
                0x00203824                udma_set_channel_control_word
 .text.udma_channel_enable
                0x00203838       0x18 obj_zoul/udma.o
                0x00203838                udma_channel_enable
 .text.udma_channel_mask_set
                0x00203850       0x18 obj_zoul/udma.o
                0x00203850                udma_channel_mask_set
 .text.udma_channel_sw_request
                0x00203868       0x18 obj_zoul/udma.o
                0x00203868                udma_channel_sw_request
 .text.udma_channel_get_mode
                0x00203880       0x1c obj_zoul/udma.o
                0x00203880                udma_channel_get_mode
 .text.udma_isr
                0x0020389c       0x10 obj_zoul/udma.o
                0x0020389c                udma_isr
 .text.udma_err_isr
                0x002038ac        0xc obj_zoul/udma.o
                0x002038ac                udma_err_isr
 .text.select_32_mhz_xosc
                0x002038b8       0x2c obj_zoul/lpm.o
 .text.lpm_exit
                0x002038e4       0x34 obj_zoul/lpm.o
                0x002038e4                lpm_exit
 .text.lpm_enter
                0x00203918       0xb0 obj_zoul/lpm.o
                0x00203918                lpm_enter
 .text.lpm_register_peripheral
                0x002039c8       0x20 obj_zoul/lpm.o
                0x002039c8                lpm_register_peripheral
 .text.lpm_init
                0x002039e8       0x24 obj_zoul/lpm.o
                0x002039e8                lpm_init
 .text.pka_isr  0x00203a0c       0x28 obj_zoul/pka.o
                0x00203a0c                pka_isr
 .text.putchar  0x00203a34       0x40 obj_zoul/dbg.o
                0x00203a34                putchar
 .text.ieee_addr_cpy_to
                0x00203a74       0x74 obj_zoul/ieee-addr.o
                0x00203a74                ieee_addr_cpy_to
 .text.slip_arch_init
                0x00203ae8        0xc obj_zoul/slip-arch.o
                0x00203ae8                slip_arch_init
 .text.process_thread_slip_process
                0x00203af4      0x1cc obj_zoul/slip.o
 .text.slip_set_input_callback
                0x00203cc0        0xc obj_zoul/slip.o
                0x00203cc0                slip_set_input_callback
 .text.slip_send
                0x00203ccc       0x4c obj_zoul/slip.o
                0x00203ccc                slip_send
 .text.slip_input_byte
                0x00203d18       0xa8 obj_zoul/slip.o
                0x00203d18                slip_input_byte
 .text.printf   0x00203dc0       0x20 obj_zoul/dbg-printf.o
                0x00203dc0                printf
 .text.vsnprintf
                0x00203de0       0x28 obj_zoul/dbg-snprintf.o
                0x00203de0                vsnprintf
 .text.fill_space
                0x00203e08       0x34 obj_zoul/strformat.o
 .text.format_str_v
                0x00203e3c      0x6e8 obj_zoul/strformat.o
                0x00203e3c                format_str_v
 .text.process_thread_ctimer_process
                0x00204524       0x80 obj_zoul/ctimer.o
 .text.ctimer_init
                0x002045a4       0x28 obj_zoul/ctimer.o
                0x002045a4                ctimer_init
 .text.ctimer_set_with_process
                0x002045cc       0x44 obj_zoul/ctimer.o
                0x002045cc                ctimer_set_with_process
 .text.ctimer_set
                0x00204610       0x14 obj_zoul/ctimer.o
                0x00204610                ctimer_set
 .text.ctimer_reset
                0x00204624       0x38 obj_zoul/ctimer.o
                0x00204624                ctimer_reset
 .text.ctimer_restart
                0x0020465c       0x38 obj_zoul/ctimer.o
                0x0020465c                ctimer_restart
 .text.ctimer_stop
                0x00204694       0x2c obj_zoul/ctimer.o
                0x00204694                ctimer_stop
 .text.update_time
                0x002046c0       0x44 obj_zoul/etimer.o
 .text.etimer_request_poll
                0x00204704        0xc obj_zoul/etimer.o
                0x00204704                etimer_request_poll
 .text.process_thread_etimer_process
                0x00204710       0x94 obj_zoul/etimer.o
 .text.add_timer
                0x002047a4       0x40 obj_zoul/etimer.o
 .text.etimer_pending
                0x002047e4       0x10 obj_zoul/etimer.o
                0x002047e4                etimer_pending
 .text.etimer_stop
                0x002047f4       0x34 obj_zoul/etimer.o
                0x002047f4                etimer_stop
 .text.call_process.part.0
                0x00204828       0x38 obj_zoul/process.o
 .text.exit_process
                0x00204860       0x80 obj_zoul/process.o
 .text.do_poll  0x002048e0       0x30 obj_zoul/process.o
 .text.process_alloc_event
                0x00204910       0x10 obj_zoul/process.o
                0x00204910                process_alloc_event
 .text.process_init
                0x00204920       0x30 obj_zoul/process.o
                0x00204920                process_init
 .text.process_run
                0x00204950       0x84 obj_zoul/process.o
                0x00204950                process_run
 .text.process_nevents
                0x002049d4       0x14 obj_zoul/process.o
                0x002049d4                process_nevents
 .text.process_post
                0x002049e8       0x3c obj_zoul/process.o
                0x002049e8                process_post
 .text.process_post_synch
                0x00204a24       0x14 obj_zoul/process.o
                0x00204a24                process_post_synch
 .text.process_start
                0x00204a38       0x30 obj_zoul/process.o
                0x00204a38                process_start
 .text.process_poll
                0x00204a68       0x18 obj_zoul/process.o
                0x00204a68                process_poll
 .text.rtimer_run_next
                0x00204a80       0x28 obj_zoul/rtimer.o
                0x00204a80                rtimer_run_next
 .text.stimer_expired
                0x00204aa8       0x20 obj_zoul/stimer.o
                0x00204aa8                stimer_expired
 .text.process_thread_serial_line_process
                0x00204ac8       0x98 obj_zoul/serial-line.o
 .text.serial_line_input_byte
                0x00204b60       0x44 obj_zoul/serial-line.o
                0x00204b60                serial_line_input_byte
 .text.serial_line_init
                0x00204ba4       0x24 obj_zoul/serial-line.o
                0x00204ba4                serial_line_init
 .text.random_rand
                0x00204bc8       0x20 obj_zoul/random.o
                0x00204bc8                random_rand
 .text.random_init
                0x00204be8       0x78 obj_zoul/random.o
                0x00204be8                random_init
 .text.process_thread_sensors_process
                0x00204c60       0xd4 obj_zoul/sensors.o
 .text.sensors_changed
                0x00204d34       0x38 obj_zoul/sensors.o
                0x00204d34                sensors_changed
 .text.clear_fragments
                0x00204d6c       0x3c obj_zoul/sicslowpan.o
 .text.sicslowpan_init
                0x00204da8       0x24 obj_zoul/sicslowpan.o
                0x00204da8                sicslowpan_init
 .text.compress_addr_64
                0x00204dcc       0x90 obj_zoul/sicslowpan.o
 .text.set_packet_attrs
                0x00204e5c       0x44 obj_zoul/sicslowpan.o
 .text.addr_context_lookup_by_prefix
                0x00204ea0       0x28 obj_zoul/sicslowpan.o
 .text.send_packet
                0x00204ec8       0x24 obj_zoul/sicslowpan.o
 .text.packet_sent
                0x00204eec       0x28 obj_zoul/sicslowpan.o
 .text.store_fragment
                0x00204f14       0x58 obj_zoul/sicslowpan.o
 .text.uncompress_addr
                0x00204f6c       0xa4 obj_zoul/sicslowpan.o
 .text.output   0x00205010      0x6a0 obj_zoul/sicslowpan.o
 .text.add_fragment
                0x002056b0      0x124 obj_zoul/sicslowpan.o
 .text.input    0x002057d4      0x5ac obj_zoul/sicslowpan.o
 .text.upper_layer_chksum
                0x00205d80       0x54 obj_zoul/uip6.o
 .text.ext_hdr_options_process
                0x00205dd4       0xac obj_zoul/uip6.o
 .text.uip_add32
                0x00205e80       0x54 obj_zoul/uip6.o
                0x00205e80                uip_add32
 .text.unlikely.uip_add_rcv_nxt
                0x00205ed4       0x2c obj_zoul/uip6.o
 .text.uip_init
                0x00205f00       0x5c obj_zoul/uip6.o
                0x00205f00                uip_init
 .text.remove_ext_hdr
                0x00205f5c       0x5c obj_zoul/uip6.o
                0x00205f5c                remove_ext_hdr
 .text.uip_unlisten
                0x00205fb8       0x20 obj_zoul/uip6.o
                0x00205fb8                uip_unlisten
 .text.uip_listen
                0x00205fd8       0x1c obj_zoul/uip6.o
                0x00205fd8                uip_listen
 .text.uip_process
                0x00205ff4      0xd50 obj_zoul/uip6.o
                0x00205ff4                uip_process
 .text.uip_send
                0x00206d44       0x44 obj_zoul/uip6.o
                0x00206d44                uip_send
 .text.uip_ds6_prefix_add
                0x00206d88       0x64 obj_zoul/uip-ds6.o
                0x00206d88                uip_ds6_prefix_add
 .text.uip_ds6_is_addr_onlink
                0x00206dec       0x40 obj_zoul/uip-ds6.o
                0x00206dec                uip_ds6_is_addr_onlink
 .text.uip_ds6_addr_lookup
                0x00206e2c       0x2c obj_zoul/uip-ds6.o
                0x00206e2c                uip_ds6_addr_lookup
 .text.uip_ds6_get_link_local
                0x00206e58       0x40 obj_zoul/uip-ds6.o
                0x00206e58                uip_ds6_get_link_local
 .text.uip_ds6_maddr_add
                0x00206e98       0x4c obj_zoul/uip-ds6.o
                0x00206e98                uip_ds6_maddr_add
 .text.uip_ds6_addr_add
                0x00206ee4       0x94 obj_zoul/uip-ds6.o
                0x00206ee4                uip_ds6_addr_add
 .text.uip_ds6_maddr_lookup
                0x00206f78       0x2c obj_zoul/uip-ds6.o
                0x00206f78                uip_ds6_maddr_lookup
 .text.uip_ds6_addr_rm
                0x00206fa4       0x44 obj_zoul/uip-ds6.o
                0x00206fa4                uip_ds6_addr_rm
 .text.uip_ds6_periodic
                0x00206fe8       0x4c obj_zoul/uip-ds6.o
                0x00206fe8                uip_ds6_periodic
 .text.uip_ds6_select_src
                0x00207034       0x94 obj_zoul/uip-ds6.o
                0x00207034                uip_ds6_select_src
 .text.uip_ds6_compute_reachable_time
                0x002070c8       0x28 obj_zoul/uip-ds6.o
                0x002070c8                uip_ds6_compute_reachable_time
 .text.uip_ds6_init
                0x002070f0       0xe0 obj_zoul/uip-ds6.o
                0x002070f0                uip_ds6_init
 .text.uip_ds6_nbr_rm
                0x002071d0       0x20 obj_zoul/uip-ds6-nbr.o
                0x002071d0                uip_ds6_nbr_rm
 .text.uip_ds6_neighbors_init
                0x002071f0       0x1c obj_zoul/uip-ds6-nbr.o
                0x002071f0                uip_ds6_neighbors_init
 .text.uip_ds6_nbr_add
                0x0020720c       0x3c obj_zoul/uip-ds6-nbr.o
                0x0020720c                uip_ds6_nbr_add
 .text.uip_ds6_nbr_get_ll
                0x00207248       0x10 obj_zoul/uip-ds6-nbr.o
                0x00207248                uip_ds6_nbr_get_ll
 .text.uip_ds6_nbr_lookup
                0x00207258       0x38 obj_zoul/uip-ds6-nbr.o
                0x00207258                uip_ds6_nbr_lookup
 .text.uip_ds6_nbr_ll_lookup
                0x00207290       0x10 obj_zoul/uip-ds6-nbr.o
                0x00207290                uip_ds6_nbr_ll_lookup
 .text.uip_ds6_link_neighbor_callback
                0x002072a0       0x34 obj_zoul/uip-ds6-nbr.o
                0x002072a0                uip_ds6_link_neighbor_callback
 .text.call_route_callback
                0x002072d4       0x48 obj_zoul/uip-ds6-route.o
 .text.uip_ds6_route_init
                0x0020731c       0x4c obj_zoul/uip-ds6-route.o
                0x0020731c                uip_ds6_route_init
 .text.uip_ds6_route_nexthop
                0x00207368       0x20 obj_zoul/uip-ds6-route.o
                0x00207368                uip_ds6_route_nexthop
 .text.uip_ds6_route_head
                0x00207388        0xc obj_zoul/uip-ds6-route.o
                0x00207388                uip_ds6_route_head
 .text.uip_ds6_route_is_nexthop
                0x00207394       0x20 obj_zoul/uip-ds6-route.o
                0x00207394                uip_ds6_route_is_nexthop
 .text.uip_ds6_route_lookup
                0x002073b4       0x64 obj_zoul/uip-ds6-route.o
                0x002073b4                uip_ds6_route_lookup
 .text.uip_ds6_route_rm
                0x00207418       0x9c obj_zoul/uip-ds6-route.o
                0x00207418                uip_ds6_route_rm
 .text.rm_routelist
                0x002074b4       0x30 obj_zoul/uip-ds6-route.o
 .text.uip_ds6_route_add
                0x002074e4      0x108 obj_zoul/uip-ds6-route.o
                0x002074e4                uip_ds6_route_add
 .text.uip_ds6_defrt_rm
                0x002075ec       0x44 obj_zoul/uip-ds6-route.o
                0x002075ec                uip_ds6_defrt_rm
 .text.uip_ds6_defrt_lookup
                0x00207630       0x2c obj_zoul/uip-ds6-route.o
                0x00207630                uip_ds6_defrt_lookup
 .text.uip_ds6_defrt_add
                0x0020765c       0x64 obj_zoul/uip-ds6-route.o
                0x0020765c                uip_ds6_defrt_add
 .text.uip_ds6_defrt_choose
                0x002076c0       0x30 obj_zoul/uip-ds6-route.o
                0x002076c0                uip_ds6_defrt_choose
 .text.uip_ds6_defrt_periodic
                0x002076f0       0x30 obj_zoul/uip-ds6-route.o
                0x002076f0                uip_ds6_defrt_periodic
 .text.echo_reply_input
                0x00207720       0x94 obj_zoul/uip-icmp6.o
 .text.echo_request_input
                0x002077b4       0xc8 obj_zoul/uip-icmp6.o
 .text.uip_icmp6_input
                0x0020787c       0x38 obj_zoul/uip-icmp6.o
                0x0020787c                uip_icmp6_input
 .text.uip_icmp6_register_input_handler
                0x002078b4        0xc obj_zoul/uip-icmp6.o
                0x002078b4                uip_icmp6_register_input_handler
 .text.uip_icmp6_error_output
                0x002078c0      0x144 obj_zoul/uip-icmp6.o
                0x002078c0                uip_icmp6_error_output
 .text.uip_icmp6_send
                0x00207a04       0x8c obj_zoul/uip-icmp6.o
                0x00207a04                uip_icmp6_send
 .text.uip_icmp6_init
                0x00207a90       0x1c obj_zoul/uip-icmp6.o
                0x00207a90                uip_icmp6_init
 .text.ns_input
                0x00207aac      0x268 obj_zoul/uip-nd6.o
 .text.uip_nd6_init
                0x00207d14        0xc obj_zoul/uip-nd6.o
                0x00207d14                uip_nd6_init
 .text.psock_send
                0x00207d20       0x98 obj_zoul/psock.o
                0x00207d20                psock_send
 .text.psock_newdata
                0x00207db8       0x28 obj_zoul/psock.o
                0x00207db8                psock_newdata
 .text.psock_readto
                0x00207de0       0xa4 obj_zoul/psock.o
                0x00207de0                psock_readto
 .text.start_periodic_tcp_timer
                0x00207e84       0x1c obj_zoul/tcpip.o
 .text.tcpip_output
                0x00207ea0       0x10 obj_zoul/tcpip.o
                0x00207ea0                tcpip_output
 .text.tcpip_set_outputfunc
                0x00207eb0        0xc obj_zoul/tcpip.o
                0x00207eb0                tcpip_set_outputfunc
 .text.tcp_listen
                0x00207ebc       0x28 obj_zoul/tcpip.o
                0x00207ebc                tcp_listen
 .text.tcp_attach
                0x00207ee4       0x10 obj_zoul/tcpip.o
                0x00207ee4                tcp_attach
 .text.tcpip_icmp6_call
                0x00207ef4       0x28 obj_zoul/tcpip.o
                0x00207ef4                tcpip_icmp6_call
 .text.tcpip_input
                0x00207f1c       0x24 obj_zoul/tcpip.o
                0x00207f1c                tcpip_input
 .text.tcpip_ipv6_output
                0x00207f40       0xe4 obj_zoul/tcpip.o
                0x00207f40                tcpip_ipv6_output
 .text.process_thread_tcpip_process
                0x00208024      0x1b4 obj_zoul/tcpip.o
 .text.tcpip_uipcall
                0x002081d8       0x68 obj_zoul/tcpip.o
                0x002081d8                tcpip_uipcall
 .text.uip_debug_ipaddr_print
                0x00208240       0xa0 obj_zoul/uip-debug.o
                0x00208240                uip_debug_ipaddr_print
 .text.rpl_get_mode
                0x002082e0        0xc obj_zoul/rpl.o
                0x002082e0                rpl_get_mode
 .text.rpl_purge_routes
                0x002082ec       0x68 obj_zoul/rpl.o
                0x002082ec                rpl_purge_routes
 .text.rpl_link_neighbor_callback
                0x00208354       0x54 obj_zoul/rpl.o
                0x00208354                rpl_link_neighbor_callback
 .text.rpl_ipv6_neighbor_callback
                0x002083a8       0x28 obj_zoul/rpl.o
                0x002083a8                rpl_ipv6_neighbor_callback
 .text.rpl_purge_dags
                0x002083d0       0x3c obj_zoul/rpl.o
                0x002083d0                rpl_purge_dags
 .text.rpl_init
                0x0020840c       0x4c obj_zoul/rpl.o
                0x0020840c                rpl_init
 .text.rpl_set_preferred_parent
                0x00208458       0x28 obj_zoul/rpl-dag.o
 .text.set_ip_from_prefix
                0x00208480       0x2c obj_zoul/rpl-dag.o
 .text.find_parent_any_dag_any_instance
                0x002084ac       0x1c obj_zoul/rpl-dag.o
 .text.rpl_dag_init
                0x002084c8       0x14 obj_zoul/rpl-dag.o
                0x002084c8                rpl_dag_init
 .text.rpl_get_parent
                0x002084dc       0x10 obj_zoul/rpl-dag.o
                0x002084dc                rpl_get_parent
 .text.rpl_get_parent_lladdr
                0x002084ec       0x10 obj_zoul/rpl-dag.o
                0x002084ec                rpl_get_parent_lladdr
 .text.best_parent
                0x002084fc       0x7c obj_zoul/rpl-dag.o
 .text.rpl_alloc_instance
                0x00208578       0x34 obj_zoul/rpl-dag.o
                0x00208578                rpl_alloc_instance
 .text.rpl_add_parent
                0x002085ac       0x30 obj_zoul/rpl-dag.o
                0x002085ac                rpl_add_parent
 .text.rpl_remove_parent
                0x002085dc       0x1c obj_zoul/rpl-dag.o
                0x002085dc                rpl_remove_parent
 .text.remove_parents.constprop.6
                0x002085f8       0x2c obj_zoul/rpl-dag.o
 .text.rpl_get_dag
                0x00208624       0x3c obj_zoul/rpl-dag.o
                0x00208624                rpl_get_dag
 .text.rpl_get_any_dag
                0x00208660       0x18 obj_zoul/rpl-dag.o
                0x00208660                rpl_get_any_dag
 .text.rpl_get_instance
                0x00208678       0x20 obj_zoul/rpl-dag.o
                0x00208678                rpl_get_instance
 .text.rpl_find_of
                0x00208698       0x14 obj_zoul/rpl-dag.o
                0x00208698                rpl_find_of
 .text.rpl_set_root
                0x002086ac      0x114 obj_zoul/rpl-dag.o
                0x002086ac                rpl_set_root
 .text.rpl_join_instance
                0x002087c0      0x140 obj_zoul/rpl-dag.o
                0x002087c0                rpl_join_instance
 .text.rpl_local_repair
                0x00208900       0x78 obj_zoul/rpl-dag.o
                0x00208900                rpl_local_repair
 .text.rpl_recalculate_ranks
                0x00208978       0x3c obj_zoul/rpl-dag.o
                0x00208978                rpl_recalculate_ranks
 .text.update_hbh_header
                0x002089b4       0xc4 obj_zoul/rpl-ext-header.o
 .text.insert_hbh_header
                0x00208a78       0xac obj_zoul/rpl-ext-header.o
 .text.rpl_verify_hbh_header
                0x00208b24      0x100 obj_zoul/rpl-ext-header.o
                0x00208b24                rpl_verify_hbh_header
 .text.rpl_remove_header
                0x00208c24       0x7c obj_zoul/rpl-ext-header.o
                0x00208c24                rpl_remove_header
 .text.rpl_update_header
                0x00208ca0       0x70 obj_zoul/rpl-ext-header.o
                0x00208ca0                rpl_update_header
 .text.dao_ack_input
                0x00208d10       0x14 obj_zoul/rpl-icmp6.o
 .text.dio_input
                0x00208d24      0x254 obj_zoul/rpl-icmp6.o
 .text.dao_input
                0x00208f78      0x280 obj_zoul/rpl-icmp6.o
 .text.dis_output
                0x002091f8       0x54 obj_zoul/rpl-icmp6.o
                0x002091f8                dis_output
 .text.dio_output
                0x0020924c      0x218 obj_zoul/rpl-icmp6.o
                0x0020924c                dio_output
 .text.dis_input
                0x00209464       0x50 obj_zoul/rpl-icmp6.o
 .text.dao_output_target
                0x002094b4      0x100 obj_zoul/rpl-icmp6.o
                0x002094b4                dao_output_target
 .text.dao_output
                0x002095b4       0x90 obj_zoul/rpl-icmp6.o
                0x002095b4                dao_output
 .text.rpl_icmp6_register_handlers
                0x00209644       0x30 obj_zoul/rpl-icmp6.o
                0x00209644                rpl_icmp6_register_handlers
 .text.update_nbr
                0x00209674      0x10c obj_zoul/rpl-nbr-policy.o
 .text.handle_periodic_timer
                0x00209780       0x14 obj_zoul/rpl-nbr-policy.o
 .text.find_removable_dis
                0x00209794       0x20 obj_zoul/rpl-nbr-policy.o
                0x00209794                find_removable_dis
 .text.find_removable_dio
                0x002097b4       0x40 obj_zoul/rpl-nbr-policy.o
                0x002097b4                find_removable_dio
 .text.find_removable_dao
                0x002097f4       0x38 obj_zoul/rpl-nbr-policy.o
                0x002097f4                find_removable_dao
 .text.rpl_nbr_policy_find_removable
                0x0020982c       0x28 obj_zoul/rpl-nbr-policy.o
                0x0020982c                rpl_nbr_policy_find_removable
 .text.new_dio_interval
                0x00209854       0x58 obj_zoul/rpl-timers.o
 .text.handle_periodic_timer
                0x002098ac       0x4c obj_zoul/rpl-timers.o
 .text.set_dao_lifetime_timer
                0x002098f8       0x44 obj_zoul/rpl-timers.o
 .text.handle_dio_timer
                0x0020993c       0x80 obj_zoul/rpl-timers.o
 .text.schedule_dao
                0x002099bc       0x54 obj_zoul/rpl-timers.o
 .text.handle_dao_timer
                0x00209a10       0x58 obj_zoul/rpl-timers.o
 .text.rpl_reset_periodic_timer
                0x00209a68       0x34 obj_zoul/rpl-timers.o
                0x00209a68                rpl_reset_periodic_timer
 .text.rpl_schedule_unicast_dio_immediately
                0x00209a9c       0x14 obj_zoul/rpl-timers.o
                0x00209a9c                rpl_schedule_unicast_dio_immediately
 .text.get_probing_target
                0x00209ab0       0xd4 obj_zoul/rpl-timers.o
                0x00209ab0                get_probing_target
 .text.rpl_schedule_probing
                0x00209b84       0x20 obj_zoul/rpl-timers.o
                0x00209b84                rpl_schedule_probing
 .text.periodic
                0x00209ba4       0x2c obj_zoul/link-stats.o
 .text.link_stats_from_lladdr
                0x00209bd0        0xc obj_zoul/link-stats.o
                0x00209bd0                link_stats_from_lladdr
 .text.link_stats_packet_sent
                0x00209bdc       0x78 obj_zoul/link-stats.o
                0x00209bdc                link_stats_packet_sent
 .text.link_stats_input_callback
                0x00209c54       0x4c obj_zoul/link-stats.o
                0x00209c54                link_stats_input_callback
 .text.link_stats_init
                0x00209ca0       0x28 obj_zoul/link-stats.o
                0x00209ca0                link_stats_init
 .text.key_from_index
                0x00209cc8       0x18 obj_zoul/nbr-table.o
 .text.index_from_key
                0x00209ce0       0x20 obj_zoul/nbr-table.o
 .text.index_from_lladdr
                0x00209d00       0x40 obj_zoul/nbr-table.o
 .text.nbr_get_bit.constprop.0
                0x00209d40       0x30 obj_zoul/nbr-table.o
 .text.remove_key
                0x00209d70       0x58 obj_zoul/nbr-table.o
 .text.nbr_table_register
                0x00209dc8       0x28 obj_zoul/nbr-table.o
                0x00209dc8                nbr_table_register
 .text.nbr_table_head
                0x00209df0       0x34 obj_zoul/nbr-table.o
                0x00209df0                nbr_table_head
 .text.nbr_table_add_lladdr
                0x00209e24      0x114 obj_zoul/nbr-table.o
                0x00209e24                nbr_table_add_lladdr
 .text.nbr_table_remove
                0x00209f38       0x2c obj_zoul/nbr-table.o
                0x00209f38                nbr_table_remove
 .text.nbr_table_lock
                0x00209f64       0x14 obj_zoul/nbr-table.o
                0x00209f64                nbr_table_lock
 .text.nbr_table_unlock
                0x00209f78       0x14 obj_zoul/nbr-table.o
                0x00209f78                nbr_table_unlock
 .text.netstack_init
                0x00209f8c       0x38 obj_zoul/netstack.o
                0x00209f8c                netstack_init
 .text.packetbuf_hdrreduce
                0x00209fc4       0x2c obj_zoul/packetbuf.o
                0x00209fc4                packetbuf_hdrreduce
 .text.packetbuf_set_datalen
                0x00209ff0        0xc obj_zoul/packetbuf.o
                0x00209ff0                packetbuf_set_datalen
 .text.packetbuf_hdrptr
                0x00209ffc        0x8 obj_zoul/packetbuf.o
                0x00209ffc                packetbuf_hdrptr
 .text.packetbuf_datalen
                0x0020a004        0xc obj_zoul/packetbuf.o
                0x0020a004                packetbuf_datalen
 .text.packetbuf_hdrlen
                0x0020a010       0x18 obj_zoul/packetbuf.o
                0x0020a010                packetbuf_hdrlen
 .text.packetbuf_dataptr
                0x0020a028       0x10 obj_zoul/packetbuf.o
                0x0020a028                packetbuf_dataptr
 .text.packetbuf_copyto
                0x0020a038       0x40 obj_zoul/packetbuf.o
                0x0020a038                packetbuf_copyto
 .text.packetbuf_totlen
                0x0020a078       0x14 obj_zoul/packetbuf.o
                0x0020a078                packetbuf_totlen
 .text.packetbuf_hdralloc
                0x0020a08c       0x3c obj_zoul/packetbuf.o
                0x0020a08c                packetbuf_hdralloc
 .text.packetbuf_attr_clear
                0x0020a0c8       0x34 obj_zoul/packetbuf.o
                0x0020a0c8                packetbuf_attr_clear
 .text.packetbuf_clear
                0x0020a0fc       0x20 obj_zoul/packetbuf.o
                0x0020a0fc                packetbuf_clear
 .text.packetbuf_copyfrom
                0x0020a11c       0x2c obj_zoul/packetbuf.o
                0x0020a11c                packetbuf_copyfrom
 .text.packetbuf_attr_copyto
                0x0020a148       0x34 obj_zoul/packetbuf.o
                0x0020a148                packetbuf_attr_copyto
 .text.packetbuf_attr_copyfrom
                0x0020a17c       0x34 obj_zoul/packetbuf.o
                0x0020a17c                packetbuf_attr_copyfrom
 .text.packetbuf_set_attr
                0x0020a1b0       0x10 obj_zoul/packetbuf.o
                0x0020a1b0                packetbuf_set_attr
 .text.packetbuf_attr
                0x0020a1c0        0xc obj_zoul/packetbuf.o
                0x0020a1c0                packetbuf_attr
 .text.packetbuf_set_addr
                0x0020a1cc       0x18 obj_zoul/packetbuf.o
                0x0020a1cc                packetbuf_set_addr
 .text.packetbuf_addr
                0x0020a1e4       0x10 obj_zoul/packetbuf.o
                0x0020a1e4                packetbuf_addr
 .text.packetbuf_holds_broadcast
                0x0020a1f4       0x10 obj_zoul/packetbuf.o
                0x0020a1f4                packetbuf_holds_broadcast
 .text.queuebuf_init
                0x0020a204       0x1c obj_zoul/queuebuf.o
                0x0020a204                queuebuf_init
 .text.queuebuf_numfree
                0x0020a220        0xc obj_zoul/queuebuf.o
                0x0020a220                queuebuf_numfree
 .text.queuebuf_new_from_packetbuf
                0x0020a22c       0x44 obj_zoul/queuebuf.o
                0x0020a22c                queuebuf_new_from_packetbuf
 .text.queuebuf_free
                0x0020a270       0x2c obj_zoul/queuebuf.o
                0x0020a270                queuebuf_free
 .text.queuebuf_to_packetbuf
                0x0020a29c       0x30 obj_zoul/queuebuf.o
                0x0020a29c                queuebuf_to_packetbuf
 .text.input_packet
                0x0020a2cc        0xc obj_zoul/csma.o
 .text.on       0x0020a2d8        0xc obj_zoul/csma.o
 .text.off      0x0020a2e4        0xc obj_zoul/csma.o
 .text.channel_check_interval
                0x0020a2f0       0x10 obj_zoul/csma.o
 .text.transmit_packet_list
                0x0020a300       0x30 obj_zoul/csma.o
 .text.schedule_transmission
                0x0020a330       0x4c obj_zoul/csma.o
 .text.send_packet
                0x0020a37c      0x138 obj_zoul/csma.o
 .text.init     0x0020a4b4       0x24 obj_zoul/csma.o
 .text.tx_done  0x0020a4d8       0x88 obj_zoul/csma.o
 .text.frame802154_get_pan_id
                0x0020a560        0xc obj_zoul/frame802154.o
                0x0020a560                frame802154_get_pan_id
 .text.frame802154_parse
                0x0020a56c      0x12c obj_zoul/frame802154.o
                0x0020a56c                frame802154_parse
 .text.create_frame.isra.0
                0x0020a698      0x12c obj_zoul/framer-802154.o
 .text.mac_sequence_is_duplicate
                0x0020a7c4       0x4c obj_zoul/mac-sequence.o
                0x0020a7c4                mac_sequence_is_duplicate
 .text.mac_sequence_register_seqno
                0x0020a810       0x64 obj_zoul/mac-sequence.o
                0x0020a810                mac_sequence_register_seqno
 .text.on       0x0020a874        0xc obj_zoul/nullrdc.o
 .text.send_one_packet
                0x0020a880      0x118 obj_zoul/nullrdc.o
 .text.off      0x0020a998       0x18 obj_zoul/nullrdc.o
 .text.packet_input
                0x0020a9b0       0x54 obj_zoul/nullrdc.o
 .text.input    0x0020aa04        0xc obj_zoul/nullsec.o
 .text.send     0x0020aa10       0x20 obj_zoul/nullsec.o
 .text.process_thread_webserver_nogui_process
                0x0020aa30       0x34 border-router.co
 .text.ipaddr_add
                0x0020aa64       0xa0 border-router.co
 .text.generate_routes
                0x0020ab04      0x218 border-router.co
 .text.httpd_simple_get_script
                0x0020ad1c        0x8 border-router.co
                0x0020ad1c                httpd_simple_get_script
 .text.request_prefix
                0x0020ad24       0x2c border-router.co
                0x0020ad24                request_prefix
 .text.process_thread_border_router_process
                0x0020ad50      0x19c border-router.co
 .text.set_prefix_64
                0x0020aeec       0x68 border-router.co
                0x0020aeec                set_prefix_64
 .text.init     0x0020af54       0x24 obj_zoul/slip-bridge.o
 .text.slip_input_callback
                0x0020af78       0xe8 obj_zoul/slip-bridge.o
 .text.output   0x0020b060       0x4c obj_zoul/slip-bridge.o
 .text.handle_input
                0x0020b0ac       0xc8 obj_zoul/httpd-simple.o
 .text.send_headers
                0x0020b174       0x50 obj_zoul/httpd-simple.o
 .text.handle_output
                0x0020b1c4       0xcc obj_zoul/httpd-simple.o
 .text.httpd_appcall
                0x0020b290       0xd0 obj_zoul/httpd-simple.o
                0x0020b290                httpd_appcall
 .text.httpd_init
                0x0020b360       0x18 obj_zoul/httpd-simple.o
                0x0020b360                httpd_init
 .text          0x0020b378       0x30 /usr/bin/../lib/gcc/arm-none-eabi/4.9.3/armv7-m/libgcc.a(_aeabi_uldivmod.o)
                0x0020b378                __aeabi_uldivmod
 .text          0x0020b3a8       0x60 /usr/bin/../lib/gcc/arm-none-eabi/4.9.3/armv7-m/libgcc.a(bpabi.o)
                0x0020b3a8                __gnu_ldivmod_helper
                0x0020b3d8                __gnu_uldivmod_helper
 .text          0x0020b408        0x4 /usr/bin/../lib/gcc/arm-none-eabi/4.9.3/armv7-m/libgcc.a(_dvmd_tls.o)
                0x0020b408                __aeabi_ldiv0
                0x0020b408                __aeabi_idiv0
 .text          0x0020b40c      0x2ac /usr/bin/../lib/gcc/arm-none-eabi/4.9.3/armv7-m/libgcc.a(_divdi3.o)
                0x0020b40c                __divdi3
 .text          0x0020b6b8      0x270 /usr/bin/../lib/gcc/arm-none-eabi/4.9.3/armv7-m/libgcc.a(_udivdi3.o)
                0x0020b6b8                __udivdi3
 .text.memcmp   0x0020b928       0x64 /usr/bin/../lib/gcc/arm-none-eabi/4.9.3/../../../../arm-none-eabi/lib/armv7-m/libc.a(lib_a-memcmp.o)
                0x0020b928                memcmp
 .text          0x0020b98c       0xec /usr/bin/../lib/gcc/arm-none-eabi/4.9.3/../../../../arm-none-eabi/lib/armv7-m/libc.a(lib_a-memcpy.o)
                0x0020b98c                memcpy
 .text.memmove  0x0020ba78       0xc8 /usr/bin/../lib/gcc/arm-none-eabi/4.9.3/../../../../arm-none-eabi/lib/armv7-m/libc.a(lib_a-memmove.o)
                0x0020ba78                memmove
 .text.memset   0x0020bb40       0x9c /usr/bin/../lib/gcc/arm-none-eabi/4.9.3/../../../../arm-none-eabi/lib/armv7-m/libc.a(lib_a-memset.o)
                0x0020bb40                memset
 .text.strcpy   0x0020bbdc       0xbc /usr/bin/../lib/gcc/arm-none-eabi/4.9.3/../../../../arm-none-eabi/lib/armv7-m/libc.a(lib_a-strcpy.o)
                0x0020bbdc                strcpy
 .text.strlen   0x0020bc98       0x5c /usr/bin/../lib/gcc/arm-none-eabi/4.9.3/../../../../arm-none-eabi/lib/armv7-m/libc.a(lib_a-strlen.o)
                0x0020bc98                strlen
 .text.strncmp  0x0020bcf4       0x94 /usr/bin/../lib/gcc/arm-none-eabi/4.9.3/../../../../arm-none-eabi/lib/armv7-m/libc.a(lib_a-strncmp.o)
                0x0020bcf4                strncmp
 .text.strncpy  0x0020bd88       0x68 /usr/bin/../lib/gcc/arm-none-eabi/4.9.3/../../../../arm-none-eabi/lib/armv7-m/libc.a(lib_a-strncpy.o)
                0x0020bd88                strncpy
 .text.default_handler
                0x0020bdf0        0x2 obj_zoul/startup-gcc.o
                0x0020bdf0                default_handler
 .text.nmi_handler
                0x0020bdf2        0x6 obj_zoul/startup-gcc.o
                0x0020bdf2                nmi_handler
 .text.fade     0x0020bdf8       0x54 obj_zoul/contiki-main.o
 .text.board_init
                0x0020be4c        0x4 obj_zoul/board.o
                0x0020be4c                board_init
 .text.clock_isr
                0x0020be50        0x4 obj_zoul/clock.o
                0x0020be50                clock_isr
 .text.rtimer_arch_init
                0x0020be54        0x2 obj_zoul/rtimer-arch.o
                0x0020be54                rtimer_arch_init
 .text.uart0_isr
                0x0020be56        0x6 obj_zoul/uart.o
                0x0020be56                uart0_isr
 .text.uart1_isr
                0x0020be5c        0x6 obj_zoul/uart.o
                0x0020be5c                uart1_isr
 .text.gpio_port_a_isr
                0x0020be62        0x6 obj_zoul/gpio.o
                0x0020be62                gpio_port_a_isr
 .text.gpio_port_b_isr
                0x0020be68        0x6 obj_zoul/gpio.o
                0x0020be68                gpio_port_b_isr
 .text.gpio_port_c_isr
                0x0020be6e        0x6 obj_zoul/gpio.o
                0x0020be6e                gpio_port_c_isr
 .text.gpio_port_d_isr
                0x0020be74        0x6 obj_zoul/gpio.o
                0x0020be74                gpio_port_d_isr
 .text.send     0x0020be7a       0x12 obj_zoul/cc2538-rf.o
 .text.dbg_send_bytes
                0x0020be8c       0x20 obj_zoul/dbg.o
                0x0020be8c                dbg_send_bytes
 .text.puts     0x0020beac       0x20 obj_zoul/dbg.o
                0x0020beac                puts
 .text.slip_arch_writeb
                0x0020becc        0x8 obj_zoul/slip-arch.o
                0x0020becc                slip_arch_writeb
 .text.configure
                0x0020bed4        0x4 obj_zoul/cc2538-temp-sensor.o
 .text.status   0x0020bed8        0x4 obj_zoul/cc2538-temp-sensor.o
 .text.value    0x0020bedc       0x34 obj_zoul/cc2538-temp-sensor.o
 .text.configure
                0x0020bf10        0x4 obj_zoul/vdd3-sensor.o
 .text.status   0x0020bf14        0x4 obj_zoul/vdd3-sensor.o
 .text.value    0x0020bf18       0x2a obj_zoul/vdd3-sensor.o
 .text.write_str
                0x0020bf42       0x10 obj_zoul/dbg-printf.o
 .text.buffer_str
                0x0020bf52       0x28 obj_zoul/dbg-snprintf.o
 .text.snprintf
                0x0020bf7a       0x1a obj_zoul/dbg-snprintf.o
                0x0020bf7a                snprintf
 .text.autostart_start
                0x0020bf94       0x14 obj_zoul/autostart.o
                0x0020bf94                autostart_start
 .text.energest_init
                0x0020bfa8        0x2 obj_zoul/energest.o
                0x0020bfa8                energest_init
 .text.etimer_set
                0x0020bfaa       0x12 obj_zoul/etimer.o
                0x0020bfaa                etimer_set
 .text.etimer_reset
                0x0020bfbc       0x12 obj_zoul/etimer.o
                0x0020bfbc                etimer_reset
 .text.etimer_restart
                0x0020bfce       0x12 obj_zoul/etimer.o
                0x0020bfce                etimer_restart
 .text.etimer_expired
                0x0020bfe0        0xa obj_zoul/etimer.o
                0x0020bfe0                etimer_expired
 .text.etimer_expiration_time
                0x0020bfea        0x6 obj_zoul/etimer.o
                0x0020bfea                etimer_expiration_time
 .text.call_process
                0x0020bff0        0xc obj_zoul/process.o
 .text.rtimer_init
                0x0020bffc        0x4 obj_zoul/rtimer.o
                0x0020bffc                rtimer_init
 .text.stimer_set
                0x0020c000        0xe obj_zoul/stimer.o
                0x0020c000                stimer_set
 .text.timer_set
                0x0020c00e        0xe obj_zoul/timer.o
                0x0020c00e                timer_set
 .text.timer_reset
                0x0020c01c        0xa obj_zoul/timer.o
                0x0020c01c                timer_reset
 .text.timer_restart
                0x0020c026        0xc obj_zoul/timer.o
                0x0020c026                timer_restart
 .text.timer_expired
                0x0020c032       0x1c obj_zoul/timer.o
                0x0020c032                timer_expired
 .text.list_init
                0x0020c04e        0x6 obj_zoul/list.o
                0x0020c04e                list_init
 .text.list_head
                0x0020c054        0x4 obj_zoul/list.o
                0x0020c054                list_head
 .text.list_tail
                0x0020c058       0x10 obj_zoul/list.o
                0x0020c058                list_tail
 .text.list_remove
                0x0020c068       0x28 obj_zoul/list.o
                0x0020c068                list_remove
 .text.list_add
                0x0020c090       0x1e obj_zoul/list.o
                0x0020c090                list_add
 .text.list_push
                0x0020c0ae       0x12 obj_zoul/list.o
                0x0020c0ae                list_push
 .text.list_length
                0x0020c0c0        0xe obj_zoul/list.o
                0x0020c0c0                list_length
 .text.list_item_next
                0x0020c0ce        0x6 obj_zoul/list.o
                0x0020c0ce                list_item_next
 .text.memb_init
                0x0020c0d4       0x20 obj_zoul/memb.o
                0x0020c0d4                memb_init
 .text.memb_alloc
                0x0020c0f4       0x28 obj_zoul/memb.o
                0x0020c0f4                memb_alloc
 .text.memb_free
                0x0020c11c       0x2c obj_zoul/memb.o
                0x0020c11c                memb_free
 .text.memb_inmemb
                0x0020c148       0x1c obj_zoul/memb.o
                0x0020c148                memb_inmemb
 .text.memb_numfree
                0x0020c164       0x1c obj_zoul/memb.o
                0x0020c164                memb_numfree
 .text.ringbuf_init
                0x0020c180        0xe obj_zoul/ringbuf.o
                0x0020c180                ringbuf_init
 .text.ringbuf_put
                0x0020c18e       0x28 obj_zoul/ringbuf.o
                0x0020c18e                ringbuf_put
 .text.ringbuf_get
                0x0020c1b6       0x20 obj_zoul/ringbuf.o
                0x0020c1b6                ringbuf_get
 .text.chksum   0x0020c1d6       0x38 obj_zoul/uip6.o
 .text.uip_icmp6chksum
                0x0020c20e        0x6 obj_zoul/uip6.o
                0x0020c20e                uip_icmp6chksum
 .text.uip_tcpchksum
                0x0020c214        0x6 obj_zoul/uip6.o
                0x0020c214                uip_tcpchksum
 .text.uip_udpchksum
                0x0020c21a        0x6 obj_zoul/uip6.o
                0x0020c21a                uip_udpchksum
 .text.uip_htonl
                0x0020c220       0x14 obj_zoul/uip6.o
                0x0020c220                uip_htonl
 .text.uip_ds6_list_loop
                0x0020c234       0x48 obj_zoul/uip-ds6.o
                0x0020c234                uip_ds6_list_loop
 .text.uip_ds6_maddr_rm
                0x0020c27c        0x8 obj_zoul/uip-ds6.o
                0x0020c27c                uip_ds6_maddr_rm
 .text.uip_ds6_set_addr_iid
                0x0020c284       0x12 obj_zoul/uip-ds6.o
                0x0020c284                uip_ds6_set_addr_iid
 .text.get_match_length
                0x0020c296       0x3a obj_zoul/uip-ds6.o
                0x0020c296                get_match_length
 .text.uip_ds6_nbr_ipaddr_from_lladdr
                0x0020c2d0        0x4 obj_zoul/uip-ds6-nbr.o
                0x0020c2d0                uip_ds6_nbr_ipaddr_from_lladdr
 .text.uip_ds6_nbr_lladdr_from_ipaddr
                0x0020c2d4       0x12 obj_zoul/uip-ds6-nbr.o
                0x0020c2d4                uip_ds6_nbr_lladdr_from_ipaddr
 .text.uip_ds6_route_next
                0x0020c2e6        0x8 obj_zoul/uip-ds6-route.o
                0x0020c2e6                uip_ds6_route_next
 .text.rm_routelist_callback
                0x0020c2ee        0x4 obj_zoul/uip-ds6-route.o
 .text.psock_datalen
                0x0020c2f2        0xa obj_zoul/psock.o
                0x0020c2f2                psock_datalen
 .text.psock_init
                0x0020c2fc       0x16 obj_zoul/psock.o
                0x0020c2fc                psock_init
 .text.rpl_remove_routes
                0x0020c312       0x1e obj_zoul/rpl.o
                0x0020c312                rpl_remove_routes
 .text.rpl_remove_routes_by_nexthop
                0x0020c330       0x30 obj_zoul/rpl.o
                0x0020c330                rpl_remove_routes_by_nexthop
 .text.rpl_add_route
                0x0020c360       0x36 obj_zoul/rpl.o
                0x0020c360                rpl_add_route
 .text.lollipop_greater_than
                0x0020c396       0x34 obj_zoul/rpl-dag.o
 .text.check_prefix
                0x0020c3ca       0x58 obj_zoul/rpl-dag.o
 .text.rpl_rank_via_parent
                0x0020c422       0x1a obj_zoul/rpl-dag.o
                0x0020c422                rpl_rank_via_parent
 .text.rpl_get_parent_ipaddr
                0x0020c43c        0xe obj_zoul/rpl-dag.o
                0x0020c43c                rpl_get_parent_ipaddr
 .text.rpl_get_parent_link_stats
                0x0020c44a        0xe obj_zoul/rpl-dag.o
                0x0020c44a                rpl_get_parent_link_stats
 .text.rpl_parent_is_fresh
                0x0020c458        0xe obj_zoul/rpl-dag.o
                0x0020c458                rpl_parent_is_fresh
 .text.rpl_parent_is_reachable
                0x0020c466       0x36 obj_zoul/rpl-dag.o
                0x0020c466                rpl_parent_is_reachable
 .text.rpl_set_prefix
                0x0020c49c       0x6c obj_zoul/rpl-dag.o
                0x0020c49c                rpl_set_prefix
 .text.rpl_set_default_route
                0x0020c508       0x30 obj_zoul/rpl-dag.o
                0x0020c508                rpl_set_default_route
 .text.rpl_find_parent
                0x0020c538       0x16 obj_zoul/rpl-dag.o
                0x0020c538                rpl_find_parent
 .text.rpl_find_parent_any_dag
                0x0020c54e       0x1e obj_zoul/rpl-dag.o
                0x0020c54e                rpl_find_parent_any_dag
 .text.rpl_select_parent
                0x0020c56c       0x4a obj_zoul/rpl-dag.o
                0x0020c56c                rpl_select_parent
 .text.rpl_select_dag
                0x0020c5b6      0x15c obj_zoul/rpl-dag.o
                0x0020c5b6                rpl_select_dag
 .text.rpl_nullify_parent
                0x0020c712       0x54 obj_zoul/rpl-dag.o
                0x0020c712                rpl_nullify_parent
 .text.nbr_callback
                0x0020c766        0x4 obj_zoul/rpl-dag.o
 .text.rpl_free_dag
                0x0020c76a       0x3a obj_zoul/rpl-dag.o
                0x0020c76a                rpl_free_dag
 .text.rpl_move_parent
                0x0020c7a4       0x54 obj_zoul/rpl-dag.o
                0x0020c7a4                rpl_move_parent
 .text.rpl_repair_root
                0x0020c7f8       0x48 obj_zoul/rpl-dag.o
                0x0020c7f8                rpl_repair_root
 .text.rpl_alloc_dag
                0x0020c840       0x48 obj_zoul/rpl-dag.o
                0x0020c840                rpl_alloc_dag
 .text.rpl_process_parent_event
                0x0020c888       0x96 obj_zoul/rpl-dag.o
                0x0020c888                rpl_process_parent_event
 .text.rpl_add_dag
                0x0020c91e      0x112 obj_zoul/rpl-dag.o
                0x0020c91e                rpl_add_dag
 .text.rpl_process_dio
                0x0020ca30      0x2e6 obj_zoul/rpl-dag.o
                0x0020ca30                rpl_process_dio
 .text.get32    0x0020cd16       0x18 obj_zoul/rpl-icmp6.o
 .text.set32    0x0020cd2e       0x12 obj_zoul/rpl-icmp6.o
 .text.get16    0x0020cd40        0xc obj_zoul/rpl-icmp6.o
 .text.set16    0x0020cd4c        0xa obj_zoul/rpl-icmp6.o
 .text.rpl_icmp6_update_nbr_table
                0x0020cd56       0x2e obj_zoul/rpl-icmp6.o
                0x0020cd56                rpl_icmp6_update_nbr_table
 .text.reset    0x0020cd84        0x2 obj_zoul/rpl-mrhof.o
 .text.update_metric_container
                0x0020cd86        0x6 obj_zoul/rpl-mrhof.o
 .text.parent_link_metric
                0x0020cd8c       0x12 obj_zoul/rpl-mrhof.o
 .text.parent_has_usable_link
                0x0020cd9e       0x12 obj_zoul/rpl-mrhof.o
 .text.best_dag
                0x0020cdb0       0x2c obj_zoul/rpl-mrhof.o
 .text.parent_path_cost
                0x0020cddc       0x34 obj_zoul/rpl-mrhof.o
 .text.parent_is_acceptable
                0x0020ce10       0x26 obj_zoul/rpl-mrhof.o
 .text.rank_via_parent
                0x0020ce36       0x34 obj_zoul/rpl-mrhof.o
 .text.best_parent
                0x0020ce6a       0x68 obj_zoul/rpl-mrhof.o
 .text.handle_unicast_dio_timer
                0x0020ced2       0x1c obj_zoul/rpl-timers.o
 .text.rpl_reset_dio_timer
                0x0020ceee       0x1c obj_zoul/rpl-timers.o
                0x0020ceee                rpl_reset_dio_timer
 .text.rpl_schedule_dao
                0x0020cf0a        0x8 obj_zoul/rpl-timers.o
                0x0020cf0a                rpl_schedule_dao
 .text.get_probing_delay
                0x0020cf12       0x3a obj_zoul/rpl-timers.o
                0x0020cf12                get_probing_delay
 .text.handle_probing_timer
                0x0020cf4c       0x32 obj_zoul/rpl-timers.o
 .text.svcall_handler
                0x0020cf7e       0x1e obj_zoul/mtarch.o
                0x0020cf7e                svcall_handler
 .text.pendsv_handler
                0x0020cf9c       0x18 obj_zoul/mtarch.o
                0x0020cf9c                pendsv_handler
 .text.linkaddr_copy
                0x0020cfb4        0xa obj_zoul/linkaddr.o
                0x0020cfb4                linkaddr_copy
 .text.linkaddr_cmp
                0x0020cfbe       0x10 obj_zoul/linkaddr.o
                0x0020cfbe                linkaddr_cmp
 .text.link_stats_is_fresh
                0x0020cfce       0x24 obj_zoul/link-stats.o
                0x0020cfce                link_stats_is_fresh
 .text.item_from_key
                0x0020cff2       0x22 obj_zoul/nbr-table.o
 .text.nbr_set_bit
                0x0020d014       0x38 obj_zoul/nbr-table.o
 .text.nbr_table_next
                0x0020d04c       0x3e obj_zoul/nbr-table.o
                0x0020d04c                nbr_table_next
 .text.nbr_table_get_from_lladdr
                0x0020d08a       0x32 obj_zoul/nbr-table.o
                0x0020d08a                nbr_table_get_from_lladdr
 .text.nbr_table_get_lladdr
                0x0020d0bc       0x20 obj_zoul/nbr-table.o
                0x0020d0bc                nbr_table_get_lladdr
 .text.nbr_table_update_lladdr
                0x0020d0dc       0x40 obj_zoul/nbr-table.o
                0x0020d0dc                nbr_table_update_lladdr
 .text.queuebuf_update_attr_from_packetbuf
                0x0020d11c        0xc obj_zoul/queuebuf.o
                0x0020d11c                queuebuf_update_attr_from_packetbuf
 .text.queuebuf_attr
                0x0020d128        0xc obj_zoul/queuebuf.o
                0x0020d128                queuebuf_attr
 .text.packet_sent
                0x0020d134       0xca obj_zoul/csma.o
 .text.frame802154_has_panid
                0x0020d1fe       0xb0 obj_zoul/frame802154.o
                0x0020d1fe                frame802154_has_panid
 .text.field_len
                0x0020d2ae       0x84 obj_zoul/frame802154.o
 .text.frame802154_is_broadcast_addr
                0x0020d332       0x1e obj_zoul/frame802154.o
                0x0020d332                frame802154_is_broadcast_addr
 .text.frame802154_hdrlen
                0x0020d350       0x32 obj_zoul/frame802154.o
                0x0020d350                frame802154_hdrlen
 .text.frame802154_create_fcf
                0x0020d382       0x62 obj_zoul/frame802154.o
                0x0020d382                frame802154_create_fcf
 .text.frame802154_create
                0x0020d3e4       0x92 obj_zoul/frame802154.o
                0x0020d3e4                frame802154_create
 .text.frame802154_parse_fcf
                0x0020d476       0x40 obj_zoul/frame802154.o
                0x0020d476                frame802154_parse_fcf
 .text.parse    0x0020d4b6       0x94 obj_zoul/framer-802154.o
 .text.create   0x0020d54a        0x6 obj_zoul/framer-802154.o
 .text.hdr_length
                0x0020d550        0x6 obj_zoul/framer-802154.o
 .text.mac_call_sent_callback
                0x0020d556       0x16 obj_zoul/mac.o
                0x0020d556                mac_call_sent_callback
 .text.channel_check_interval
                0x0020d56c        0x4 obj_zoul/nullrdc.o
 .text.init     0x0020d570        0x4 obj_zoul/nullrdc.o
 .text.send_list
                0x0020d574       0x20 obj_zoul/nullrdc.o
 .text.send_packet
                0x0020d594        0x4 obj_zoul/nullrdc.o
 .text.init     0x0020d598        0x2 obj_zoul/nullsec.o
 *(SORT(.rodata*))
 *fill*         0x0020d59a        0x2 00000000
 .rodata.button_sensor
                0x0020d59c       0x10 obj_zoul/button-sensor.o
                0x0020d59c                button_sensor
 .rodata.uart_regs
                0x0020d5ac       0x58 obj_zoul/uart.o
 .rodata.reset_cause.5159
                0x0020d604       0x10 obj_zoul/sys-ctrl.o
 .rodata.output_power
                0x0020d614       0x70 obj_zoul/cc2538-rf.o
 .rodata.cc2538_rf_driver
                0x0020d684       0x38 obj_zoul/cc2538-rf.o
                0x0020d684                cc2538_rf_driver
 .rodata.cc2538_temp_sensor
                0x0020d6bc       0x10 obj_zoul/cc2538-temp-sensor.o
                0x0020d6bc                cc2538_temp_sensor
 .rodata.vdd3_sensor
                0x0020d6cc       0x10 obj_zoul/vdd3-sensor.o
                0x0020d6cc                vdd3_sensor
 .rodata.sicslowpan_driver
                0x0020d6dc        0xc obj_zoul/sicslowpan.o
                0x0020d6dc                sicslowpan_driver
 .rodata.csma_driver
                0x0020d6e8       0x1c obj_zoul/csma.o
                0x0020d6e8                csma_driver
 .rodata.framer_802154
                0x0020d704        0xc obj_zoul/framer-802154.o
                0x0020d704                framer_802154
 .rodata.nullrdc_driver
                0x0020d710       0x20 obj_zoul/nullrdc.o
                0x0020d710                nullrdc_driver
 .rodata.nullsec_driver
                0x0020d730       0x10 obj_zoul/nullsec.o
                0x0020d730                nullsec_driver
 .rodata.autostart_processes
                0x0020d740        0xc border-router.co
                0x0020d740                autostart_processes
 .rodata.rpl_interface
                0x0020d74c        0x8 obj_zoul/slip-bridge.o
                0x0020d74c                rpl_interface
 .rodata.str1.1
                0x0020d754       0x7e obj_zoul/contiki-main.o
 .rodata.str1.1
                0x0020d7d2        0x7 obj_zoul/button-sensor.o
 .rodata.str1.1
                0x0020d7d9       0x94 obj_zoul/soc.o
 .rodata.str1.1
                0x0020d86d       0x2d obj_zoul/sys-ctrl.o
 .rodata.str1.1
                0x0020d89a       0x11 obj_zoul/cc2538-rf.o
 .rodata.str1.1
                0x0020d8ab        0xc obj_zoul/slip.o
 .rodata.str1.1
                0x0020d8b7       0x14 obj_zoul/cc2538-temp-sensor.o
 .rodata.str1.1
                0x0020d8cb        0x5 obj_zoul/vdd3-sensor.o
 .rodata.buffer.4159
                0x0020d8d0       0x10 obj_zoul/strformat.o
 .rodata.str1.1
                0x0020d8e0       0x35 obj_zoul/strformat.o
                                 0x37 (size before relaxing)
 .rodata.buffer.4150
                0x0020d915       0x10 obj_zoul/strformat.o
 .rodata.str1.1
                0x0020d925        0xf obj_zoul/ctimer.o
 .rodata.str1.1
                0x0020d934        0xc obj_zoul/etimer.o
 .rodata.str1.1
                0x0020d940        0xe obj_zoul/serial-line.o
 .rodata.str1.1
                0x0020d94e        0x8 obj_zoul/sensors.o
 .rodata        0x0020d956        0x2 obj_zoul/sicslowpan.o
 .rodata.ttl_values
                0x0020d958        0x4 obj_zoul/sicslowpan.o
 .rodata.unc_llconf
                0x0020d95c        0x4 obj_zoul/sicslowpan.o
                0x0020d95c                unc_llconf
 .rodata.llprefix
                0x0020d960        0x2 obj_zoul/sicslowpan.o
                0x0020d960                llprefix
 .rodata.unc_mxconf
                0x0020d962        0x4 obj_zoul/sicslowpan.o
                0x0020d962                unc_mxconf
 .rodata.str1.1
                0x0020d966        0xb obj_zoul/sicslowpan.o
 .rodata.unc_ctxconf
                0x0020d971        0x4 obj_zoul/sicslowpan.o
                0x0020d971                unc_ctxconf
 .rodata.str1.1
                0x0020d975        0xd obj_zoul/tcpip.o
 .rodata.str1.1
                0x0020d982       0x28 obj_zoul/uip-debug.o
 .rodata.linkaddr_null
                0x0020d9aa        0x8 obj_zoul/linkaddr.o
                0x0020d9aa                linkaddr_null
 .rodata.str1.1
                0x0020d9b2        0x5 obj_zoul/csma.o
 .rodata.str1.1
                0x0020d9b7        0x8 obj_zoul/nullrdc.o
 .rodata.str1.1
                0x0020d9bf        0x8 obj_zoul/nullsec.o
 .rodata.str1.1
                0x0020d9c7      0x169 border-router.co
                                0x173 (size before relaxing)
 .rodata.str1.1
                0x0020db30       0x90 obj_zoul/slip-bridge.o
                                 0xa1 (size before relaxing)
 .rodata.http_index_html
                0x0020dbc0        0xc obj_zoul/httpd-simple.o
                0x0020dbc0                http_index_html
 .rodata.http_header_404
                0x0020dbcc       0x5d obj_zoul/httpd-simple.o
                0x0020dbcc                http_header_404
 .rodata.http_header_200
                0x0020dc29       0x56 obj_zoul/httpd-simple.o
                0x0020dc29                http_header_200
 .rodata.http_content_type_html
                0x0020dc7f       0x1c obj_zoul/httpd-simple.o
                0x0020dc7f                http_content_type_html
 .rodata.str1.1
                0x0020dc9b       0x68 obj_zoul/httpd-simple.o
 .rodata.http_get
                0x0020dd03        0x5 obj_zoul/httpd-simple.o
                0x0020dd03                http_get
                0x0020dd08                _etext = .

.glue_7         0x0020dd08        0x0
 .glue_7        0x00000000        0x0 linker stubs

.glue_7t        0x0020dd08        0x0
 .glue_7t       0x00000000        0x0 linker stubs

.vfp11_veneer   0x0020dd08        0x0
 .vfp11_veneer  0x00000000        0x0 linker stubs

.v4_bx          0x0020dd08        0x0
 .v4_bx         0x00000000        0x0 linker stubs

.iplt           0x0020dd08        0x0
 .iplt          0x00000000        0x0 obj_zoul/startup-gcc.o

.socdata        0x20004000       0x40
 *(SORT(.udma_channel_control_table))
 .udma_channel_control_table
                0x20004000       0x40 obj_zoul/udma.o

.data           0x20004040      0x1e9 load address 0x0020dd08
                0x20004040                _data = .
 *(SORT(.data*))
 .data.sensors  0x20004040       0x10 obj_zoul/zoul-sensors.o
                0x20004040                sensors
 .data.cc2538_rf_process
                0x20004050       0x10 obj_zoul/cc2538-rf.o
                0x20004050                cc2538_rf_process
 .data.slip_process
                0x20004060       0x10 obj_zoul/slip.o
                0x20004060                slip_process
 .data.ctxt     0x20004070        0x8 obj_zoul/dbg-printf.o
 .data.ctimer_process
                0x20004078       0x10 obj_zoul/ctimer.o
                0x20004078                ctimer_process
 .data.etimer_process
                0x20004088       0x10 obj_zoul/etimer.o
                0x20004088                etimer_process
 .data.serial_line_process
                0x20004098       0x10 obj_zoul/serial-line.o
                0x20004098                serial_line_process
 .data.sensors_process
                0x200040a8       0x10 obj_zoul/sensors.o
                0x200040a8                sensors_process
 .data.ds6_neighbors
                0x200040b8        0x4 obj_zoul/uip-ds6-nbr.o
                0x200040b8                ds6_neighbors
 .data.ds6_neighbors_struct
                0x200040bc       0x10 obj_zoul/uip-ds6-nbr.o
 .data.defaultroutermemb
                0x200040cc        0xc obj_zoul/uip-ds6-route.o
 .data.nbr_routes_struct
                0x200040d8       0x10 obj_zoul/uip-ds6-route.o
 .data.nbr_routes
                0x200040e8        0x4 obj_zoul/uip-ds6-route.o
                0x200040e8                nbr_routes
 .data.routememb
                0x200040ec        0xc obj_zoul/uip-ds6-route.o
 .data.neighborroutememb
                0x200040f8        0xc obj_zoul/uip-ds6-route.o
 .data.echo_request_handler
                0x20004104        0xc obj_zoul/uip-icmp6.o
 .data.echo_reply_handler
                0x20004110        0xc obj_zoul/uip-icmp6.o
 .data.ns_input_handler
                0x2000411c        0xc obj_zoul/uip-nd6.o
 .data.tcpip_process
                0x20004128       0x10 obj_zoul/tcpip.o
                0x20004128                tcpip_process
 .data.rpl_parents
                0x20004138        0x4 obj_zoul/rpl-dag.o
                0x20004138                rpl_parents
 .data.rpl_parents_struct
                0x2000413c       0x10 obj_zoul/rpl-dag.o
 .data.dao_ack_handler
                0x2000414c        0xc obj_zoul/rpl-icmp6.o
 .data.dis_handler
                0x20004158        0xc obj_zoul/rpl-icmp6.o
 .data.dao_handler
                0x20004164        0xc obj_zoul/rpl-icmp6.o
 .data.dio_handler
                0x20004170        0xc obj_zoul/rpl-icmp6.o
 .data.rpl_mrhof
                0x2000417c       0x24 obj_zoul/rpl-mrhof.o
                0x2000417c                rpl_mrhof
 .data.link_stats_struct
                0x200041a0       0x10 obj_zoul/link-stats.o
 .data.neighbor_addr_mem
                0x200041b0        0xc obj_zoul/nbr-table.o
 .data.bufmem   0x200041bc        0xc obj_zoul/queuebuf.o
 .data.buframmem
                0x200041c8        0xc obj_zoul/queuebuf.o
 .data.metadata_memb
                0x200041d4        0xc obj_zoul/csma.o
 .data.neighbor_memb
                0x200041e0        0xc obj_zoul/csma.o
 .data.packet_memb
                0x200041ec        0xc obj_zoul/csma.o
 .data.border_router_process
                0x200041f8       0x10 border-router.co
                0x200041f8                border_router_process
 .data.webserver_nogui_process
                0x20004208       0x10 border-router.co
                0x20004208                webserver_nogui_process
 .data.conns    0x20004218        0xc obj_zoul/httpd-simple.o
 .data.mac_pan_id
                0x20004224        0x2 obj_zoul/frame802154.o
 .data.send_on_cca
                0x20004226        0x1 obj_zoul/cc2538-rf.o
 .data.rf_channel
                0x20004227        0x1 obj_zoul/cc2538-rf.o
 .data.dao_sequence
                0x20004228        0x1 obj_zoul/rpl-icmp6.o
                0x20004229                _edata = .
                0x0020dd08                _ldata = LOADADDR (.data)

.igot.plt       0x2000422c        0x0 load address 0x0020def1
 .igot.plt      0x00000000        0x0 obj_zoul/startup-gcc.o

.ARM.exidx      0x0020def4        0x8
 *(SORT(.ARM.exidx*))
 .ARM.exidx     0x0020def4        0x8 /usr/bin/../lib/gcc/arm-none-eabi/4.9.3/armv7-m/libgcc.a(_divdi3.o)
 .ARM.exidx     0x0020defc        0x0 /usr/bin/../lib/gcc/arm-none-eabi/4.9.3/armv7-m/libgcc.a(_udivdi3.o)
                                  0x8 (size before relaxing)

.bss            0x20004230     0x2310
                0x20004230                _bss = .
 *(SORT(.bss*))
 .bss.rt_ticks_startup
                0x20004230        0x8 obj_zoul/clock.o
 .bss.rt_ticks_epoch
                0x20004238        0x8 obj_zoul/clock.o
 .bss.press_counter
                0x20004240       0x20 obj_zoul/button-sensor.o
 .bss.debouncetimer
                0x20004260        0x8 obj_zoul/button-sensor.o
 .bss.press_duration
                0x20004268        0x4 obj_zoul/button-sensor.o
 .bss.next_trigger
                0x2000426c        0x4 obj_zoul/rtimer-arch.o
 .bss.input_handler
                0x20004270        0x8 obj_zoul/uart.o
 .bss.gpio_callbacks
                0x20004278       0x80 obj_zoul/gpio.o
 .bss.ioc_sel   0x200042f8        0x4 obj_zoul/ioc.o
 .bss.ioc_over  0x200042fc        0x4 obj_zoul/ioc.o
 .bss.notification_process
                0x20004300        0x4 obj_zoul/crypto.o
 .bss.periph_permit_pm1_funcs
                0x20004304       0x14 obj_zoul/lpm.o
 .bss.notification_process
                0x20004318        0x4 obj_zoul/pka.o
 .bss.input_callback
                0x2000431c        0x4 obj_zoul/slip.o
 .bss.ctimer_list_list
                0x20004320        0x4 obj_zoul/ctimer.o
 .bss.timerlist
                0x20004324        0x4 obj_zoul/etimer.o
 .bss.next_expiration
                0x20004328        0x4 obj_zoul/etimer.o
 .bss.process_current
                0x2000432c        0x4 obj_zoul/process.o
                0x2000432c                process_current
 .bss.process_list
                0x20004330        0x4 obj_zoul/process.o
                0x20004330                process_list
 .bss.events    0x20004334      0x180 obj_zoul/process.o
 .bss.next_rtimer
                0x200044b4        0x4 obj_zoul/rtimer.o
 .bss.rxbuf     0x200044b8        0x8 obj_zoul/serial-line.o
 .bss.ptr.5178  0x200044c0        0x4 obj_zoul/serial-line.o
 .bss.events.5194
                0x200044c4        0x4 obj_zoul/sensors.o
 .bss.i.5193    0x200044c8        0x4 obj_zoul/sensors.o
 .bss.context   0x200044cc        0x4 obj_zoul/sicslowpan.o
 .bss.last_rssi
                0x200044d0        0x4 obj_zoul/sicslowpan.o
 .bss.hc06_ptr  0x200044d4        0x4 obj_zoul/sicslowpan.o
 .bss.packetbuf_ptr
                0x200044d8        0x4 obj_zoul/sicslowpan.o
 .bss.packetbuf_payload_len
                0x200044dc        0x4 obj_zoul/sicslowpan.o
 .bss.last_tx_status
                0x200044e0        0x4 obj_zoul/sicslowpan.o
 .bss.callback  0x200044e4        0x4 obj_zoul/sicslowpan.o
 .bss.frag_info
                0x200044e8      0x170 obj_zoul/sicslowpan.o
 .bss.locmaddr  0x20004658        0x4 obj_zoul/uip-ds6.o
 .bss.locprefix
                0x2000465c        0x4 obj_zoul/uip-ds6.o
 .bss.locaddr   0x20004660        0x4 obj_zoul/uip-ds6.o
 .bss.defaultroutermemb_memb_mem
                0x20004664       0x40 obj_zoul/uip-ds6-route.o
 .bss.num_routes
                0x200046a4        0x4 obj_zoul/uip-ds6-route.o
 .bss.defaultrouterlist_list
                0x200046a8        0x4 obj_zoul/uip-ds6-route.o
 .bss._nbr_routes_mem
                0x200046ac       0x80 obj_zoul/uip-ds6-route.o
 .bss.routelist_list
                0x2000472c        0x4 obj_zoul/uip-ds6-route.o
 .bss.routememb_memb_mem
                0x20004730      0x280 obj_zoul/uip-ds6-route.o
 .bss.neighborroutememb_memb_mem
                0x200049b0       0x80 obj_zoul/uip-ds6-route.o
 .bss.notificationlist_list
                0x20004a30        0x4 obj_zoul/uip-ds6-route.o
 .bss.echo_reply_callback_list_list
                0x20004a34        0x4 obj_zoul/uip-icmp6.o
 .bss.input_handler_list_list
                0x20004a38        0x4 obj_zoul/uip-icmp6.o
 .bss.nbr       0x20004a3c        0x4 obj_zoul/uip-nd6.o
 .bss.nd6_opt_llao
                0x20004a40        0x4 obj_zoul/uip-nd6.o
 .bss.addr      0x20004a44        0x4 obj_zoul/uip-nd6.o
 .bss.s         0x20004a48       0x44 obj_zoul/tcpip.o
 .bss.periodic  0x20004a8c       0x10 obj_zoul/tcpip.o
 .bss.outputfunc
                0x20004a9c        0x4 obj_zoul/tcpip.o
 .bss._rpl_parents_mem
                0x20004aa0       0x80 obj_zoul/rpl-dag.o
 .bss.periodic_timer
                0x20004b20       0x20 obj_zoul/rpl-nbr-policy.o
 .bss.timer_init
                0x20004b40        0x4 obj_zoul/rpl-nbr-policy.o
 .bss.num_children
                0x20004b44        0x4 obj_zoul/rpl-nbr-policy.o
 .bss.worst_rank_nbr
                0x20004b48        0x4 obj_zoul/rpl-nbr-policy.o
 .bss.num_free  0x20004b4c        0x4 obj_zoul/rpl-nbr-policy.o
 .bss.num_parents
                0x20004b50        0x4 obj_zoul/rpl-nbr-policy.o
 .bss.periodic_timer
                0x20004b54       0x20 obj_zoul/rpl-timers.o
 .bss._link_stats_mem
                0x20004b74       0xc0 obj_zoul/link-stats.o
 .bss.nbr_table_keys_list
                0x20004c34        0x4 obj_zoul/nbr-table.o
 .bss.neighbor_addr_mem_memb_mem
                0x20004c38       0xc0 obj_zoul/nbr-table.o
 .bss.all_tables
                0x20004cf8       0x20 obj_zoul/nbr-table.o
 .bss.num_tables
                0x20004d18        0x4 obj_zoul/nbr-table.o
 .bss.packetbuf_aligned
                0x20004d1c       0x80 obj_zoul/packetbuf.o
 .bss.bufmem_memb_mem
                0x20004d9c       0x10 obj_zoul/queuebuf.o
 .bss.neighbor_list_list
                0x20004dac        0x4 obj_zoul/csma.o
 .bss.metadata_memb_memb_mem
                0x20004db0       0x30 obj_zoul/csma.o
 .bss.packet_memb_memb_mem
                0x20004de0       0x30 obj_zoul/csma.o
 .bss.neighbor_memb_memb_mem
                0x20004e10       0x70 obj_zoul/csma.o
 .bss.received_seqnos
                0x20004e80      0x100 obj_zoul/mac-sequence.o
 .bss.r.8760    0x20004f80        0x4 border-router.co
 .bss.et.8800   0x20004f84       0x10 border-router.co
 .bss.nbr.8761  0x20004f94        0x4 border-router.co
 .bss.blen      0x20004f98        0x4 border-router.co
 .bss.conns_memb_mem
                0x20004f9c       0xf0 obj_zoul/httpd-simple.o
 .bss.next_free
                0x2000508c        0x2 obj_zoul/slip.o
 .bss.pkt_end   0x2000508e        0x2 obj_zoul/slip.o
 .bss.begin     0x20005090        0x2 obj_zoul/slip.o
 .bss.my_tag    0x20005092        0x2 obj_zoul/sicslowpan.o
 .bss.lastport  0x20005094        0x2 obj_zoul/uip6.o
 .bss.loc_fipaddr
                0x20005096       0x10 obj_zoul/uip-ds6.o
 .bss._ds6_neighbors_mem
                0x200050a6      0x120 obj_zoul/uip-ds6-nbr.o
 .bss.tmp_ipaddr
                0x200051c6       0x10 obj_zoul/uip-icmp6.o
 .bss.worst_rank
                0x200051d6        0x2 obj_zoul/rpl-nbr-policy.o
 .bss.next_dis  0x200051d8        0x2 obj_zoul/rpl-timers.o
 .bss.buflen    0x200051da        0x2 obj_zoul/packetbuf.o
 .bss.bufptr    0x200051dc        0x2 obj_zoul/packetbuf.o
 .bss.buframmem_memb_mem
                0x200051de      0x2c0 obj_zoul/queuebuf.o
 .bss.seqno.6751
                0x2000549e        0x2 obj_zoul/csma.o
 .bss.prefix    0x200054a0       0x10 border-router.co
 .bss.last_sender
                0x200054b0       0x10 obj_zoul/slip-bridge.o
 .bss.leds      0x200054c0        0x1 obj_zoul/leds.o
 .bss.press_event_counter
                0x200054c1        0x1 obj_zoul/button-sensor.o
 .bss.initialized
                0x200054c2        0x1 obj_zoul/antenna-sw.o
 .bss.crc_corr  0x200054c3        0x1 obj_zoul/cc2538-rf.o
 .bss.rssi      0x200054c4        0x1 obj_zoul/cc2538-rf.o
 .bss.poll_mode
                0x200054c5        0x1 obj_zoul/cc2538-rf.o
 .bss.rf_flags  0x200054c6        0x1 obj_zoul/cc2538-rf.o
 .bss.max_pm    0x200054c7        0x1 obj_zoul/lpm.o
 .bss.debug_frame.5936
                0x200054c8        0x1 obj_zoul/dbg.o
 .bss.state     0x200054c9        0x1 obj_zoul/slip.o
 .bss.rxbuf     0x200054ca      0x110 obj_zoul/slip.o
 .bss.initialized
                0x200055da        0x1 obj_zoul/ctimer.o
 .bss.fevent    0x200055db        0x1 obj_zoul/process.o
 .bss.nevents   0x200055dc        0x1 obj_zoul/process.o
 .bss.poll_requested
                0x200055dd        0x1 obj_zoul/process.o
 .bss.lastevent
                0x200055de        0x1 obj_zoul/process.o
 .bss.rxbuf_data
                0x200055df       0x80 obj_zoul/serial-line.o
 .bss.overflow.5171
                0x2000565f        0x1 obj_zoul/serial-line.o
 .bss.buf.5177  0x20005660       0x80 obj_zoul/serial-line.o
 .bss.num_sensors
                0x200056e0        0x1 obj_zoul/sensors.o
 .bss.uncomp_hdr_len
                0x200056e1        0x1 obj_zoul/sicslowpan.o
 .bss.addr_contexts
                0x200056e2        0xa obj_zoul/sicslowpan.o
 .bss.frag_buf  0x200056ec      0x54c obj_zoul/sicslowpan.o
 .bss.packetbuf_hdr_len
                0x20005c38        0x1 obj_zoul/sicslowpan.o
 .bss.uip_ext_len
                0x20005c39        0x1 obj_zoul/uip6.o
                0x20005c39                uip_ext_len
 .bss.uip_ext_bitmap
                0x20005c3a        0x1 obj_zoul/uip6.o
                0x20005c3a                uip_ext_bitmap
 .bss.iss       0x20005c3b        0x4 obj_zoul/uip6.o
 .bss.uip_ext_opt_offset
                0x20005c3f        0x1 obj_zoul/uip6.o
                0x20005c3f                uip_ext_opt_offset
 .bss.defaultroutermemb_memb_count
                0x20005c40        0x2 obj_zoul/uip-ds6-route.o
 .bss.neighborroutememb_memb_count
                0x20005c42       0x10 obj_zoul/uip-ds6-route.o
 .bss.routememb_memb_count
                0x20005c52       0x10 obj_zoul/uip-ds6-route.o
 .bss.nd6_opt_offset
                0x20005c62        0x1 obj_zoul/uip-nd6.o
 .bss.mode      0x20005c63        0x1 obj_zoul/rpl.o
 .bss.dio_send_ok
                0x20005c64        0x1 obj_zoul/rpl-timers.o
 .bss.neighbor_addr_mem_memb_count
                0x20005c65       0x10 obj_zoul/nbr-table.o
 .bss.locked_map
                0x20005c75       0x10 obj_zoul/nbr-table.o
 .bss.used_map  0x20005c85       0x10 obj_zoul/nbr-table.o
 .bss.hdrlen    0x20005c95        0x1 obj_zoul/packetbuf.o
 .bss.buframmem_memb_count
                0x20005c96        0x4 obj_zoul/queuebuf.o
 .bss.bufmem_memb_count
                0x20005c9a        0x4 obj_zoul/queuebuf.o
 .bss.metadata_memb_memb_count
                0x20005c9e        0x4 obj_zoul/csma.o
 .bss.initialized.6750
                0x20005ca2        0x1 obj_zoul/csma.o
 .bss.packet_memb_memb_count
                0x20005ca3        0x4 obj_zoul/csma.o
 .bss.neighbor_memb_memb_count
                0x20005ca7        0x2 obj_zoul/csma.o
 .bss.mac_dsn   0x20005ca9        0x1 obj_zoul/framer-802154.o
 .bss.initialized
                0x20005caa        0x1 obj_zoul/framer-802154.o
 .bss.prefix_set
                0x20005cab        0x1 border-router.co
 .bss.buf       0x20005cac      0x100 border-router.co
 .bss.conns_memb_count
                0x20005dac        0x2 obj_zoul/httpd-simple.o
 *(SORT(COMMON))
 *fill*         0x20005dae        0x2 
 COMMON         0x20005db0      0x464 obj_zoul/uip6.o
                0x20005db0                uip_len
                0x20005db4                uip_sappdata
                0x20005db8                uip_acc32
                0x20005dbc                uip_lladdr
                0x20005dc4                uip_aligned_buf
                0x20005ec4                uip_flags
                0x20005ec8                uip_next_hdr
                0x20005ecc                uip_udp_conn
                0x20005ed0                uip_appdata
                0x20005ed4                uip_conn
                0x20005ed8                uip_conns
                0x200060b8                uip_icmp6_conns
                0x200060c0                uip_listenports
                0x200060d0                uip_slen
                0x200060d4                uip_udp_conns
 COMMON         0x20006214      0x174 obj_zoul/uip-ds6.o
                0x20006214                uip_ds6_timer_ra
                0x2000621c                uip_ds6_if
                0x20006314                uip_ds6_netif_addr_list_offset
                0x20006315                uip_ds6_addr_size
                0x20006318                uip_ds6_prefix_list
                0x20006378                uip_ds6_timer_periodic
 COMMON         0x20006388      0x158 obj_zoul/rpl-dag.o
                0x20006388                default_instance
                0x2000638c                instance_table
 COMMON         0x200064e0       0x20 obj_zoul/link-stats.o
                0x200064e0                periodic_timer
 COMMON         0x20006500       0x2e obj_zoul/packetbuf.o
                0x20006500                packetbuf_addrs
                0x20006510                packetbuf_attrs
 COMMON         0x2000652e        0x1 obj_zoul/button-sensor.o
                0x2000652e                button_press_duration_exceeded
 COMMON         0x2000652f        0x4 obj_zoul/zoul-sensors.o
                0x2000652f                sensors_flags
 COMMON         0x20006533        0x1 obj_zoul/slip.o
                0x20006533                slip_active
 COMMON         0x20006534        0x1 obj_zoul/serial-line.o
                0x20006534                serial_line_event_message
 COMMON         0x20006535        0x1 obj_zoul/sensors.o
                0x20006535                sensors_event
 COMMON         0x20006536        0x2 obj_zoul/tcpip.o
                0x20006536                tcpip_event
                0x20006537                tcpip_icmp6_event
 COMMON         0x20006538        0x8 obj_zoul/linkaddr.o
                0x20006538                linkaddr_node_addr
                0x20006540                _ebss = .

.stack          0x20006540      0x800
 *(SORT(.stack))
 .stack         0x20006540      0x800 obj_zoul/startup-gcc.o
                0x20006d40                _heap = .
                0x20008000                _eheap = (ORIGIN (FRSRAM) + 0x4000)

.nrdata         0x20000000        0x0
                0x20000000                _nrdata = .
 *(SORT(.nrdata*))
                0x20000000                _enrdata = .

.flashcca       0x0027ffd4       0x2c
 *(SORT(.flashcca))
 .flashcca      0x0027ffd4       0x2c obj_zoul/startup-gcc.o
                0x0027ffd4                flash_cca_lock_page
OUTPUT(border-router.elf elf32-littlearm)

.rel.dyn        0x00280000        0x0
 .rel.iplt      0x00000000        0x0 obj_zoul/startup-gcc.o

.comment        0x00000000       0x70
 .comment       0x00000000       0x70 obj_zoul/startup-gcc.o
                                 0x71 (size before relaxing)
 .comment       0x00000000       0x71 obj_zoul/contiki-main.o
 .comment       0x00000000       0x71 obj_zoul/leds.o
 .comment       0x00000000       0x71 obj_zoul/button-sensor.o
 .comment       0x00000000       0x71 obj_zoul/zoul-sensors.o
 .comment       0x00000000       0x71 obj_zoul/board.o
 .comment       0x00000000       0x71 obj_zoul/antenna-sw.o
 .comment       0x00000000       0x71 obj_zoul/leds-res-arch.o
 .comment       0x00000000       0x71 obj_zoul/soc.o
 .comment       0x00000000       0x71 obj_zoul/clock.o
 .comment       0x00000000       0x71 obj_zoul/rtimer-arch.o
 .comment       0x00000000       0x71 obj_zoul/uart.o
 .comment       0x00000000       0x71 obj_zoul/watchdog.o
 .comment       0x00000000       0x71 obj_zoul/nvic.o
 .comment       0x00000000       0x71 obj_zoul/sys-ctrl.o
 .comment       0x00000000       0x71 obj_zoul/gpio.o
 .comment       0x00000000       0x71 obj_zoul/ioc.o
 .comment       0x00000000       0x71 obj_zoul/adc.o
 .comment       0x00000000       0x71 obj_zoul/crypto.o
 .comment       0x00000000       0x71 obj_zoul/cc2538-rf.o
 .comment       0x00000000       0x71 obj_zoul/udma.o
 .comment       0x00000000       0x71 obj_zoul/lpm.o
 .comment       0x00000000       0x71 obj_zoul/pka.o
 .comment       0x00000000       0x71 obj_zoul/dbg.o
 .comment       0x00000000       0x71 obj_zoul/ieee-addr.o
 .comment       0x00000000       0x71 obj_zoul/slip-arch.o
 .comment       0x00000000       0x71 obj_zoul/slip.o
 .comment       0x00000000       0x71 obj_zoul/cc2538-temp-sensor.o
 .comment       0x00000000       0x71 obj_zoul/vdd3-sensor.o
 .comment       0x00000000       0x71 obj_zoul/dbg-printf.o
 .comment       0x00000000       0x71 obj_zoul/dbg-snprintf.o
 .comment       0x00000000       0x71 obj_zoul/strformat.o
 .comment       0x00000000       0x71 obj_zoul/autostart.o
 .comment       0x00000000       0x71 obj_zoul/ctimer.o
 .comment       0x00000000       0x71 obj_zoul/energest.o
 .comment       0x00000000       0x71 obj_zoul/etimer.o
 .comment       0x00000000       0x71 obj_zoul/process.o
 .comment       0x00000000       0x71 obj_zoul/rtimer.o
 .comment       0x00000000       0x71 obj_zoul/stimer.o
 .comment       0x00000000       0x71 obj_zoul/timer.o
 .comment       0x00000000       0x71 obj_zoul/serial-line.o
 .comment       0x00000000       0x71 obj_zoul/list.o
 .comment       0x00000000       0x71 obj_zoul/memb.o
 .comment       0x00000000       0x71 obj_zoul/random.o
 .comment       0x00000000       0x71 obj_zoul/ringbuf.o
 .comment       0x00000000       0x71 obj_zoul/sensors.o
 .comment       0x00000000       0x71 obj_zoul/sicslowpan.o
 .comment       0x00000000       0x71 obj_zoul/uip6.o
 .comment       0x00000000       0x71 obj_zoul/uip-ds6.o
 .comment       0x00000000       0x71 obj_zoul/uip-ds6-nbr.o
 .comment       0x00000000       0x71 obj_zoul/uip-ds6-route.o
 .comment       0x00000000       0x71 obj_zoul/uip-icmp6.o
 .comment       0x00000000       0x71 obj_zoul/uip-nd6.o
 .comment       0x00000000       0x71 obj_zoul/psock.o
 .comment       0x00000000       0x71 obj_zoul/tcpip.o
 .comment       0x00000000       0x71 obj_zoul/uip-debug.o
 .comment       0x00000000       0x71 obj_zoul/rpl.o
 .comment       0x00000000       0x71 obj_zoul/rpl-dag.o
 .comment       0x00000000       0x71 obj_zoul/rpl-ext-header.o
 .comment       0x00000000       0x71 obj_zoul/rpl-icmp6.o
 .comment       0x00000000       0x71 obj_zoul/rpl-mrhof.o
 .comment       0x00000000       0x71 obj_zoul/rpl-nbr-policy.o
 .comment       0x00000000       0x71 obj_zoul/rpl-timers.o
 .comment       0x00000000       0x71 obj_zoul/mtarch.o
 .comment       0x00000000       0x71 obj_zoul/linkaddr.o
 .comment       0x00000000       0x71 obj_zoul/link-stats.o
 .comment       0x00000000       0x71 obj_zoul/nbr-table.o
 .comment       0x00000000       0x71 obj_zoul/netstack.o
 .comment       0x00000000       0x71 obj_zoul/packetbuf.o
 .comment       0x00000000       0x71 obj_zoul/queuebuf.o